Component: ARM Compiler 5.06 update 7 (build 960) Tool: armlink [4d3601]

==============================================================================

Section Cross References

    startup_stm32f407xx.o(RESET) refers to startup_stm32f407xx.o(STACK) for __initial_sp
    startup_stm32f407xx.o(RESET) refers to startup_stm32f407xx.o(.text) for Reset_Handler
    startup_stm32f407xx.o(RESET) refers to stm32f4xx_it.o(i.NMI_Handler) for NMI_Handler
    startup_stm32f407xx.o(RESET) refers to stm32f4xx_it.o(i.HardFault_Handler) for HardFault_Handler
    startup_stm32f407xx.o(RESET) refers to stm32f4xx_it.o(i.MemManage_Handler) for MemManage_Handler
    startup_stm32f407xx.o(RESET) refers to stm32f4xx_it.o(i.BusFault_Handler) for BusFault_Handler
    startup_stm32f407xx.o(RESET) refers to stm32f4xx_it.o(i.UsageFault_Handler) for UsageFault_Handler
    startup_stm32f407xx.o(RESET) refers to stm32f4xx_it.o(i.SVC_Handler) for SVC_Handler
    startup_stm32f407xx.o(RESET) refers to stm32f4xx_it.o(i.DebugMon_Handler) for DebugMon_Handler
    startup_stm32f407xx.o(RESET) refers to stm32f4xx_it.o(i.PendSV_Handler) for PendSV_Handler
    startup_stm32f407xx.o(RESET) refers to stm32f4xx_it.o(i.SysTick_Handler) for SysTick_Handler
    startup_stm32f407xx.o(RESET) refers to stm32f4xx_it.o(i.TIM1_UP_TIM10_IRQHandler) for TIM1_UP_TIM10_IRQHandler
    startup_stm32f407xx.o(RESET) refers to stm32f4xx_it.o(i.UART4_IRQHandler) for UART4_IRQHandler
    startup_stm32f407xx.o(RESET) refers to stm32f4xx_it.o(i.DMA2_Stream3_IRQHandler) for DMA2_Stream3_IRQHandler
    startup_stm32f407xx.o(RESET) refers to stm32f4xx_it.o(i.OTG_FS_IRQHandler) for OTG_FS_IRQHandler
    startup_stm32f407xx.o(RESET) refers to stm32f4xx_it.o(i.DMA2_Stream6_IRQHandler) for DMA2_Stream6_IRQHandler
    startup_stm32f407xx.o(.text) refers to system_stm32f4xx.o(i.SystemInit) for SystemInit
    startup_stm32f407xx.o(.text) refers to entry.o(.ARM.Collect$$$$00000000) for __main
    main.o(i.HAL_TIM_PeriodElapsedCallback) refers to stm32f4xx_hal_gpio.o(i.HAL_GPIO_WritePin) for HAL_GPIO_WritePin
    main.o(i.HAL_TIM_PeriodElapsedCallback) refers to main.o(.data) for .data
    main.o(i.SystemClock_Config) refers to memseta.o(.text) for __aeabi_memclr4
    main.o(i.SystemClock_Config) refers to stm32f4xx_hal_rcc.o(i.HAL_RCC_OscConfig) for HAL_RCC_OscConfig
    main.o(i.SystemClock_Config) refers to stm32f4xx_hal_rcc.o(i.HAL_RCC_ClockConfig) for HAL_RCC_ClockConfig
    main.o(i.app_is_valid) refers to printf8.o(i.__0printf$8) for __2printf
    main.o(i.fputc) refers to stm32f4xx_hal_uart.o(i.HAL_UART_Transmit) for HAL_UART_Transmit
    main.o(i.fputc) refers to usart.o(.bss) for huart4
    main.o(i.jump_to_app) refers to printf8.o(i.__0printf$8) for __2printf
    main.o(i.jump_to_app) refers to memcpya.o(.text) for __aeabi_memcpy
    main.o(i.jump_to_app) refers to stm32f4xx_hal_rcc_ex.o(i.HAL_RCC_DeInit) for HAL_RCC_DeInit
    main.o(i.main) refers to stm32f4xx_hal.o(i.HAL_Init) for HAL_Init
    main.o(i.main) refers to main.o(i.SystemClock_Config) for SystemClock_Config
    main.o(i.main) refers to gpio.o(i.MX_GPIO_Init) for MX_GPIO_Init
    main.o(i.main) refers to dma.o(i.MX_DMA_Init) for MX_DMA_Init
    main.o(i.main) refers to usart.o(i.MX_UART4_Init) for MX_UART4_Init
    main.o(i.main) refers to crc.o(i.MX_CRC_Init) for MX_CRC_Init
    main.o(i.main) refers to tim.o(i.MX_TIM1_Init) for MX_TIM1_Init
    main.o(i.main) refers to rtc.o(i.MX_RTC_Init) for MX_RTC_Init
    main.o(i.main) refers to fatfs.o(i.MX_FATFS_Init) for MX_FATFS_Init
    main.o(i.main) refers to usb_device.o(i.MX_USB_DEVICE_Init) for MX_USB_DEVICE_Init
    main.o(i.main) refers to sdio.o(i.MX_SDIO_SD_Init_Fix) for MX_SDIO_SD_Init_Fix
    main.o(i.main) refers to dwt_delay.o(i.dwt_delay_init) for dwt_delay_init
    main.o(i.main) refers to printf8.o(i.__0printf$8) for __2printf
    main.o(i.main) refers to flash_if.o(i.FLASH_If_Init) for FLASH_If_Init
    main.o(i.main) refers to common.o(i.Common_Init) for Common_Init
    main.o(i.main) refers to stm32f4xx_hal_tim.o(i.HAL_TIM_Base_Start_IT) for HAL_TIM_Base_Start_IT
    main.o(i.main) refers to main.o(i.power_on_check) for power_on_check
    main.o(i.main) refers to tim.o(.bss) for htim1
    main.o(i.power_on_check) refers to printf8.o(i.__0printf$8) for __2printf
    main.o(i.power_on_check) refers to ff.o(i.f_mount) for f_mount
    main.o(i.power_on_check) refers to stm32f4xx_hal.o(i.HAL_GetTick) for HAL_GetTick
    main.o(i.power_on_check) refers to stm32f4xx_hal_sd.o(i.HAL_SD_GetCardState) for HAL_SD_GetCardState
    main.o(i.power_on_check) refers to stm32f4xx_hal.o(i.HAL_Delay) for HAL_Delay
    main.o(i.power_on_check) refers to stm32f4xx_hal_uart.o(i.HAL_UART_Receive) for HAL_UART_Receive
    main.o(i.power_on_check) refers to main.o(i.show_sdcard_info) for show_sdcard_info
    main.o(i.power_on_check) refers to main.o(i.app_is_valid) for app_is_valid
    main.o(i.power_on_check) refers to main.o(i.jump_to_app) for jump_to_app
[...]
    HAL_TIMEx_BreakCallback                  0x080032a5   Thumb Code     2  stm32f4xx_hal_tim_ex.o(i.HAL_TIMEx_BreakCallback)
    HAL_TIMEx_CommutCallback                 0x080032a7   Thumb Code     2  stm32f4xx_hal_tim_ex.o(i.HAL_TIMEx_CommutCallback)
    HAL_TIMEx_MasterConfigSynchronization    0x080032a9   Thumb Code   116  stm32f4xx_hal_tim_ex.o(i.HAL_TIMEx_MasterConfigSynchronization)
    HAL_TIM_Base_Init                        0x08003339   Thumb Code    90  stm32f4xx_hal_tim.o(i.HAL_TIM_Base_Init)
    HAL_TIM_Base_MspInit                     0x08003395   Thumb Code    50  tim.o(i.HAL_TIM_Base_MspInit)
    HAL_TIM_Base_Start_IT                    0x080033d1   Thumb Code   100  stm32f4xx_hal_tim.o(i.HAL_TIM_Base_Start_IT)
    HAL_TIM_ConfigClockSource                0x08003451   Thumb Code   220  stm32f4xx_hal_tim.o(i.HAL_TIM_ConfigClockSource)
    HAL_TIM_IC_CaptureCallback               0x0800352d   Thumb Code     2  stm32f4xx_hal_tim.o(i.HAL_TIM_IC_CaptureCallback)
    HAL_TIM_IRQHandler                       0x0800352f   Thumb Code   304  stm32f4xx_hal_tim.o(i.HAL_TIM_IRQHandler)
    HAL_TIM_OC_DelayElapsedCallback          0x0800365f   Thumb Code     2  stm32f4xx_hal_tim.o(i.HAL_TIM_OC_DelayElapsedCallback)
    HAL_TIM_PWM_PulseFinishedCallback        0x08003661   Thumb Code     2  stm32f4xx_hal_tim.o(i.HAL_TIM_PWM_PulseFinishedCallback)
    HAL_TIM_PeriodElapsedCallback            0x08003665   Thumb Code    66  main.o(i.HAL_TIM_PeriodElapsedCallback)
    HAL_TIM_TriggerCallback                  0x080036b5   Thumb Code     2  stm32f4xx_hal_tim.o(i.HAL_TIM_TriggerCallback)
    HAL_UARTEx_RxEventCallback               0x080036b7   Thumb Code     2  stm32f4xx_hal_uart.o(i.HAL_UARTEx_RxEventCallback)
    HAL_UART_ErrorCallback                   0x080036b9   Thumb Code     2  stm32f4xx_hal_uart.o(i.HAL_UART_ErrorCallback)
    HAL_UART_IRQHandler                      0x080036bd   Thumb Code   636  stm32f4xx_hal_uart.o(i.HAL_UART_IRQHandler)
    HAL_UART_Init                            0x0800393d   Thumb Code   100  stm32f4xx_hal_uart.o(i.HAL_UART_Init)
    HAL_UART_MspInit                         0x080039a1   Thumb Code   106  usart.o(i.HAL_UART_MspInit)
    HAL_UART_Receive                         0x08003a19   Thumb Code   176  stm32f4xx_hal_uart.o(i.HAL_UART_Receive)
    HAL_UART_RxCpltCallback                  0x08003ac9   Thumb Code     2  stm32f4xx_hal_uart.o(i.HAL_UART_RxCpltCallback)
    HAL_UART_Transmit                        0x08003acb   Thumb Code   160  stm32f4xx_hal_uart.o(i.HAL_UART_Transmit)
    HAL_UART_TxCpltCallback                  0x08003b6b   Thumb Code     2  stm32f4xx_hal_uart.o(i.HAL_UART_TxCpltCallback)
    HardFault_Handler                        0x08003b6d   Thumb Code     2  stm32f4xx_it.o(i.HardFault_Handler)
    Int2Str                                  0x08003b71   Thumb Code    60  common.o(i.Int2Str)
    MSC_BOT_CplClrFeature                    0x08003d31   Thumb Code    72  usbd_msc_bot.o(i.MSC_BOT_CplClrFeature)
    MSC_BOT_DataIn                           0x08003d81   Thumb Code    72  usbd_msc_bot.o(i.MSC_BOT_DataIn)
    MSC_BOT_DataOut                          0x08003dc9   Thumb Code    72  usbd_msc_bot.o(i.MSC_BOT_DataOut)
    MSC_BOT_DeInit                           0x08003e11   Thumb Code    22  usbd_msc_bot.o(i.MSC_BOT_DeInit)
    MSC_BOT_Init                             0x08003e29   Thumb Code   100  usbd_msc_bot.o(i.MSC_BOT_Init)
    MSC_BOT_Reset                            0x08003e95   Thumb Code    70  usbd_msc_bot.o(i.MSC_BOT_Reset)
    MSC_BOT_SendCSW                          0x08003ee5   Thumb Code    78  usbd_msc_bot.o(i.MSC_BOT_SendCSW)
    MX_CRC_Init                              0x08003f41   Thumb Code    28  crc.o(i.MX_CRC_Init)
    MX_DMA_Init                              0x08003f65   Thumb Code    56  dma.o(i.MX_DMA_Init)
    MX_FATFS_Init                            0x08003fa1   Thumb Code    18  fatfs.o(i.MX_FATFS_Init)
    MX_GPIO_Init                             0x08003fbd   Thumb Code   130  gpio.o(i.MX_GPIO_Init)
    MX_RTC_Init                              0x08004049   Thumb Code   120  rtc.o(i.MX_RTC_Init)
    MX_SDIO_SD_Init_Fix                      0x080040c9   Thumb Code    22  sdio.o(i.MX_SDIO_SD_Init_Fix)
    MX_TIM1_Init                             0x080040e9   Thumb Code    98  tim.o(i.MX_TIM1_Init)
    MX_UART4_Init                            0x08004155   Thumb Code    48  usart.o(i.MX_UART4_Init)
    MX_USB_DEVICE_Init                       0x0800418d   Thumb Code    66  usb_device.o(i.MX_USB_DEVICE_Init)
    Main_Menu                                0x080041e1   Thumb Code   250  menu.o(i.Main_Menu)
    MemManage_Handler                        0x080045e1   Thumb Code     2  stm32f4xx_it.o(i.MemManage_Handler)
    NMI_Handler                              0x080045e3   Thumb Code     2  stm32f4xx_it.o(i.NMI_Handler)
    OTG_FS_IRQHandler                        0x080045e5   Thumb Code     6  stm32f4xx_it.o(i.OTG_FS_IRQHandler)
    PendSV_Handler                           0x0800475f   Thumb Code     2  stm32f4xx_it.o(i.PendSV_Handler)
    RTC_ByteToBcd2                           0x08004761   Thumb Code    22  stm32f4xx_hal_rtc.o(i.RTC_ByteToBcd2)
    RTC_EnterInitMode                        0x08004779   Thumb Code    72  stm32f4xx_hal_rtc.o(i.RTC_EnterInitMode)
    RTC_ExitInitMode                         0x080047c1   Thumb Code    42  stm32f4xx_hal_rtc.o(i.RTC_ExitInitMode)
    SCSI_ProcessCmd                          0x08004961   Thumb Code   514  usbd_msc_scsi.o(i.SCSI_ProcessCmd)
    SCSI_SenseCode                           0x080050e5   Thumb Code    94  usbd_msc_scsi.o(i.SCSI_SenseCode)
    SDIO_ConfigData                          0x080053a5   Thumb Code    36  stm32f4xx_ll_sdmmc.o(i.SDIO_ConfigData)
    SDIO_GetPowerState                       0x080053c9   Thumb Code     8  stm32f4xx_ll_sdmmc.o(i.SDIO_GetPowerState)
    SDIO_GetResponse                         0x080053d1   Thumb Code     6  stm32f4xx_ll_sdmmc.o(i.SDIO_GetResponse)
    SDIO_Init                                0x080053d7   Thumb Code    36  stm32f4xx_ll_sdmmc.o(i.SDIO_Init)
    SDIO_PowerState_ON                       0x080053fb   Thumb Code     8  stm32f4xx_ll_sdmmc.o(i.SDIO_PowerState_ON)
    SDIO_ReadFIFO                            0x08005403   Thumb Code     6  stm32f4xx_ll_sdmmc.o(i.SDIO_ReadFIFO)
    SDIO_SendCommand                         0x08005409   Thumb Code    32  stm32f4xx_ll_sdmmc.o(i.SDIO_SendCommand)
    SDIO_WriteFIFO                           0x08005429   Thumb Code    10  stm32f4xx_ll_sdmmc.o(i.SDIO_WriteFIFO)
    SDMMC_CmdAppCommand                      0x08005433   Thumb Code    50  stm32f4xx_ll_sdmmc.o(i.SDMMC_CmdAppCommand)
    SDMMC_CmdAppOperCommand                  0x08005465   Thumb Code    48  stm32f4xx_ll_sdmmc.o(i.SDMMC_CmdAppOperCommand)
    SDMMC_CmdBlockLength                     0x08005499   Thumb Code    50  stm32f4xx_ll_sdmmc.o(i.SDMMC_CmdBlockLength)
    SDMMC_CmdBusWidth                        0x080054cb   Thumb Code    50  stm32f4xx_ll_sdmmc.o(i.SDMMC_CmdBusWidth)
    SDMMC_CmdGoIdleState                     0x080054fd   Thumb Code    74  stm32f4xx_ll_sdmmc.o(i.SDMMC_CmdGoIdleState)
    SDMMC_CmdOperCond                        0x0800554d   Thumb Code    48  stm32f4xx_ll_sdmmc.o(i.SDMMC_CmdOperCond)
    SDMMC_CmdReadMultiBlock                  0x0800557d   Thumb Code    50  stm32f4xx_ll_sdmmc.o(i.SDMMC_CmdReadMultiBlock)
    SDMMC_CmdReadSingleBlock                 0x080055af   Thumb Code    50  stm32f4xx_ll_sdmmc.o(i.SDMMC_CmdReadSingleBlock)
    SDMMC_CmdSelDesel                        0x080055e1   Thumb Code    50  stm32f4xx_ll_sdmmc.o(i.SDMMC_CmdSelDesel)
    SDMMC_CmdSendCID                         0x08005613   Thumb Code    44  stm32f4xx_ll_sdmmc.o(i.SDMMC_CmdSendCID)
    SDMMC_CmdSendCSD                         0x0800563f   Thumb Code    44  stm32f4xx_ll_sdmmc.o(i.SDMMC_CmdSendCSD)
    SDMMC_CmdSendSCR                         0x0800566b   Thumb Code    48  stm32f4xx_ll_sdmmc.o(i.SDMMC_CmdSendSCR)
    SDMMC_CmdSendStatus                      0x0800569b   Thumb Code    50  stm32f4xx_ll_sdmmc.o(i.SDMMC_CmdSendStatus)
    SDMMC_CmdSetRelAdd                       0x080056cd   Thumb Code    48  stm32f4xx_ll_sdmmc.o(i.SDMMC_CmdSetRelAdd)
    SDMMC_CmdStopTransfer                    0x080056fd   Thumb Code    46  stm32f4xx_ll_sdmmc.o(i.SDMMC_CmdStopTransfer)
    SDMMC_CmdWriteMultiBlock                 0x08005731   Thumb Code    50  stm32f4xx_ll_sdmmc.o(i.SDMMC_CmdWriteMultiBlock)
    SDMMC_CmdWriteSingleBlock                0x08005763   Thumb Code    50  stm32f4xx_ll_sdmmc.o(i.SDMMC_CmdWriteSingleBlock)
    SDMMC_GetCmdResp1                        0x08005795   Thumb Code   278  stm32f4xx_ll_sdmmc.o(i.SDMMC_GetCmdResp1)
    SDMMC_GetCmdResp2                        0x080058b5   Thumb Code    76  stm32f4xx_ll_sdmmc.o(i.SDMMC_GetCmdResp2)
    SDMMC_GetCmdResp3                        0x08005905   Thumb Code    62  stm32f4xx_ll_sdmmc.o(i.SDMMC_GetCmdResp3)
    SDMMC_GetCmdResp6                        0x08005949   Thumb Code   130  stm32f4xx_ll_sdmmc.o(i.SDMMC_GetCmdResp6)
    SDMMC_GetCmdResp7                        0x080059d1   Thumb Code    82  stm32f4xx_ll_sdmmc.o(i.SDMMC_GetCmdResp7)
    SD_initialize                            0x08005da5   Thumb Code    24  sd_diskio.o(i.SD_initialize)
    SD_ioctl                                 0x08005dc1   Thumb Code    76  sd_diskio.o(i.SD_ioctl)
    SD_read                                  0x08005e11   Thumb Code   114  sd_diskio.o(i.SD_read)
    SD_status                                0x08005e89   Thumb Code     4  sd_diskio.o(i.SD_status)
    SD_write                                 0x08005e8d   Thumb Code   114  sd_diskio.o(i.SD_write)
    SVC_Handler                              0x08005f95   Thumb Code     2  stm32f4xx_it.o(i.SVC_Handler)
    SerialDownload                           0x08005fa1   Thumb Code   106  menu.o(i.SerialDownload)
    SerialUpload                             0x08006115   Thumb Code    66  menu.o(i.SerialUpload)
    Serial_PutByte                           0x080061e1   Thumb Code    32  common.o(i.Serial_PutByte)
    Serial_PutString                         0x08006205   Thumb Code    24  common.o(i.Serial_PutString)
    Str2Int                                  0x08006221   Thumb Code   184  common.o(i.Str2Int)
    SysTick_Handler                          0x080062d9   Thumb Code     4  stm32f4xx_it.o(i.SysTick_Handler)
    SystemClock_Config                       0x080062dd   Thumb Code   146  main.o(i.SystemClock_Config)
    SystemInit                               0x08006379   Thumb Code    12  system_stm32f4xx.o(i.SystemInit)
    TIM1_UP_TIM10_IRQHandler                 0x08006389   Thumb Code     6  stm32f4xx_it.o(i.TIM1_UP_TIM10_IRQHandler)
    TIM_Base_SetConfig                       0x08006395   Thumb Code   164  stm32f4xx_hal_tim.o(i.TIM_Base_SetConfig)
    TIM_ETR_SetConfig                        0x08006465   Thumb Code    20  stm32f4xx_hal_tim.o(i.TIM_ETR_SetConfig)
    UART4_IRQHandler                         0x080064d1   Thumb Code     6  stm32f4xx_it.o(i.UART4_IRQHandler)
    USBD_ClrClassConfig                      0x0800677b   Thumb Code    20  usbd_core.o(i.USBD_ClrClassConfig)
    USBD_CoreFindEP                          0x0800678f   Thumb Code     4  usbd_core.o(i.USBD_CoreFindEP)
    USBD_CoreFindIF                          0x08006793   Thumb Code     4  usbd_core.o(i.USBD_CoreFindIF)
    USBD_CtlContinueRx                       0x08006797   Thumb Code    16  usbd_ioreq.o(i.USBD_CtlContinueRx)
    USBD_CtlContinueSendData                 0x080067a7   Thumb Code    16  usbd_ioreq.o(i.USBD_CtlContinueSendData)
    USBD_CtlError                            0x080067b7   Thumb Code    22  usbd_ctlreq.o(i.USBD_CtlError)
    USBD_CtlReceiveStatus                    0x080067cd   Thumb Code    22  usbd_ioreq.o(i.USBD_CtlReceiveStatus)
    USBD_CtlSendData                         0x080067e3   Thumb Code    28  usbd_ioreq.o(i.USBD_CtlSendData)
    USBD_CtlSendStatus                       0x080067ff   Thumb Code    22  usbd_ioreq.o(i.USBD_CtlSendStatus)
    USBD_FS_ConfigStrDescriptor              0x08006815   Thumb Code    16  usbd_desc.o(i.USBD_FS_ConfigStrDescriptor)
    USBD_FS_DeviceDescriptor                 0x08006835   Thumb Code     8  usbd_desc.o(i.USBD_FS_DeviceDescriptor)
    USBD_FS_InterfaceStrDescriptor           0x08006841   Thumb Code    16  usbd_desc.o(i.USBD_FS_InterfaceStrDescriptor)
    USBD_FS_LangIDStrDescriptor              0x08006865   Thumb Code     8  usbd_desc.o(i.USBD_FS_LangIDStrDescriptor)
    USBD_FS_ManufacturerStrDescriptor        0x08006871   Thumb Code    16  usbd_desc.o(i.USBD_FS_ManufacturerStrDescriptor)
    USBD_FS_ProductStrDescriptor             0x08006899   Thumb Code    16  usbd_desc.o(i.USBD_FS_ProductStrDescriptor)
    USBD_FS_SerialStrDescriptor              0x080068c1   Thumb Code    48  usbd_desc.o(i.USBD_FS_SerialStrDescriptor)
    USBD_GetEpDesc                           0x080069df   Thumb Code    58  usbd_core.o(i.USBD_GetEpDesc)
    USBD_GetNextDesc                         0x08006a2d   Thumb Code    14  usbd_core.o(i.USBD_GetNextDesc)
    USBD_GetString                           0x08006a3b   Thumb Code    78  usbd_ctlreq.o(i.USBD_GetString)
    USBD_Get_USB_Status                      0x08006a89   Thumb Code    24  usbd_conf.o(i.USBD_Get_USB_Status)
    USBD_Init                                0x08006aa1   Thumb Code    38  usbd_core.o(i.USBD_Init)
    USBD_LL_ClearStallEP                     0x08006ac7   Thumb Code    18  usbd_conf.o(i.USBD_LL_ClearStallEP)
    USBD_LL_CloseEP                          0x08006ad9   Thumb Code    18  usbd_conf.o(i.USBD_LL_CloseEP)
    USBD_LL_DataInStage                      0x08006aeb   Thumb Code   184  usbd_core.o(i.USBD_LL_DataInStage)
    USBD_LL_DataOutStage                     0x08006ba3   Thumb Code   148  usbd_core.o(i.USBD_LL_DataOutStage)
    USBD_LL_DevConnected                     0x08006c37   Thumb Code     4  usbd_core.o(i.USBD_LL_DevConnected)
    USBD_LL_DevDisconnected                  0x08006c3b   Thumb Code    30  usbd_core.o(i.USBD_LL_DevDisconnected)
    USBD_LL_FlushEP                          0x08006c59   Thumb Code    18  usbd_conf.o(i.USBD_LL_FlushEP)
    USBD_LL_GetRxDataSize                    0x08006c6b   Thumb Code     8  usbd_conf.o(i.USBD_LL_GetRxDataSize)
    USBD_LL_Init                             0x08006c75   Thumb Code    90  usbd_conf.o(i.USBD_LL_Init)
    USBD_LL_IsStallEP                        0x08006cd5   Thumb Code    30  usbd_conf.o(i.USBD_LL_IsStallEP)
    USBD_LL_IsoINIncomplete                  0x08006cf3   Thumb Code    40  usbd_core.o(i.USBD_LL_IsoINIncomplete)
    USBD_LL_IsoOUTIncomplete                 0x08006d1b   Thumb Code    40  usbd_core.o(i.USBD_LL_IsoOUTIncomplete)
    USBD_LL_OpenEP                           0x08006d43   Thumb Code    24  usbd_conf.o(i.USBD_LL_OpenEP)
    USBD_LL_PrepareReceive                   0x08006d5b   Thumb Code    18  usbd_conf.o(i.USBD_LL_PrepareReceive)
    USBD_LL_Reset                            0x08006d6d   Thumb Code    94  usbd_core.o(i.USBD_LL_Reset)
    USBD_LL_Resume                           0x08006dcb   Thumb Code    20  usbd_core.o(i.USBD_LL_Resume)
    USBD_LL_SOF                              0x08006ddf   Thumb Code    26  usbd_core.o(i.USBD_LL_SOF)
    USBD_LL_SetSpeed                         0x08006df9   Thumb Code     6  usbd_core.o(i.USBD_LL_SetSpeed)
    USBD_LL_SetUSBAddress                    0x08006dff   Thumb Code    18  usbd_conf.o(i.USBD_LL_SetUSBAddress)
    USBD_LL_SetupStage                       0x08006e11   Thumb Code    96  usbd_core.o(i.USBD_LL_SetupStage)
    USBD_LL_StallEP                          0x08006e71   Thumb Code    18  usbd_conf.o(i.USBD_LL_StallEP)
    USBD_LL_Start                            0x08006e83   Thumb Code    18  usbd_conf.o(i.USBD_LL_Start)
    USBD_LL_Suspend                          0x08006e95   Thumb Code    26  usbd_core.o(i.USBD_LL_Suspend)
    USBD_LL_Transmit                         0x08006eaf   Thumb Code    18  usbd_conf.o(i.USBD_LL_Transmit)
    USBD_MSC_DataIn                          0x08006ec1   Thumb Code    10  usbd_msc.o(i.USBD_MSC_DataIn)
    USBD_MSC_DataOut                         0x08006ecb   Thumb Code    10  usbd_msc.o(i.USBD_MSC_DataOut)
    USBD_MSC_DeInit                          0x08006ed5   Thumb Code   114  usbd_msc.o(i.USBD_MSC_DeInit)
    USBD_MSC_GetDeviceQualifierDescriptor    0x08006f4d   Thumb Code     8  usbd_msc.o(i.USBD_MSC_GetDeviceQualifierDescriptor)
    USBD_MSC_GetFSCfgDesc                    0x08006f59   Thumb Code    40  usbd_msc.o(i.USBD_MSC_GetFSCfgDesc)
    USBD_MSC_GetHSCfgDesc                    0x08006f85   Thumb Code    42  usbd_msc.o(i.USBD_MSC_GetHSCfgDesc)
    USBD_MSC_GetOtherSpeedCfgDesc            0x08006fb5   Thumb Code    40  usbd_msc.o(i.USBD_MSC_GetOtherSpeedCfgDesc)
    USBD_MSC_Init                            0x08006fe1   Thumb Code   170  usbd_msc.o(i.USBD_MSC_Init)
    USBD_MSC_RegisterStorage                 0x08007091   Thumb Code    22  usbd_msc.o(i.USBD_MSC_RegisterStorage)
    USBD_MSC_Setup                           0x080070a7   Thumb Code   226  usbd_msc.o(i.USBD_MSC_Setup)
    USBD_ParseSetupRequest                   0x08007189   Thumb Code    44  usbd_ctlreq.o(i.USBD_ParseSetupRequest)
    USBD_RegisterClass                       0x080071b5   Thumb Code    58  usbd_core.o(i.USBD_RegisterClass)
    USBD_SetClassConfig                      0x080071ef   Thumb Code    20  usbd_core.o(i.USBD_SetClassConfig)
    USBD_Start                               0x080072bd   Thumb Code     4  usbd_core.o(i.USBD_Start)
    USBD_StdDevReq                           0x080072c1   Thumb Code   300  usbd_ctlreq.o(i.USBD_StdDevReq)
    USBD_StdEPReq                            0x080073ed   Thumb Code   358  usbd_ctlreq.o(i.USBD_StdEPReq)
    USBD_StdItfReq                           0x08007553   Thumb Code   114  usbd_ctlreq.o(i.USBD_StdItfReq)
    USBD_static_free                         0x080075c5   Thumb Code     2  usbd_conf.o(i.USBD_static_free)
    USBD_static_malloc                       0x080075c9   Thumb Code     4  usbd_conf.o(i.USBD_static_malloc)
    USB_ActivateEndpoint                     0x080075d1   Thumb Code   122  stm32f4xx_ll_usb.o(i.USB_ActivateEndpoint)
    USB_ActivateSetup                        0x08007651   Thumb Code    28  stm32f4xx_ll_usb.o(i.USB_ActivateSetup)
    USB_CoreInit                             0x0800766d   Thumb Code   126  stm32f4xx_ll_usb.o(i.USB_CoreInit)
    USB_DeactivateEndpoint                   0x08007735   Thumb Code   194  stm32f4xx_ll_usb.o(i.USB_DeactivateEndpoint)
    USB_DevConnect                           0x08007801   Thumb Code    28  stm32f4xx_ll_usb.o(i.USB_DevConnect)
    USB_DevDisconnect                        0x0800781d   Thumb Code    28  stm32f4xx_ll_usb.o(i.USB_DevDisconnect)
    USB_DevInit                              0x08007839   Thumb Code   370  stm32f4xx_ll_usb.o(i.USB_DevInit)
    USB_DisableGlobalInt                     0x080079b5   Thumb Code    12  stm32f4xx_ll_usb.o(i.USB_DisableGlobalInt)
    USB_EP0_OutStart                         0x080079c1   Thumb Code    84  stm32f4xx_ll_usb.o(i.USB_EP0_OutStart)
    USB_EPClearStall                         0x08007a19   Thumb Code    88  stm32f4xx_ll_usb.o(i.USB_EPClearStall)
    USB_EPSetStall                           0x08007a71   Thumb Code    88  stm32f4xx_ll_usb.o(i.USB_EPSetStall)
    USB_EPStartXfer                          0x08007ac9   Thumb Code   562  stm32f4xx_ll_usb.o(i.USB_EPStartXfer)
    USB_EPStopXfer                           0x08007d01   Thumb Code   158  stm32f4xx_ll_usb.o(i.USB_EPStopXfer)
    USB_EnableGlobalInt                      0x08007d9f   Thumb Code    12  stm32f4xx_ll_usb.o(i.USB_EnableGlobalInt)
    USB_FlushRxFifo                          0x08007dab   Thumb Code    56  stm32f4xx_ll_usb.o(i.USB_FlushRxFifo)
    USB_FlushTxFifo                          0x08007de3   Thumb Code    60  stm32f4xx_ll_usb.o(i.USB_FlushTxFifo)
    USB_GetDevSpeed                          0x08007e1f   Thumb Code    26  stm32f4xx_ll_usb.o(i.USB_GetDevSpeed)
    USB_GetMode                              0x08007e39   Thumb Code     8  stm32f4xx_ll_usb.o(i.USB_GetMode)
    USB_ReadDevAllInEpInterrupt              0x08007e41   Thumb Code    14  stm32f4xx_ll_usb.o(i.USB_ReadDevAllInEpInterrupt)
    USB_ReadDevAllOutEpInterrupt             0x08007e4f   Thumb Code    14  stm32f4xx_ll_usb.o(i.USB_ReadDevAllOutEpInterrupt)
    USB_ReadDevInEPInterrupt                 0x08007e5d   Thumb Code    36  stm32f4xx_ll_usb.o(i.USB_ReadDevInEPInterrupt)
    USB_ReadDevOutEPInterrupt                0x08007e81   Thumb Code    16  stm32f4xx_ll_usb.o(i.USB_ReadDevOutEPInterrupt)
    USB_ReadInterrupts                       0x08007e91   Thumb Code     8  stm32f4xx_ll_usb.o(i.USB_ReadInterrupts)
    USB_ReadPacket                           0x08007e99   Thumb Code    62  stm32f4xx_ll_usb.o(i.USB_ReadPacket)
    USB_SetCurrentMode                       0x08007ed7   Thumb Code    92  stm32f4xx_ll_usb.o(i.USB_SetCurrentMode)
    USB_SetDevAddress                        0x08007f33   Thumb Code    34  stm32f4xx_ll_usb.o(i.USB_SetDevAddress)
    USB_SetTurnaroundTime                    0x08007f55   Thumb Code   158  stm32f4xx_ll_usb.o(i.USB_SetTurnaroundTime)
    USB_WritePacket                          0x0800803d   Thumb Code    40  stm32f4xx_ll_usb.o(i.USB_WritePacket)
    UpdateCRC16                              0x08008065   Thumb Code    32  ymodem.o(i.UpdateCRC16)
    UsageFault_Handler                       0x08008085   Thumb Code     2  stm32f4xx_it.o(i.UsageFault_Handler)
    Ymodem_Receive                           0x08008089   Thumb Code   384  ymodem.o(i.Ymodem_Receive)
    Ymodem_Transmit                          0x0800821d   Thumb Code   704  ymodem.o(i.Ymodem_Transmit)
    __0printf$8                              0x080084e5   Thumb Code    22  printf8.o(i.__0printf$8)
    __1printf$8                              0x080084e5   Thumb Code     0  printf8.o(i.__0printf$8)
    __2printf                                0x080084e5   Thumb Code     0  printf8.o(i.__0printf$8)
    __scatterload_copy                       0x08008525   Thumb Code    14  handlers.o(i.__scatterload_copy)
    __scatterload_null                       0x08008533   Thumb Code     2  handlers.o(i.__scatterload_null)
    __scatterload_zeroinit                   0x08008535   Thumb Code    14  handlers.o(i.__scatterload_zeroinit)
    disk_initialize                          0x08009505   Thumb Code    38  diskio.o(i.disk_initialize)
    disk_ioctl                               0x08009531   Thumb Code    24  diskio.o(i.disk_ioctl)
    disk_read                                0x0800954d   Thumb Code    24  diskio.o(i.disk_read)
    disk_status                              0x08009569   Thumb Code    18  diskio.o(i.disk_status)
    disk_write                               0x08009581   Thumb Code    24  diskio.o(i.disk_write)
    dwt_delay_init                           0x0800959d   Thumb Code    26  dwt_delay.o(i.dwt_delay_init)
    f_close                                  0x080095c1   Thumb Code    40  ff.o(i.f_close)
    f_closedir                               0x080095e9   Thumb Code    34  ff.o(i.f_closedir)
    f_getfree                                0x0800960b   Thumb Code   212  ff.o(i.f_getfree)
    f_gets                                   0x080096df   Thumb Code    72  ff.o(i.f_gets)
    f_mount                                  0x08009729   Thumb Code    84  ff.o(i.f_mount)
    f_open                                   0x08009781   Thumb Code   574  ff.o(i.f_open)
    f_opendir                                0x080099c5   Thumb Code   172  ff.o(i.f_opendir)
    f_read                                   0x08009a71   Thumb Code   338  ff.o(i.f_read)
    f_readdir                                0x08009bc3   Thumb Code   102  ff.o(i.f_readdir)
    f_sync                                   0x08009c29   Thumb Code   142  ff.o(i.f_sync)
    fatTest_ReadTXTFile                      0x08009cb9   Thumb Code   124  file_opera.o(i.fatTest_ReadTXTFile)
    fatTest_ScanDir                          0x08009e21   Thumb Code   252  file_opera.o(i.fatTest_ScanDir)
    ff_convert                               0x0800a0b5   Thumb Code    68  cc936.o(i.ff_convert)
    ff_memalloc                              0x0800a101   Thumb Code     4  syscall.o(i.ff_memalloc)
    ff_memfree                               0x0800a105   Thumb Code     4  syscall.o(i.ff_memfree)
    ff_wtoupper                              0x0800a109   Thumb Code   120  cc936.o(i.ff_wtoupper)
    fputc                                    0x0800a451   Thumb Code    26  main.o(i.fputc)
    free                                     0x0800a471   Thumb Code    76  malloc.o(i.free)
    get_fattime                              0x0800a60b   Thumb Code     4  fatfs.o(i.get_fattime)
    main                                     0x0800a9c1   Thumb Code    74  main.o(i.main)
    malloc                                   0x0800aa29   Thumb Code    92  malloc.o(i.malloc)
    show_sdcard_info                         0x0800ae75   Thumb Code   204  main.o(i.show_sdcard_info)
    AHBPrescTable                            0x0800b27a   Data          16  system_stm32f4xx.o(.constdata)
    APBPrescTable                            0x0800b28a   Data           8  system_stm32f4xx.o(.constdata)
    SD_Driver                                0x0800b294   Data          20  sd_diskio.o(.constdata)
    STORAGE_Inquirydata_FS                   0x08035e88   Data          36  usbd_storage_if.o(.constdata)
    Region$$Table$$Base                      0x0803607c   Number         0  anon$$obj.o(Region$$Table)
    Region$$Table$$Limit                     0x0803609c   Number         0  anon$$obj.o(Region$$Table)
    hcrc                                     0x20000004   Data           8  crc.o(.data)
    uwTickFreq                               0x2000000c   Data           1  stm32f4xx_hal.o(.data)
    uwTickPrio                               0x20000010   Data           4  stm32f4xx_hal.o(.data)
    uwTick                                   0x20000014   Data           4  stm32f4xx_hal.o(.data)
    SystemCoreClock                          0x20000018   Data           4  system_stm32f4xx.o(.data)
    FlashProtection                          0x2000001c   Data           4  menu.o(.data)
    flashdestination                         0x20000020   Data           4  ymodem.o(.data)
    retSD                                    0x20000030   Data           1  fatfs.o(.data)
    SDPath                                   0x20000031   Data           4  fatfs.o(.data)
    FS_Desc                                  0x20000040   Data          28  usbd_desc.o(.data)
    USBD_LangIDDesc                          0x2000005c   Data           4  usbd_desc.o(.data)
    USBD_FS_DeviceDesc                       0x20000060   Data          18  usbd_desc.o(.data)
    USBD_StringSerial                        0x20000074   Data          26  usbd_desc.o(.data)
    USBD_Storage_Interface_fops_FS           0x20000090   Data          32  usbd_storage_if.o(.data)
    USBD_MSC                                 0x200000b4   Data          56  usbd_msc.o(.data)
    MSCInEpAdd                               0x200000ec   Data           1  usbd_msc.o(.data)
    MSCOutEpAdd                              0x200000ed   Data           1  usbd_msc.o(.data)
    MSC_Page00_Inquiry_Data                  0x2000011a   Data           6  usbd_msc_data.o(.data)
    MSC_Page80_Inquiry_Data                  0x20000120   Data           8  usbd_msc_data.o(.data)
    MSC_Mode_Sense6_data                     0x20000128   Data           4  usbd_msc_data.o(.data)
    MSC_Mode_Sense10_data                    0x2000012c   Data           8  usbd_msc_data.o(.data)
    MSC_Diagnostic_Data                      0x20000134   Data           8  usbd_msc_data.o(.data)
    __stdout                                 0x2000013c   Data           4  stdout.o(.data)
    __microlib_freelist                      0x20000140   Data           4  mvars.o(.data)
    __microlib_freelist_initialised          0x20000144   Data           4  mvars.o(.data)
    hrtc                                     0x20000148   Data          32  rtc.o(.bss)
    hsd                                      0x20000168   Data         132  sdio.o(.bss)
    hdma_sdio_rx                             0x200001ec   Data          96  sdio.o(.bss)
    hdma_sdio_tx                             0x2000024c   Data          96  sdio.o(.bss)
    htim1                                    0x200002ac   Data          72  tim.o(.bss)
    huart4                                   0x200002f4   Data          72  usart.o(.bss)
    pFlash                                   0x2000033c   Data          32  stm32f4xx_hal_flash.o(.bss)
    UartHandle                               0x2000035c   Data          72  common.o(.bss)
    aFileName                                0x200003a4   Data          64  menu.o(.bss)
    aPacketData                              0x200003e4   Data        1030  ymodem.o(.bss)
    SDFatFS                                  0x200007ec   Data         564  fatfs.o(.bss)
    disk                                     0x20000a40   Data          12  ff_gen_drv.o(.bss)
    hUsbDeviceFS                             0x20000a4c   Data         732  usb_device.o(.bss)
    USBD_StrDesc                             0x20000d28   Data         512  usbd_desc.o(.bss)
    hpcd_USB_OTG_FS                          0x20008fb0   Data        1252  usbd_conf.o(.bss)
    __heap_base                              0x200094b0   Data           0  startup_stm32f407xx.o(HEAP)
    __heap_limit                             0x2000d4b0   Data           0  startup_stm32f407xx.o(HEAP)
    __initial_sp                             0x200114b0   Data           0  startup_stm32f407xx.o(STACK)



==============================================================================

Memory Map of the image

  Image Entry point : 0x08000189

  Load Region LR_IROM1 (Base: 0x08000000, Size: 0x000361e4, Max: 0x00100000, ABSOLUTE, COMPRESSED[0x00036148])

    Execution Region ER_IROM1 (Exec base: 0x08000000, Load base: 0x08000000, Size: 0x0003609c, Max: 0x00100000, ABSOLUTE)

    Exec Addr    Load Addr    Size         Type   Attr      Idx    E Section Name        Object

    0x08000000   0x08000000   0x00000188   Data   RO            3    RESET               startup_stm32f407xx.o
    0x08000188   0x08000188   0x00000000   Code   RO         6896  * .ARM.Collect$$$$00000000  mc_w.l(entry.o)
    0x08000188   0x08000188   0x00000004   Code   RO         7196    .ARM.Collect$$$$00000001  mc_w.l(entry2.o)
    0x0800018c   0x0800018c   0x00000004   Code   RO         7199    .ARM.Collect$$$$00000004  mc_w.l(entry5.o)
    0x08000190   0x08000190   0x00000000   Code   RO         7201    .ARM.Collect$$$$00000008  mc_w.l(entry7b.o)
    0x08000190   0x08000190   0x00000000   Code   RO         7203    .ARM.Collect$$$$0000000A  mc_w.l(entry8b.o)
    0x08000190   0x08000190   0x00000008   Code   RO         7204    .ARM.Collect$$$$0000000B  mc_w.l(entry9a.o)
    0x08000198   0x08000198   0x00000004   Code   RO         7211    .ARM.Collect$$$$0000000E  mc_w.l(entry12b.o)
    0x0800019c   0x0800019c   0x00000000   Code   RO         7206    .ARM.Collect$$$$0000000F  mc_w.l(entry10a.o)
    0x0800019c   0x0800019c   0x00000000   Code   RO         7208    .ARM.Collect$$$$00000011  mc_w.l(entry11a.o)
    0x0800019c   0x0800019c   0x00000004   Code   RO         7197    .ARM.Collect$$$$00002712  mc_w.l(entry2.o)
    0x080001a0   0x080001a0   0x00000024   Code   RO            4    .text               startup_stm32f407xx.o
    0x080001c4   0x080001c4   0x00000062   Code   RO         6899    .text               mc_w.l(uldiv.o)
    0x08000226   0x08000226   0x00000024   Code   RO         6901    .text               mc_w.l(memcpya.o)
    0x0800024a   0x0800024a   0x00000024   Code   RO         6903    .text               mc_w.l(memseta.o)
    0x0800026e   0x0800026e   0x0000001e   Code   RO         7215    .text               mc_w.l(llshl.o)
    0x0800028c   0x0800028c   0x00000020   Code   RO         7217    .text               mc_w.l(llushr.o)
    0x080002ac   0x080002ac   0x00000024   Code   RO         7232    .text               mc_w.l(init.o)
    0x080002d0   0x080002d0   0x00000056   Code   RO         7246    .text               mc_w.l(__dczerorl2.o)
    0x08000326   0x08000326   0x00000002   PAD
    0x08000328   0x08000328   0x0000000c   Code   RO         5135    i.BSP_SD_GetCardInfo  bsp_driver_sd.o
    0x08000334   0x08000334   0x00000018   Code   RO         5136    i.BSP_SD_GetCardState  bsp_driver_sd.o
    0x0800034c   0x0800034c   0x00000030   Code   RO         5138    i.BSP_SD_Init       bsp_driver_sd.o
    0x0800037c   0x0800037c   0x0000000e   Code   RO         5139    i.BSP_SD_IsDetected  bsp_driver_sd.o
    0x0800038a   0x0800038a   0x00000002   PAD
    0x0800038c   0x0800038c   0x0000001c   Code   RO         5141    i.BSP_SD_ReadBlocks_DMA  bsp_driver_sd.o
    0x080003a8   0x080003a8   0x0000000c   Code   RO         5253    i.BSP_SD_ReadCpltCallback  sd_diskio.o
    0x080003b4   0x080003b4   0x0000001c   Code   RO         5144    i.BSP_SD_WriteBlocks_DMA  bsp_driver_sd.o
    0x080003d0   0x080003d0   0x00000002   Code   RO          563    i.BusFault_Handler  stm32f4xx_it.o
    0x080003d2   0x080003d2   0x00000002   PAD
    0x080003d4   0x080003d4   0x00000028   Code   RO         4954    i.Cal_CRC16         ymodem.o
    0x080003fc   0x080003fc   0x00000054   Code   RO         4791    i.Common_Init       common.o
    0x08000450   0x08000450   0x0000000c   Code   RO          564    i.DMA2_Stream3_IRQHandler  stm32f4xx_it.o
    0x0800045c   0x0800045c   0x0000000c   Code   RO          565    i.DMA2_Stream6_IRQHandler  stm32f4xx_it.o
    0x08000468   0x08000468   0x00000028   Code   RO         1737    i.DMA_CalcBaseAndBitshift  stm32f4xx_hal_dma.o
    0x08000490   0x08000490   0x00000054   Code   RO         1738    i.DMA_CheckFifoParam  stm32f4xx_hal_dma.o
    0x080004e4   0x080004e4   0x00000028   Code   RO         1739    i.DMA_SetConfig     stm32f4xx_hal_dma.o
    0x0800050c   0x0800050c   0x00000002   Code   RO          566    i.DebugMon_Handler  stm32f4xx_it.o
    0x0800050e   0x0800050e   0x00000004   Code   RO           13    i.Error_Handler     main.o
    0x08000512   0x08000512   0x00000006   Code   RO         5780    i.FATFS_LinkDriver  ff_gen_drv.o
    0x08000518   0x08000518   0x00000040   Code   RO         5781    i.FATFS_LinkDriverEx  ff_gen_drv.o
    0x08000558   0x08000558   0x00000050   Code   RO         1552    i.FLASH_Erase_Sector  stm32f4xx_hal_flash_ex.o
    0x080005a8   0x080005a8   0x00000054   Code   RO         1553    i.FLASH_FlushCaches  stm32f4xx_hal_flash_ex.o
    0x080005fc   0x080005fc   0x00000034   Code   RO         4845    i.FLASH_If_Erase    flash_if.o
    0x08000630   0x08000630   0x00000026   Code   RO         4846    i.FLASH_If_GetWriteProtectionStatus  flash_if.o
    0x08000656   0x08000656   0x00000002   PAD
    0x08000658   0x08000658   0x00000014   Code   RO         4847    i.FLASH_If_Init     flash_if.o
    0x0800066c   0x0800066c   0x00000048   Code   RO         4848    i.FLASH_If_Write    flash_if.o
    0x080006b4   0x080006b4   0x0000003a   Code   RO         4849    i.FLASH_If_WriteProtectionConfig  flash_if.o
    0x080006ee   0x080006ee   0x00000002   PAD
    0x080006f0   0x080006f0   0x00000028   Code   RO         1554    i.FLASH_MassErase   stm32f4xx_hal_flash_ex.o
    0x08000718   0x08000718   0x00000020   Code   RO         1434    i.FLASH_Program_Byte  stm32f4xx_hal_flash.o
    0x08000738   0x08000738   0x0000002c   Code   RO         1435    i.FLASH_Program_DoubleWord  stm32f4xx_hal_flash.o
    0x08000764   0x08000764   0x00000024   Code   RO         1436    i.FLASH_Program_HalfWord  stm32f4xx_hal_flash.o
    0x08000788   0x08000788   0x00000024   Code   RO         1437    i.FLASH_Program_Word  stm32f4xx_hal_flash.o
    0x080007ac   0x080007ac   0x00000068   Code   RO         1438    i.FLASH_SetErrorCode  stm32f4xx_hal_flash.o
    0x08000814   0x08000814   0x00000050   Code   RO         1439    i.FLASH_WaitForLastOperation  stm32f4xx_hal_flash.o
    0x08000864   0x08000864   0x000000bc   Code   RO         4850    i.GetSector         flash_if.o
    0x08000920   0x08000920   0x00000022   Code   RO         2432    i.HAL_CRC_Init      stm32f4xx_hal_crc.o
    0x08000942   0x08000942   0x00000002   PAD
    0x08000944   0x08000944   0x00000028   Code   RO          324    i.HAL_CRC_MspInit   crc.o
    0x0800096c   0x0800096c   0x00000092   Code   RO         1740    i.HAL_DMA_Abort     stm32f4xx_hal_dma.o
    0x080009fe   0x080009fe   0x00000024   Code   RO         1741    i.HAL_DMA_Abort_IT  stm32f4xx_hal_dma.o
    0x08000a22   0x08000a22   0x00000004   Code   RO         1743    i.HAL_DMA_GetError  stm32f4xx_hal_dma.o
    0x08000a26   0x08000a26   0x00000002   PAD
    0x08000a28   0x08000a28   0x000001a0   Code   RO         1745    i.HAL_DMA_IRQHandler  stm32f4xx_hal_dma.o
    0x08000bc8   0x08000bc8   0x000000d4   Code   RO         1746    i.HAL_DMA_Init      stm32f4xx_hal_dma.o
    0x08000c9c   0x08000c9c   0x0000006e   Code   RO         1750    i.HAL_DMA_Start_IT  stm32f4xx_hal_dma.o
    0x08000d0a   0x08000d0a   0x00000002   PAD
    0x08000d0c   0x08000d0c   0x00000024   Code   RO         2177    i.HAL_Delay         stm32f4xx_hal.o
    0x08000d30   0x08000d30   0x00000098   Code   RO         1555    i.HAL_FLASHEx_Erase  stm32f4xx_hal_flash_ex.o
    0x08000dc8   0x08000dc8   0x00000040   Code   RO         1557    i.HAL_FLASHEx_OBGetConfig  stm32f4xx_hal_flash_ex.o
    0x08000e08   0x08000e08   0x000000cc   Code   RO         1558    i.HAL_FLASHEx_OBProgram  stm32f4xx_hal_flash_ex.o
    0x08000ed4   0x08000ed4   0x00000014   Code   RO         1443    i.HAL_FLASH_Lock    stm32f4xx_hal_flash.o
    0x08000ee8   0x08000ee8   0x00000018   Code   RO         1444    i.HAL_FLASH_OB_Launch  stm32f4xx_hal_flash.o
    0x08000f00   0x08000f00   0x00000028   Code   RO         1446    i.HAL_FLASH_OB_Unlock  stm32f4xx_hal_flash.o
    0x08000f28   0x08000f28   0x0000007c   Code   RO         1448    i.HAL_FLASH_Program  stm32f4xx_hal_flash.o
    0x08000fa4   0x08000fa4   0x0000002c   Code   RO         1450    i.HAL_FLASH_Unlock  stm32f4xx_hal_flash.o
    0x08000fd0   0x08000fd0   0x000001f0   Code   RO         1633    i.HAL_GPIO_Init     stm32f4xx_hal_gpio.o
    0x080011c0   0x080011c0   0x0000000a   Code   RO         1637    i.HAL_GPIO_WritePin  stm32f4xx_hal_gpio.o
    0x080011ca   0x080011ca   0x00000002   PAD
    0x080011cc   0x080011cc   0x0000000c   Code   RO         2183    i.HAL_GetTick       stm32f4xx_hal.o
    0x080011d8   0x080011d8   0x00000010   Code   RO         2189    i.HAL_IncTick       stm32f4xx_hal.o
    0x080011e8   0x080011e8   0x00000034   Code   RO         2190    i.HAL_Init          stm32f4xx_hal.o
    0x0800121c   0x0800121c   0x00000040   Code   RO         2191    i.HAL_InitTick      stm32f4xx_hal.o
    0x0800125c   0x0800125c   0x00000030   Code   RO          669    i.HAL_MspInit       stm32f4xx_hal_msp.o
    0x0800128c   0x0800128c   0x0000001a   Code   RO         2025    i.HAL_NVIC_EnableIRQ  stm32f4xx_hal_cortex.o
    0x080012a6   0x080012a6   0x00000002   PAD
    0x080012a8   0x080012a8   0x00000040   Code   RO         2031    i.HAL_NVIC_SetPriority  stm32f4xx_hal_cortex.o
    0x080012e8   0x080012e8   0x00000024   Code   RO         2032    i.HAL_NVIC_SetPriorityGrouping  stm32f4xx_hal_cortex.o
    0x0800130c   0x0800130c   0x00000024   Code   RO         2033    i.HAL_NVIC_SystemReset  stm32f4xx_hal_cortex.o
    0x08001330   0x08001330   0x00000002   Code   RO          932    i.HAL_PCDEx_LPM_Callback  stm32f4xx_hal_pcd_ex.o
    0x08001332   0x08001332   0x00000008   Code   RO          933    i.HAL_PCDEx_SetRxFiFo  stm32f4xx_hal_pcd_ex.o
    0x0800133a   0x0800133a   0x00000044   Code   RO          934    i.HAL_PCDEx_SetTxFiFo  stm32f4xx_hal_pcd_ex.o
    0x0800137e   0x0800137e   0x00000008   Code   RO         6099    i.HAL_PCD_ConnectCallback  usbd_conf.o
    0x08001386   0x08001386   0x00000012   Code   RO         6100    i.HAL_PCD_DataInStageCallback  usbd_conf.o
    0x08001398   0x08001398   0x00000014   Code   RO         6101    i.HAL_PCD_DataOutStageCallback  usbd_conf.o
    0x080013ac   0x080013ac   0x00000008   Code   RO         6102    i.HAL_PCD_DisconnectCallback  usbd_conf.o
    0x080013b4   0x080013b4   0x0000001e   Code   RO          702    i.HAL_PCD_EP_Abort  stm32f4xx_hal_pcd.o
    0x080013d2   0x080013d2   0x0000004a   Code   RO          703    i.HAL_PCD_EP_Close  stm32f4xx_hal_pcd.o
    0x0800141c   0x0800141c   0x0000005a   Code   RO          704    i.HAL_PCD_EP_ClrStall  stm32f4xx_hal_pcd.o
    0x08001476   0x08001476   0x00000034   Code   RO          705    i.HAL_PCD_EP_Flush  stm32f4xx_hal_pcd.o
    0x080014aa   0x080014aa   0x00000012   Code   RO          706    i.HAL_PCD_EP_GetRxCount  stm32f4xx_hal_pcd.o
    0x080014bc   0x080014bc   0x00000062   Code   RO          707    i.HAL_PCD_EP_Open   stm32f4xx_hal_pcd.o
    0x0800151e   0x0800151e   0x00000038   Code   RO          708    i.HAL_PCD_EP_Receive  stm32f4xx_hal_pcd.o
    0x08001556   0x08001556   0x00000072   Code   RO          709    i.HAL_PCD_EP_SetStall  stm32f4xx_hal_pcd.o
    0x080015c8   0x080015c8   0x00000032   Code   RO          710    i.HAL_PCD_EP_Transmit  stm32f4xx_hal_pcd.o
    0x080015fa   0x080015fa   0x00000002   PAD
    0x080015fc   0x080015fc   0x0000055c   Code   RO          712    i.HAL_PCD_IRQHandler  stm32f4xx_hal_pcd.o
    0x08001b58   0x08001b58   0x00000008   Code   RO         6103    i.HAL_PCD_ISOINIncompleteCallback  usbd_conf.o
    0x08001b60   0x08001b60   0x00000008   Code   RO         6104    i.HAL_PCD_ISOOUTIncompleteCallback  usbd_conf.o
    0x08001b68   0x08001b68   0x000000cc   Code   RO          715    i.HAL_PCD_Init      stm32f4xx_hal_pcd.o
    0x08001c34   0x08001c34   0x00000084   Code   RO         6106    i.HAL_PCD_MspInit   usbd_conf.o
    0x08001cb8   0x08001cb8   0x0000002c   Code   RO         6107    i.HAL_PCD_ResetCallback  usbd_conf.o
    0x08001ce4   0x08001ce4   0x00000008   Code   RO         6108    i.HAL_PCD_ResumeCallback  usbd_conf.o
    0x08001cec   0x08001cec   0x00000008   Code   RO         6109    i.HAL_PCD_SOFCallback  usbd_conf.o
    0x08001cf4   0x08001cf4   0x00000026   Code   RO          721    i.HAL_PCD_SetAddress  stm32f4xx_hal_pcd.o
    0x08001d1a   0x08001d1a   0x0000000e   Code   RO         6110    i.HAL_PCD_SetupStageCallback  usbd_conf.o
    0x08001d28   0x08001d28   0x00000042   Code   RO          724    i.HAL_PCD_Start     stm32f4xx_hal_pcd.o
    0x08001d6a   0x08001d6a   0x00000002   PAD
    0x08001d6c   0x08001d6c   0x00000030   Code   RO         6111    i.HAL_PCD_SuspendCallback  usbd_conf.o
    0x08001d9c   0x08001d9c   0x0000013c   Code   RO         1384    i.HAL_RCCEx_PeriphCLKConfig  stm32f4xx_hal_rcc_ex.o
    0x08001ed8   0x08001ed8   0x00000134   Code   RO         1279    i.HAL_RCC_ClockConfig  stm32f4xx_hal_rcc.o
    0x0800200c   0x0800200c   0x00000134   Code   RO         1385    i.HAL_RCC_DeInit    stm32f4xx_hal_rcc_ex.o
    0x08002140   0x08002140   0x0000000c   Code   RO         1284    i.HAL_RCC_GetHCLKFreq  stm32f4xx_hal_rcc.o
    0x0800214c   0x0800214c   0x00000020   Code   RO         1286    i.HAL_RCC_GetPCLK1Freq  stm32f4xx_hal_rcc.o
    0x0800216c   0x0800216c   0x00000020   Code   RO         1287    i.HAL_RCC_GetPCLK2Freq  stm32f4xx_hal_rcc.o
    0x0800218c   0x0800218c   0x00000060   Code   RO         1288    i.HAL_RCC_GetSysClockFreq  stm32f4xx_hal_rcc.o
    0x080021ec   0x080021ec   0x0000036c   Code   RO         1291    i.HAL_RCC_OscConfig  stm32f4xx_hal_rcc.o
    0x08002558   0x08002558   0x0000009c   Code   RO         2501    i.HAL_RTC_Init      stm32f4xx_hal_rtc.o
    0x080025f4   0x080025f4   0x00000038   Code   RO          390    i.HAL_RTC_MspInit   rtc.o
    0x0800262c   0x0800262c   0x00000098   Code   RO         2507    i.HAL_RTC_SetDate   stm32f4xx_hal_rtc.o
    0x080026c4   0x080026c4   0x000000c0   Code   RO         2508    i.HAL_RTC_SetTime   stm32f4xx_hal_rtc.o
    0x08002784   0x08002784   0x00000038   Code   RO         2509    i.HAL_RTC_WaitForSynchro  stm32f4xx_hal_rtc.o
    0x080027bc   0x080027bc   0x00000118   Code   RO         3177    i.HAL_SD_ConfigWideBusOperation  stm32f4xx_hal_sd.o
    0x080028d4   0x080028d4   0x00000002   Code   RO         3180    i.HAL_SD_ErrorCallback  stm32f4xx_hal_sd.o
    0x080028d6   0x080028d6   0x00000002   PAD
    0x080028d8   0x080028d8   0x00000198   Code   RO         3182    i.HAL_SD_GetCardCSD  stm32f4xx_hal_sd.o
    0x08002a70   0x08002a70   0x00000024   Code   RO         3183    i.HAL_SD_GetCardInfo  stm32f4xx_hal_sd.o
    0x08002a94   0x08002a94   0x0000002c   Code   RO         3184    i.HAL_SD_GetCardState  stm32f4xx_hal_sd.o
    0x08002ac0   0x08002ac0   0x00000036   Code   RO         3189    i.HAL_SD_Init       stm32f4xx_hal_sd.o
    0x08002af6   0x08002af6   0x00000002   PAD
    0x08002af8   0x08002af8   0x00000078   Code   RO         3190    i.HAL_SD_InitCard   stm32f4xx_hal_sd.o
    0x08002b70   0x08002b70   0x00000130   Code   RO          432    i.HAL_SD_MspInit    sdio.o
    0x08002ca0   0x08002ca0   0x000001e0   Code   RO         3193    i.HAL_SD_ReadBlocks  stm32f4xx_hal_sd.o
    0x08002e80   0x08002e80   0x00000124   Code   RO         3194    i.HAL_SD_ReadBlocks_DMA  stm32f4xx_hal_sd.o
    0x08002fa4   0x08002fa4   0x00000008   Code   RO         5147    i.HAL_SD_RxCpltCallback  bsp_driver_sd.o
    0x08002fac   0x08002fac   0x000001b0   Code   RO         3198    i.HAL_SD_WriteBlocks  stm32f4xx_hal_sd.o
    0x0800315c   0x0800315c   0x00000120   Code   RO         3199    i.HAL_SD_WriteBlocks_DMA  stm32f4xx_hal_sd.o
    0x0800327c   0x0800327c   0x00000028   Code   RO         2036    i.HAL_SYSTICK_Config  stm32f4xx_hal_cortex.o
    0x080032a4   0x080032a4   0x00000002   Code   RO         4123    i.HAL_TIMEx_BreakCallback  stm32f4xx_hal_tim_ex.o
    0x080032a6   0x080032a6   0x00000002   Code   RO         4124    i.HAL_TIMEx_CommutCallback  stm32f4xx_hal_tim_ex.o
    0x080032a8   0x080032a8   0x00000090   Code   RO         4142    i.HAL_TIMEx_MasterConfigSynchronization  stm32f4xx_hal_tim_ex.o
    0x08003338   0x08003338   0x0000005a   Code   RO         3419    i.HAL_TIM_Base_Init  stm32f4xx_hal_tim.o
    0x08003392   0x08003392   0x00000002   PAD
    0x08003394   0x08003394   0x0000003c   Code   RO          480    i.HAL_TIM_Base_MspInit  tim.o
    0x080033d0   0x080033d0   0x00000080   Code   RO         3424    i.HAL_TIM_Base_Start_IT  stm32f4xx_hal_tim.o
    0x08003450   0x08003450   0x000000dc   Code   RO         3428    i.HAL_TIM_ConfigClockSource  stm32f4xx_hal_tim.o
    0x0800352c   0x0800352c   0x00000002   Code   RO         3453    i.HAL_TIM_IC_CaptureCallback  stm32f4xx_hal_tim.o
    0x0800352e   0x0800352e   0x00000130   Code   RO         3467    i.HAL_TIM_IRQHandler  stm32f4xx_hal_tim.o
    0x0800365e   0x0800365e   0x00000002   Code   RO         3470    i.HAL_TIM_OC_DelayElapsedCallback  stm32f4xx_hal_tim.o
    0x08003660   0x08003660   0x00000002   Code   RO         3497    i.HAL_TIM_PWM_PulseFinishedCallback  stm32f4xx_hal_tim.o
    0x08003662   0x08003662   0x00000002   PAD
    0x08003664   0x08003664   0x00000050   Code   RO           14    i.HAL_TIM_PeriodElapsedCallback  main.o
    0x080036b4   0x080036b4   0x00000002   Code   RO         3510    i.HAL_TIM_TriggerCallback  stm32f4xx_hal_tim.o
    0x080036b6   0x080036b6   0x00000002   Code   RO         4402    i.HAL_UARTEx_RxEventCallback  stm32f4xx_hal_uart.o
    0x080036b8   0x080036b8   0x00000002   Code   RO         4416    i.HAL_UART_ErrorCallback  stm32f4xx_hal_uart.o
    0x080036ba   0x080036ba   0x00000002   PAD
    0x080036bc   0x080036bc   0x00000280   Code   RO         4419    i.HAL_UART_IRQHandler  stm32f4xx_hal_uart.o
    0x0800393c   0x0800393c   0x00000064   Code   RO         4420    i.HAL_UART_Init     stm32f4xx_hal_uart.o
    0x080039a0   0x080039a0   0x00000078   Code   RO          522    i.HAL_UART_MspInit  usart.o
    0x08003a18   0x08003a18   0x000000b0   Code   RO         4423    i.HAL_UART_Receive  stm32f4xx_hal_uart.o
    0x08003ac8   0x08003ac8   0x00000002   Code   RO         4426    i.HAL_UART_RxCpltCallback  stm32f4xx_hal_uart.o
    0x08003aca   0x08003aca   0x000000a0   Code   RO         4428    i.HAL_UART_Transmit  stm32f4xx_hal_uart.o
    0x08003b6a   0x08003b6a   0x00000002   Code   RO         4431    i.HAL_UART_TxCpltCallback  stm32f4xx_hal_uart.o
    0x08003b6c   0x08003b6c   0x00000002   Code   RO          567    i.HardFault_Handler  stm32f4xx_it.o
    0x08003b6e   0x08003b6e   0x00000002   PAD
    0x08003b70   0x08003b70   0x00000040   Code   RO         4792    i.Int2Str           common.o
    0x08003bb0   0x08003bb0   0x00000038   Code   RO         5952    i.IntToUnicode      usbd_desc.o
    0x08003be8   0x08003be8   0x00000060   Code   RO         6688    i.MSC_BOT_Abort     usbd_msc_bot.o
    0x08003c48   0x08003c48   0x000000e8   Code   RO         6689    i.MSC_BOT_CBW_Decode  usbd_msc_bot.o
    0x08003d30   0x08003d30   0x00000050   Code   RO         6690    i.MSC_BOT_CplClrFeature  usbd_msc_bot.o
    0x08003d80   0x08003d80   0x00000048   Code   RO         6691    i.MSC_BOT_DataIn    usbd_msc_bot.o
    0x08003dc8   0x08003dc8   0x00000048   Code   RO         6692    i.MSC_BOT_DataOut   usbd_msc_bot.o
    0x08003e10   0x08003e10   0x00000016   Code   RO         6693    i.MSC_BOT_DeInit    usbd_msc_bot.o
    0x08003e26   0x08003e26   0x00000002   PAD
    0x08003e28   0x08003e28   0x0000006c   Code   RO         6694    i.MSC_BOT_Init      usbd_msc_bot.o
    0x08003e94   0x08003e94   0x00000050   Code   RO         6695    i.MSC_BOT_Reset     usbd_msc_bot.o
    0x08003ee4   0x08003ee4   0x0000005c   Code   RO         6696    i.MSC_BOT_SendCSW   usbd_msc_bot.o
    0x08003f40   0x08003f40   0x00000024   Code   RO          325    i.MX_CRC_Init       crc.o
    0x08003f64   0x08003f64   0x0000003c   Code   RO          365    i.MX_DMA_Init       dma.o
    0x08003fa0   0x08003fa0   0x0000001c   Code   RO         5330    i.MX_FATFS_Init     fatfs.o
    0x08003fbc   0x08003fbc   0x0000008c   Code   RO          296    i.MX_GPIO_Init      gpio.o
    0x08004048   0x08004048   0x00000080   Code   RO          391    i.MX_RTC_Init       rtc.o
    0x080040c8   0x080040c8   0x00000020   Code   RO          434    i.MX_SDIO_SD_Init_Fix  sdio.o
    0x080040e8   0x080040e8   0x0000006c   Code   RO          481    i.MX_TIM1_Init      tim.o
    0x08004154   0x08004154   0x00000038   Code   RO          523    i.MX_UART4_Init     usart.o
    0x0800418c   0x0800418c   0x00000054   Code   RO         5898    i.MX_USB_DEVICE_Init  usb_device.o
    0x080041e0   0x080041e0   0x00000400   Code   RO         4901    i.Main_Menu         menu.o
    0x080045e0   0x080045e0   0x00000002   Code   RO          568    i.MemManage_Handler  stm32f4xx_it.o
    0x080045e2   0x080045e2   0x00000002   Code   RO          569    i.NMI_Handler       stm32f4xx_it.o
    0x080045e4   0x080045e4   0x0000000c   Code   RO          570    i.OTG_FS_IRQHandler  stm32f4xx_it.o
    0x080045f0   0x080045f0   0x000000cc   Code   RO          728    i.PCD_EP_OutXfrComplete_int  stm32f4xx_hal_pcd.o
    0x080046bc   0x080046bc   0x000000a2   Code   RO          729    i.PCD_WriteEmptyTxFifo  stm32f4xx_hal_pcd.o
    0x0800475e   0x0800475e   0x00000002   Code   RO          571    i.PendSV_Handler    stm32f4xx_it.o
    0x08004760   0x08004760   0x00000016   Code   RO         2511    i.RTC_ByteToBcd2    stm32f4xx_hal_rtc.o
    0x08004776   0x08004776   0x00000002   PAD
    0x08004778   0x08004778   0x00000048   Code   RO         2512    i.RTC_EnterInitMode  stm32f4xx_hal_rtc.o
    0x080047c0   0x080047c0   0x0000002a   Code   RO         2513    i.RTC_ExitInitMode  stm32f4xx_hal_rtc.o
    0x080047ea   0x080047ea   0x00000002   PAD
    0x080047ec   0x080047ec   0x000000bc   Code   RO         4956    i.ReceivePacket     ymodem.o
    0x080048a8   0x080048a8   0x00000036   Code   RO         6788    i.SCSI_CheckAddressRange  usbd_msc_scsi.o
    0x080048de   0x080048de   0x00000002   PAD
    0x080048e0   0x080048e0   0x00000080   Code   RO         6789    i.SCSI_Inquiry      usbd_msc_scsi.o
    0x08004960   0x08004960   0x00000210   Code   RO         6790    i.SCSI_ProcessCmd   usbd_msc_scsi.o
    0x08004b70   0x08004b70   0x000000a4   Code   RO         6791    i.SCSI_ProcessRead  usbd_msc_scsi.o
    0x08004c14   0x08004c14   0x000000b4   Code   RO         6792    i.SCSI_ProcessWrite  usbd_msc_scsi.o
    0x08004cc8   0x08004cc8   0x000000b0   Code   RO         6793    i.SCSI_Read10       usbd_msc_scsi.o
    0x08004d78   0x08004d78   0x000000ba   Code   RO         6794    i.SCSI_Read12       usbd_msc_scsi.o
    0x08004e32   0x08004e32   0x0000008a   Code   RO         6795    i.SCSI_ReadCapacity10  usbd_msc_scsi.o
    0x08004ebc   0x08004ebc   0x000000bc   Code   RO         6796    i.SCSI_ReadCapacity16  usbd_msc_scsi.o
    0x08004f78   0x08004f78   0x00000088   Code   RO         6797    i.SCSI_ReadFormatCapacity  usbd_msc_scsi.o
    0x08005000   0x08005000   0x0000005c   Code   RO         6798    i.SCSI_ReportLuns   usbd_msc_scsi.o
    0x0800505c   0x0800505c   0x00000088   Code   RO         6799    i.SCSI_RequestSense  usbd_msc_scsi.o
    0x080050e4   0x080050e4   0x0000005e   Code   RO         6800    i.SCSI_SenseCode    usbd_msc_scsi.o
    0x08005142   0x08005142   0x00000060   Code   RO         6801    i.SCSI_TestUnitReady  usbd_msc_scsi.o
    0x080051a2   0x080051a2   0x00000020   Code   RO         6802    i.SCSI_UpdateBotData  usbd_msc_scsi.o
    0x080051c2   0x080051c2   0x00000002   PAD
    0x080051c4   0x080051c4   0x000000ec   Code   RO         6803    i.SCSI_Write10      usbd_msc_scsi.o
    0x080052b0   0x080052b0   0x000000f4   Code   RO         6804    i.SCSI_Write12      usbd_msc_scsi.o
    0x080053a4   0x080053a4   0x00000024   Code   RO         2888    i.SDIO_ConfigData   stm32f4xx_ll_sdmmc.o
    0x080053c8   0x080053c8   0x00000008   Code   RO         2892    i.SDIO_GetPowerState  stm32f4xx_ll_sdmmc.o
    0x080053d0   0x080053d0   0x00000006   Code   RO         2893    i.SDIO_GetResponse  stm32f4xx_ll_sdmmc.o
    0x080053d6   0x080053d6   0x00000024   Code   RO         2894    i.SDIO_Init         stm32f4xx_ll_sdmmc.o
    0x080053fa   0x080053fa   0x00000008   Code   RO         2896    i.SDIO_PowerState_ON  stm32f4xx_ll_sdmmc.o
    0x08005402   0x08005402   0x00000006   Code   RO         2897    i.SDIO_ReadFIFO     stm32f4xx_ll_sdmmc.o
    0x08005408   0x08005408   0x00000020   Code   RO         2898    i.SDIO_SendCommand  stm32f4xx_ll_sdmmc.o
    0x08005428   0x08005428   0x0000000a   Code   RO         2900    i.SDIO_WriteFIFO    stm32f4xx_ll_sdmmc.o
    0x08005432   0x08005432   0x00000032   Code   RO         2901    i.SDMMC_CmdAppCommand  stm32f4xx_ll_sdmmc.o
    0x08005464   0x08005464   0x00000034   Code   RO         2902    i.SDMMC_CmdAppOperCommand  stm32f4xx_ll_sdmmc.o
    0x08005498   0x08005498   0x00000032   Code   RO         2903    i.SDMMC_CmdBlockLength  stm32f4xx_ll_sdmmc.o
    0x080054ca   0x080054ca   0x00000032   Code   RO         2904    i.SDMMC_CmdBusWidth  stm32f4xx_ll_sdmmc.o
    0x080054fc   0x080054fc   0x00000050   Code   RO         2908    i.SDMMC_CmdGoIdleState  stm32f4xx_ll_sdmmc.o
    0x0800554c   0x0800554c   0x00000030   Code   RO         2910    i.SDMMC_CmdOperCond  stm32f4xx_ll_sdmmc.o
    0x0800557c   0x0800557c   0x00000032   Code   RO         2911    i.SDMMC_CmdReadMultiBlock  stm32f4xx_ll_sdmmc.o
    0x080055ae   0x080055ae   0x00000032   Code   RO         2912    i.SDMMC_CmdReadSingleBlock  stm32f4xx_ll_sdmmc.o
    0x080055e0   0x080055e0   0x00000032   Code   RO         2915    i.SDMMC_CmdSelDesel  stm32f4xx_ll_sdmmc.o
    0x08005612   0x08005612   0x0000002c   Code   RO         2916    i.SDMMC_CmdSendCID  stm32f4xx_ll_sdmmc.o
    0x0800563e   0x0800563e   0x0000002c   Code   RO         2917    i.SDMMC_CmdSendCSD  stm32f4xx_ll_sdmmc.o
    0x0800566a   0x0800566a   0x00000030   Code   RO         2919    i.SDMMC_CmdSendSCR  stm32f4xx_ll_sdmmc.o
    0x0800569a   0x0800569a   0x00000032   Code   RO         2920    i.SDMMC_CmdSendStatus  stm32f4xx_ll_sdmmc.o
    0x080056cc   0x080056cc   0x00000030   Code   RO         2921    i.SDMMC_CmdSetRelAdd  stm32f4xx_ll_sdmmc.o
    0x080056fc   0x080056fc   0x00000034   Code   RO         2924    i.SDMMC_CmdStopTransfer  stm32f4xx_ll_sdmmc.o
    0x08005730   0x08005730   0x00000032   Code   RO         2926    i.SDMMC_CmdWriteMultiBlock  stm32f4xx_ll_sdmmc.o
    0x08005762   0x08005762   0x00000032   Code   RO         2927    i.SDMMC_CmdWriteSingleBlock  stm32f4xx_ll_sdmmc.o
    0x08005794   0x08005794   0x00000120   Code   RO         2928    i.SDMMC_GetCmdResp1  stm32f4xx_ll_sdmmc.o
    0x080058b4   0x080058b4   0x00000050   Code   RO         2929    i.SDMMC_GetCmdResp2  stm32f4xx_ll_sdmmc.o
    0x08005904   0x08005904   0x00000044   Code   RO         2930    i.SDMMC_GetCmdResp3  stm32f4xx_ll_sdmmc.o
    0x08005948   0x08005948   0x00000088   Code   RO         2931    i.SDMMC_GetCmdResp6  stm32f4xx_ll_sdmmc.o
    0x080059d0   0x080059d0   0x00000058   Code   RO         2932    i.SDMMC_GetCmdResp7  stm32f4xx_ll_sdmmc.o
    0x08005a28   0x08005a28   0x00000020   Code   RO         5255    i.SD_CheckStatus    sd_diskio.o
    0x08005a48   0x08005a48   0x00000024   Code   RO         5256    i.SD_CheckStatusWithTimeout  sd_diskio.o
    0x08005a6c   0x08005a6c   0x00000064   Code   RO         3201    i.SD_DMAError       stm32f4xx_hal_sd.o
    0x08005ad0   0x08005ad0   0x00000042   Code   RO         3202    i.SD_DMAReceiveCplt  stm32f4xx_hal_sd.o
    0x08005b12   0x08005b12   0x0000000e   Code   RO         3204    i.SD_DMATransmitCplt  stm32f4xx_hal_sd.o
    0x08005b20   0x08005b20   0x000000e0   Code   RO         3206    i.SD_FindSCR        stm32f4xx_hal_sd.o
    0x08005c00   0x08005c00   0x000000ee   Code   RO         3207    i.SD_InitCard       stm32f4xx_hal_sd.o
    0x08005cee   0x08005cee   0x00000002   PAD
    0x08005cf0   0x08005cf0   0x000000b4   Code   RO         3208    i.SD_PowerON        stm32f4xx_hal_sd.o
    0x08005da4   0x08005da4   0x0000001c   Code   RO         5257    i.SD_initialize     sd_diskio.o
    0x08005dc0   0x08005dc0   0x00000050   Code   RO         5258    i.SD_ioctl          sd_diskio.o
    0x08005e10   0x08005e10   0x00000078   Code   RO         5259    i.SD_read           sd_diskio.o
    0x08005e88   0x08005e88   0x00000004   Code   RO         5260    i.SD_status         sd_diskio.o
    0x08005e8c   0x08005e8c   0x00000078   Code   RO         5261    i.SD_write          sd_diskio.o
    0x08005f04   0x08005f04   0x00000030   Code   RO         6038    i.STORAGE_GetCapacity_FS  usbd_storage_if.o
    0x08005f34   0x08005f34   0x00000004   Code   RO         6039    i.STORAGE_GetMaxLun_FS  usbd_storage_if.o
    0x08005f38   0x08005f38   0x00000004   Code   RO         6040    i.STORAGE_Init_FS   usbd_storage_if.o
    0x08005f3c   0x08005f3c   0x00000004   Code   RO         6041    i.STORAGE_IsReady_FS  usbd_storage_if.o
    0x08005f40   0x08005f40   0x00000004   Code   RO         6042    i.STORAGE_IsWriteProtected_FS  usbd_storage_if.o
    0x08005f44   0x08005f44   0x00000028   Code   RO         6043    i.STORAGE_Read_FS   usbd_storage_if.o
    0x08005f6c   0x08005f6c   0x00000028   Code   RO         6044    i.STORAGE_Write_FS  usbd_storage_if.o
    0x08005f94   0x08005f94   0x00000002   Code   RO          572    i.SVC_Handler       stm32f4xx_it.o
    0x08005f96   0x08005f96   0x0000000a   Code   RO         6465    i.SWAPBYTE          usbd_ctlreq.o
    0x08005fa0   0x08005fa0   0x00000174   Code   RO         4902    i.SerialDownload    menu.o
    0x08006114   0x08006114   0x000000cc   Code   RO         4903    i.SerialUpload      menu.o
    0x080061e0   0x080061e0   0x00000024   Code   RO         4793    i.Serial_PutByte    common.o
    0x08006204   0x08006204   0x0000001c   Code   RO         4794    i.Serial_PutString  common.o
    0x08006220   0x08006220   0x000000b8   Code   RO         4795    i.Str2Int           common.o
    0x080062d8   0x080062d8   0x00000004   Code   RO          573    i.SysTick_Handler   stm32f4xx_it.o
    0x080062dc   0x080062dc   0x0000009c   Code   RO           15    i.SystemClock_Config  main.o
    0x08006378   0x08006378   0x00000010   Code   RO         4754    i.SystemInit        system_stm32f4xx.o
    0x08006388   0x08006388   0x0000000c   Code   RO          574    i.TIM1_UP_TIM10_IRQHandler  stm32f4xx_it.o
    0x08006394   0x08006394   0x000000d0   Code   RO         3512    i.TIM_Base_SetConfig  stm32f4xx_hal_tim.o
    0x08006464   0x08006464   0x00000014   Code   RO         3523    i.TIM_ETR_SetConfig  stm32f4xx_hal_tim.o
    0x08006478   0x08006478   0x00000010   Code   RO         3524    i.TIM_ITRx_SetConfig  stm32f4xx_hal_tim.o
    0x08006488   0x08006488   0x00000022   Code   RO         3530    i.TIM_TI1_ConfigInputStage  stm32f4xx_hal_tim.o
    0x080064aa   0x080064aa   0x00000024   Code   RO         3532    i.TIM_TI2_ConfigInputStage  stm32f4xx_hal_tim.o
    0x080064ce   0x080064ce   0x00000002   PAD
    0x080064d0   0x080064d0   0x0000000c   Code   RO          575    i.UART4_IRQHandler  stm32f4xx_it.o
    0x080064dc   0x080064dc   0x0000000e   Code   RO         4433    i.UART_DMAAbortOnError  stm32f4xx_hal_uart.o
    0x080064ea   0x080064ea   0x0000004e   Code   RO         4443    i.UART_EndRxTransfer  stm32f4xx_hal_uart.o
    0x08006538   0x08006538   0x000000c2   Code   RO         4445    i.UART_Receive_IT   stm32f4xx_hal_uart.o
    0x080065fa   0x080065fa   0x00000002   PAD
    0x080065fc   0x080065fc   0x0000010c   Code   RO         4446    i.UART_SetConfig    stm32f4xx_hal_uart.o
    0x08006708   0x08006708   0x00000072   Code   RO         4449    i.UART_WaitOnFlagUntilTimeout  stm32f4xx_hal_uart.o
    0x0800677a   0x0800677a   0x00000014   Code   RO         6306    i.USBD_ClrClassConfig  usbd_core.o
    0x0800678e   0x0800678e   0x00000004   Code   RO         6307    i.USBD_CoreFindEP   usbd_core.o
    0x08006792   0x08006792   0x00000004   Code   RO         6308    i.USBD_CoreFindIF   usbd_core.o
    0x08006796   0x08006796   0x00000010   Code   RO         6543    i.USBD_CtlContinueRx  usbd_ioreq.o
    0x080067a6   0x080067a6   0x00000010   Code   RO         6544    i.USBD_CtlContinueSendData  usbd_ioreq.o
    0x080067b6   0x080067b6   0x00000016   Code   RO         6466    i.USBD_CtlError     usbd_ctlreq.o
    0x080067cc   0x080067cc   0x00000016   Code   RO         6546    i.USBD_CtlReceiveStatus  usbd_ioreq.o
    0x080067e2   0x080067e2   0x0000001c   Code   RO         6547    i.USBD_CtlSendData  usbd_ioreq.o
    0x080067fe   0x080067fe   0x00000016   Code   RO         6548    i.USBD_CtlSendStatus  usbd_ioreq.o
    0x08006814   0x08006814   0x00000020   Code   RO         5953    i.USBD_FS_ConfigStrDescriptor  usbd_desc.o
    0x08006834   0x08006834   0x0000000c   Code   RO         5954    i.USBD_FS_DeviceDescriptor  usbd_desc.o
    0x08006840   0x08006840   0x00000024   Code   RO         5955    i.USBD_FS_InterfaceStrDescriptor  usbd_desc.o
    0x08006864   0x08006864   0x0000000c   Code   RO         5956    i.USBD_FS_LangIDStrDescriptor  usbd_desc.o
    0x08006870   0x08006870   0x00000028   Code   RO         5957    i.USBD_FS_ManufacturerStrDescriptor  usbd_desc.o
    0x08006898   0x08006898   0x00000028   Code   RO         5958    i.USBD_FS_ProductStrDescriptor  usbd_desc.o
    0x080068c0   0x080068c0   0x00000038   Code   RO         5959    i.USBD_FS_SerialStrDescriptor  usbd_desc.o
    0x080068f8   0x080068f8   0x000000e6   Code   RO         6467    i.USBD_GetDescriptor  usbd_ctlreq.o
    0x080069de   0x080069de   0x0000003a   Code   RO         6310    i.USBD_GetEpDesc    usbd_core.o
    0x08006a18   0x08006a18   0x00000014   Code   RO         6468    i.USBD_GetLen       usbd_ctlreq.o
    0x08006a2c   0x08006a2c   0x0000000e   Code   RO         6311    i.USBD_GetNextDesc  usbd_core.o
    0x08006a3a   0x08006a3a   0x0000004e   Code   RO         6469    i.USBD_GetString    usbd_ctlreq.o
    0x08006a88   0x08006a88   0x00000018   Code   RO         6112    i.USBD_Get_USB_Status  usbd_conf.o
    0x08006aa0   0x08006aa0   0x00000026   Code   RO         6312    i.USBD_Init         usbd_core.o
    0x08006ac6   0x08006ac6   0x00000012   Code   RO         6113    i.USBD_LL_ClearStallEP  usbd_conf.o
    0x08006ad8   0x08006ad8   0x00000012   Code   RO         6114    i.USBD_LL_CloseEP   usbd_conf.o
    0x08006aea   0x08006aea   0x000000b8   Code   RO         6313    i.USBD_LL_DataInStage  usbd_core.o
    0x08006ba2   0x08006ba2   0x00000094   Code   RO         6314    i.USBD_LL_DataOutStage  usbd_core.o
    0x08006c36   0x08006c36   0x00000004   Code   RO         6315    i.USBD_LL_DevConnected  usbd_core.o
    0x08006c3a   0x08006c3a   0x0000001e   Code   RO         6316    i.USBD_LL_DevDisconnected  usbd_core.o
    0x08006c58   0x08006c58   0x00000012   Code   RO         6117    i.USBD_LL_FlushEP   usbd_conf.o
    0x08006c6a   0x08006c6a   0x00000008   Code   RO         6118    i.USBD_LL_GetRxDataSize  usbd_conf.o
    0x08006c72   0x08006c72   0x00000002   PAD
    0x08006c74   0x08006c74   0x00000060   Code   RO         6119    i.USBD_LL_Init      usbd_conf.o
    0x08006cd4   0x08006cd4   0x0000001e   Code   RO         6120    i.USBD_LL_IsStallEP  usbd_conf.o
    0x08006cf2   0x08006cf2   0x00000028   Code   RO         6317    i.USBD_LL_IsoINIncomplete  usbd_core.o
    0x08006d1a   0x08006d1a   0x00000028   Code   RO         6318    i.USBD_LL_IsoOUTIncomplete  usbd_core.o
    0x08006d42   0x08006d42   0x00000018   Code   RO         6121    i.USBD_LL_OpenEP    usbd_conf.o
    0x08006d5a   0x08006d5a   0x00000012   Code   RO         6122    i.USBD_LL_PrepareReceive  usbd_conf.o
    0x08006d6c   0x08006d6c   0x0000005e   Code   RO         6319    i.USBD_LL_Reset     usbd_core.o
    0x08006dca   0x08006dca   0x00000014   Code   RO         6320    i.USBD_LL_Resume    usbd_core.o
    0x08006dde   0x08006dde   0x0000001a   Code   RO         6321    i.USBD_LL_SOF       usbd_core.o
    0x08006df8   0x08006df8   0x00000006   Code   RO         6322    i.USBD_LL_SetSpeed  usbd_core.o
    0x08006dfe   0x08006dfe   0x00000012   Code   RO         6123    i.USBD_LL_SetUSBAddress  usbd_conf.o
    0x08006e10   0x08006e10   0x00000060   Code   RO         6323    i.USBD_LL_SetupStage  usbd_core.o
    0x08006e70   0x08006e70   0x00000012   Code   RO         6124    i.USBD_LL_StallEP   usbd_conf.o
    0x08006e82   0x08006e82   0x00000012   Code   RO         6125    i.USBD_LL_Start     usbd_conf.o
    0x08006e94   0x08006e94   0x0000001a   Code   RO         6324    i.USBD_LL_Suspend   usbd_core.o
    0x08006eae   0x08006eae   0x00000012   Code   RO         6127    i.USBD_LL_Transmit  usbd_conf.o
    0x08006ec0   0x08006ec0   0x0000000a   Code   RO         6603    i.USBD_MSC_DataIn   usbd_msc.o
    0x08006eca   0x08006eca   0x0000000a   Code   RO         6604    i.USBD_MSC_DataOut  usbd_msc.o
    0x08006ed4   0x08006ed4   0x00000078   Code   RO         6605    i.USBD_MSC_DeInit   usbd_msc.o
    0x08006f4c   0x08006f4c   0x0000000c   Code   RO         6606    i.USBD_MSC_GetDeviceQualifierDescriptor  usbd_msc.o
    0x08006f58   0x08006f58   0x0000002c   Code   RO         6607    i.USBD_MSC_GetFSCfgDesc  usbd_msc.o
    0x08006f84   0x08006f84   0x00000030   Code   RO         6608    i.USBD_MSC_GetHSCfgDesc  usbd_msc.o
    0x08006fb4   0x08006fb4   0x0000002c   Code   RO         6609    i.USBD_MSC_GetOtherSpeedCfgDesc  usbd_msc.o
    0x08006fe0   0x08006fe0   0x000000b0   Code   RO         6610    i.USBD_MSC_Init     usbd_msc.o
    0x08007090   0x08007090   0x00000016   Code   RO         6611    i.USBD_MSC_RegisterStorage  usbd_msc.o
    0x080070a6   0x080070a6   0x000000e2   Code   RO         6612    i.USBD_MSC_Setup    usbd_msc.o
    0x08007188   0x08007188   0x0000002c   Code   RO         6470    i.USBD_ParseSetupRequest  usbd_ctlreq.o
    0x080071b4   0x080071b4   0x0000003a   Code   RO         6325    i.USBD_RegisterClass  usbd_core.o
    0x080071ee   0x080071ee   0x00000014   Code   RO         6327    i.USBD_SetClassConfig  usbd_core.o
    0x08007202   0x08007202   0x00000002   PAD
    0x08007204   0x08007204   0x000000b8   Code   RO         6471    i.USBD_SetConfig    usbd_ctlreq.o
    0x080072bc   0x080072bc   0x00000004   Code   RO         6328    i.USBD_Start        usbd_core.o
    0x080072c0   0x080072c0   0x0000012c   Code   RO         6472    i.USBD_StdDevReq    usbd_ctlreq.o
    0x080073ec   0x080073ec   0x00000166   Code   RO         6473    i.USBD_StdEPReq     usbd_ctlreq.o
    0x08007552   0x08007552   0x00000072   Code   RO         6474    i.USBD_StdItfReq    usbd_ctlreq.o
    0x080075c4   0x080075c4   0x00000002   Code   RO         6128    i.USBD_static_free  usbd_conf.o
    0x080075c6   0x080075c6   0x00000002   PAD
    0x080075c8   0x080075c8   0x00000008   Code   RO         6129    i.USBD_static_malloc  usbd_conf.o
    0x080075d0   0x080075d0   0x00000080   Code   RO          974    i.USB_ActivateEndpoint  stm32f4xx_ll_usb.o
    0x08007650   0x08007650   0x0000001c   Code   RO          976    i.USB_ActivateSetup  stm32f4xx_ll_usb.o
    0x0800766c   0x0800766c   0x00000084   Code   RO          978    i.USB_CoreInit      stm32f4xx_ll_usb.o
    0x080076f0   0x080076f0   0x00000044   Code   RO          979    i.USB_CoreReset     stm32f4xx_ll_usb.o
    0x08007734   0x08007734   0x000000cc   Code   RO          982    i.USB_DeactivateEndpoint  stm32f4xx_ll_usb.o
    0x08007800   0x08007800   0x0000001c   Code   RO          983    i.USB_DevConnect    stm32f4xx_ll_usb.o
    0x0800781c   0x0800781c   0x0000001c   Code   RO          984    i.USB_DevDisconnect  stm32f4xx_ll_usb.o
    0x08007838   0x08007838   0x0000017c   Code   RO          985    i.USB_DevInit       stm32f4xx_ll_usb.o
    0x080079b4   0x080079b4   0x0000000c   Code   RO          986    i.USB_DisableGlobalInt  stm32f4xx_ll_usb.o
    0x080079c0   0x080079c0   0x00000058   Code   RO          989    i.USB_EP0_OutStart  stm32f4xx_ll_usb.o
    0x08007a18   0x08007a18   0x00000058   Code   RO          990    i.USB_EPClearStall  stm32f4xx_ll_usb.o
    0x08007a70   0x08007a70   0x00000058   Code   RO          991    i.USB_EPSetStall    stm32f4xx_ll_usb.o
    0x08007ac8   0x08007ac8   0x00000238   Code   RO          992    i.USB_EPStartXfer   stm32f4xx_ll_usb.o
    0x08007d00   0x08007d00   0x0000009e   Code   RO          993    i.USB_EPStopXfer    stm32f4xx_ll_usb.o
    0x08007d9e   0x08007d9e   0x0000000c   Code   RO          994    i.USB_EnableGlobalInt  stm32f4xx_ll_usb.o
    0x08007daa   0x08007daa   0x00000038   Code   RO          995    i.USB_FlushRxFifo   stm32f4xx_ll_usb.o
    0x08007de2   0x08007de2   0x0000003c   Code   RO          996    i.USB_FlushTxFifo   stm32f4xx_ll_usb.o
    0x08007e1e   0x08007e1e   0x0000001a   Code   RO          998    i.USB_GetDevSpeed   stm32f4xx_ll_usb.o
    0x08007e38   0x08007e38   0x00000008   Code   RO         1000    i.USB_GetMode       stm32f4xx_ll_usb.o
    0x08007e40   0x08007e40   0x0000000e   Code   RO         1008    i.USB_ReadDevAllInEpInterrupt  stm32f4xx_ll_usb.o
    0x08007e4e   0x08007e4e   0x0000000e   Code   RO         1009    i.USB_ReadDevAllOutEpInterrupt  stm32f4xx_ll_usb.o
    0x08007e5c   0x08007e5c   0x00000024   Code   RO         1010    i.USB_ReadDevInEPInterrupt  stm32f4xx_ll_usb.o
    0x08007e80   0x08007e80   0x00000010   Code   RO         1011    i.USB_ReadDevOutEPInterrupt  stm32f4xx_ll_usb.o
    0x08007e90   0x08007e90   0x00000008   Code   RO         1012    i.USB_ReadInterrupts  stm32f4xx_ll_usb.o
    0x08007e98   0x08007e98   0x0000003e   Code   RO         1013    i.USB_ReadPacket    stm32f4xx_ll_usb.o
    0x08007ed6   0x08007ed6   0x0000005c   Code   RO         1015    i.USB_SetCurrentMode  stm32f4xx_ll_usb.o
    0x08007f32   0x08007f32   0x00000022   Code   RO         1016    i.USB_SetDevAddress  stm32f4xx_ll_usb.o
    0x08007f54   0x08007f54   0x000000e8   Code   RO         1018    i.USB_SetTurnaroundTime  stm32f4xx_ll_usb.o
    0x0800803c   0x0800803c   0x00000028   Code   RO         1021    i.USB_WritePacket   stm32f4xx_ll_usb.o
    0x08008064   0x08008064   0x00000020   Code   RO         4957    i.UpdateCRC16       ymodem.o
    0x08008084   0x08008084   0x00000002   Code   RO          576    i.UsageFault_Handler  stm32f4xx_it.o
    0x08008086   0x08008086   0x00000002   PAD
    0x08008088   0x08008088   0x00000194   Code   RO         4958    i.Ymodem_Receive    ymodem.o
    0x0800821c   0x0800821c   0x000002c8   Code   RO         4959    i.Ymodem_Transmit   ymodem.o
    0x080084e4   0x080084e4   0x00000020   Code   RO         7114    i.__0printf$8       mc_w.l(printf8.o)
    0x08008504   0x08008504   0x00000020   Code   RO         2038    i.__NVIC_SetPriority  stm32f4xx_hal_cortex.o
    0x08008524   0x08008524   0x0000000e   Code   RO         7240    i.__scatterload_copy  mc_w.l(handlers.o)
    0x08008532   0x08008532   0x00000002   Code   RO         7241    i.__scatterload_null  mc_w.l(handlers.o)
    0x08008534   0x08008534   0x0000000e   Code   RO         7242    i.__scatterload_zeroinit  mc_w.l(handlers.o)
    0x08008542   0x08008542   0x00000002   PAD
    0x08008544   0x08008544   0x00000404   Code   RO         7121    i._printf_core      mc_w.l(printf8.o)
    0x08008948   0x08008948   0x00000024   Code   RO         7122    i._printf_post_padding  mc_w.l(printf8.o)
    0x0800896c   0x0800896c   0x0000002e   Code   RO         7123    i._printf_pre_padding  mc_w.l(printf8.o)
    0x0800899a   0x0800899a   0x00000002   PAD
    0x0800899c   0x0800899c   0x000001b0   Code   RO           16    i.app_is_valid      main.o
    0x08008b4c   0x08008b4c   0x00000070   Code   RO         5423    i.check_fs          ff.o
    0x08008bbc   0x08008bbc   0x00000010   Code   RO         5424    i.chk_chr           ff.o
    0x08008bcc   0x08008bcc   0x0000005c   Code   RO         5425    i.chk_lock          ff.o
    0x08008c28   0x08008c28   0x00000020   Code   RO         5426    i.clear_lock        ff.o
    0x08008c48   0x08008c48   0x00000024   Code   RO         5427    i.clmt_clust        ff.o
    0x08008c6c   0x08008c6c   0x00000018   Code   RO         5428    i.clust2sect        ff.o
    0x08008c84   0x08008c84   0x00000080   Code   RO         5429    i.cmp_lfn           ff.o
    0x08008d04   0x08008d04   0x000000a4   Code   RO         5430    i.create_chain      ff.o
    0x08008da8   0x08008da8   0x00000244   Code   RO         5431    i.create_name       ff.o
    0x08008fec   0x08008fec   0x00000034   Code   RO         5432    i.dec_lock          ff.o
    0x08009020   0x08009020   0x000000d0   Code   RO         5433    i.dir_find          ff.o
    0x080090f0   0x080090f0   0x000000f4   Code   RO         5434    i.dir_next          ff.o
    0x080091e4   0x080091e4   0x000000b6   Code   RO         5435    i.dir_read          ff.o
    0x0800929a   0x0800929a   0x00000002   PAD
    0x0800929c   0x0800929c   0x000001e4   Code   RO         5436    i.dir_register      ff.o
    0x08009480   0x08009480   0x00000082   Code   RO         5438    i.dir_sdi           ff.o
    0x08009502   0x08009502   0x00000002   PAD
    0x08009504   0x08009504   0x0000002c   Code   RO         5368    i.disk_initialize   diskio.o
    0x08009530   0x08009530   0x0000001c   Code   RO         5369    i.disk_ioctl        diskio.o
    0x0800954c   0x0800954c   0x0000001c   Code   RO         5370    i.disk_read         diskio.o
    0x08009568   0x08009568   0x00000018   Code   RO         5371    i.disk_status       diskio.o
    0x08009580   0x08009580   0x0000001c   Code   RO         5372    i.disk_write        diskio.o
    0x0800959c   0x0800959c   0x00000024   Code   RO         5017    i.dwt_delay_init    dwt_delay.o
    0x080095c0   0x080095c0   0x00000028   Code   RO         5439    i.f_close           ff.o
    0x080095e8   0x080095e8   0x00000022   Code   RO         5440    i.f_closedir        ff.o
    0x0800960a   0x0800960a   0x000000d4   Code   RO         5441    i.f_getfree         ff.o
    0x080096de   0x080096de   0x00000048   Code   RO         5442    i.f_gets            ff.o
    0x08009726   0x08009726   0x00000002   PAD
    0x08009728   0x08009728   0x00000058   Code   RO         5446    i.f_mount           ff.o
    0x08009780   0x08009780   0x00000244   Code   RO         5447    i.f_open            ff.o
    0x080099c4   0x080099c4   0x000000ac   Code   RO         5448    i.f_opendir         ff.o
    0x08009a70   0x08009a70   0x00000152   Code   RO         5452    i.f_read            ff.o
    0x08009bc2   0x08009bc2   0x00000066   Code   RO         5453    i.f_readdir         ff.o
    0x08009c28   0x08009c28   0x0000008e   Code   RO         5456    i.f_sync            ff.o
    0x08009cb6   0x08009cb6   0x00000002   PAD
    0x08009cb8   0x08009cb8   0x00000168   Code   RO         5057    i.fatTest_ReadTXTFile  file_opera.o
    0x08009e20   0x08009e20   0x00000294   Code   RO         5059    i.fatTest_ScanDir   file_opera.o
    0x0800a0b4   0x0800a0b4   0x0000004c   Code   RO         5866    i.ff_convert        cc936.o
    0x0800a100   0x0800a100   0x00000004   Code   RO         5830    i.ff_memalloc       syscall.o
    0x0800a104   0x0800a104   0x00000004   Code   RO         5831    i.ff_memfree        syscall.o
    0x0800a108   0x0800a108   0x00000080   Code   RO         5867    i.ff_wtoupper       cc936.o
    0x0800a188   0x0800a188   0x00000254   Code   RO         5460    i.find_volume       ff.o
    0x0800a3dc   0x0800a3dc   0x00000074   Code   RO         5461    i.follow_path       ff.o
    0x0800a450   0x0800a450   0x00000020   Code   RO           17    i.fputc             main.o
    0x0800a470   0x0800a470   0x00000050   Code   RO         7168    i.free              mc_w.l(malloc.o)
    0x0800a4c0   0x0800a4c0   0x0000008c   Code   RO         5462    i.gen_numname       ff.o
    0x0800a54c   0x0800a54c   0x000000be   Code   RO         5463    i.get_fat           ff.o
    0x0800a60a   0x0800a60a   0x00000004   Code   RO         5331    i.get_fattime       fatfs.o
    0x0800a60e   0x0800a60e   0x000000f4   Code   RO         5464    i.get_fileinfo      ff.o
    0x0800a702   0x0800a702   0x0000003c   Code   RO         5465    i.get_ldnumber      ff.o
    0x0800a73e   0x0800a73e   0x00000002   PAD
    0x0800a740   0x0800a740   0x00000080   Code   RO         5466    i.inc_lock          ff.o
    0x0800a7c0   0x0800a7c0   0x000001b8   Code   RO           18    i.jump_to_app       main.o
    0x0800a978   0x0800a978   0x00000026   Code   RO         5467    i.ld_clust          ff.o
    0x0800a99e   0x0800a99e   0x00000016   Code   RO         5468    i.ld_dword          ff.o
    0x0800a9b4   0x0800a9b4   0x0000000a   Code   RO         5469    i.ld_word           ff.o
    0x0800a9be   0x0800a9be   0x00000002   PAD
    0x0800a9c0   0x0800a9c0   0x00000068   Code   RO           19    i.main              main.o
    0x0800aa28   0x0800aa28   0x0000006c   Code   RO         7169    i.malloc            mc_w.l(malloc.o)
    0x0800aa94   0x0800aa94   0x00000012   Code   RO         5470    i.mem_cpy           ff.o
    0x0800aaa6   0x0800aaa6   0x00000002   PAD
    0x0800aaa8   0x0800aaa8   0x0000000e   Code   RO         5471    i.mem_set           ff.o
    0x0800aab6   0x0800aab6   0x00000032   Code   RO         5472    i.move_window       ff.o
    0x0800aae8   0x0800aae8   0x00000074   Code   RO         5473    i.pick_lfn          ff.o
    0x0800ab5c   0x0800ab5c   0x000001b8   Code   RO           20    i.power_on_check    main.o
    0x0800ad14   0x0800ad14   0x000000ea   Code   RO         5474    i.put_fat           ff.o
    0x0800adfe   0x0800adfe   0x00000074   Code   RO         5477    i.remove_chain      ff.o
    0x0800ae72   0x0800ae72   0x00000002   PAD
    0x0800ae74   0x0800ae74   0x00000294   Code   RO           21    i.show_sdcard_info  main.o
    0x0800b108   0x0800b108   0x00000028   Code   RO         5478    i.st_clust          ff.o
    0x0800b130   0x0800b130   0x00000010   Code   RO         5479    i.st_dword          ff.o
    0x0800b140   0x0800b140   0x00000008   Code   RO         5480    i.st_word           ff.o
    0x0800b148   0x0800b148   0x0000001a   Code   RO         5481    i.sum_sfn           ff.o
    0x0800b162   0x0800b162   0x00000002   PAD
    0x0800b164   0x0800b164   0x00000088   Code   RO         5482    i.sync_fs           ff.o
    0x0800b1ec   0x0800b1ec   0x00000052   Code   RO         5483    i.sync_window       ff.o
    0x0800b23e   0x0800b23e   0x00000034   Code   RO         5484    i.validate          ff.o
    0x0800b272   0x0800b272   0x00000008   Data   RO         1752    .constdata          stm32f4xx_hal_dma.o
    0x0800b27a   0x0800b27a   0x00000010   Data   RO         4755    .constdata          system_stm32f4xx.o
    0x0800b28a   0x0800b28a   0x00000008   Data   RO         4756    .constdata          system_stm32f4xx.o
    0x0800b292   0x0800b292   0x00000002   PAD
    0x0800b294   0x0800b294   0x00000014   Data   RO         5262    .constdata          sd_diskio.o
    0x0800b2a8   0x0800b2a8   0x0000002a   Data   RO         5486    .constdata          ff.o
    0x0800b2d2   0x0800b2d2   0x0002abb6   Data   RO         5868    .constdata          cc936.o
    0x08035e88   0x08035e88   0x00000024   Data   RO         6045    .constdata          usbd_storage_if.o
    0x08035eac   0x08035eac   0x000001cd   Data   RO         4905    .conststring        menu.o
    0x08036079   0x08036079   0x00000003   PAD
    0x0803607c   0x0803607c   0x00000020   Data   RO         7238    Region$$Table       anon$$obj.o


    Execution Region RW_IRAM1 (Exec base: 0x20000000, Load base: 0x0803609c, Size: 0x000114b0, Max: 0x0001c000, ABSOLUTE, COMPRESSED[0x000000ac])

    Exec Addr    Load Addr    Size         Type   Attr      Idx    E Section Name        Object

    0x20000000   COMPRESSED   0x00000004   Data   RW           22    .data               main.o
    0x20000004   COMPRESSED   0x00000008   Data   RW          326    .data               crc.o
    0x2000000c   COMPRESSED   0x0000000c   Data   RW         2197    .data               stm32f4xx_hal.o
    0x20000018   COMPRESSED   0x00000004   Data   RW         4757    .data               system_stm32f4xx.o
    0x2000001c   COMPRESSED   0x00000004   Data   RW         4906    .data               menu.o
    0x20000020   COMPRESSED   0x00000004   Data   RW         4961    .data               ymodem.o
    0x20000024   COMPRESSED   0x0000000c   Data   RW         5263    .data               sd_diskio.o
    0x20000030   COMPRESSED   0x00000005   Data   RW         5334    .data               fatfs.o
    0x20000035   COMPRESSED   0x00000003   PAD
    0x20000038   COMPRESSED   0x00000008   Data   RW         5487    .data               ff.o
    0x20000040   COMPRESSED   0x0000001c   Data   RW         5961    .data               usbd_desc.o
    0x2000005c   COMPRESSED   0x00000032   Data   RW         5962    .data               usbd_desc.o
    0x2000008e   COMPRESSED   0x00000002   PAD
    0x20000090   COMPRESSED   0x00000020   Data   RW         6046    .data               usbd_storage_if.o
    0x200000b0   COMPRESSED   0x00000001   Data   RW         6475    .data               usbd_ctlreq.o
    0x200000b1   COMPRESSED   0x00000003   PAD
    0x200000b4   COMPRESSED   0x00000038   Data   RW         6613    .data               usbd_msc.o
    0x200000ec   COMPRESSED   0x0000002e   Data   RW         6614    .data               usbd_msc.o
    0x2000011a   COMPRESSED   0x00000006   Data   RW         6759    .data               usbd_msc_data.o
    0x20000120   COMPRESSED   0x00000008   Data   RW         6760    .data               usbd_msc_data.o
    0x20000128   COMPRESSED   0x00000004   Data   RW         6761    .data               usbd_msc_data.o
    0x2000012c   COMPRESSED   0x00000008   Data   RW         6762    .data               usbd_msc_data.o
    0x20000134   COMPRESSED   0x00000008   Data   RW         6763    .data               usbd_msc_data.o
    0x2000013c   COMPRESSED   0x00000004   Data   RW         7212    .data               mc_w.l(stdout.o)
    0x20000140   COMPRESSED   0x00000004   Data   RW         7219    .data               mc_w.l(mvars.o)
    0x20000144   COMPRESSED   0x00000004   Data   RW         7220    .data               mc_w.l(mvars.o)
    0x20000148        -       0x00000020   Zero   RW          392    .bss                rtc.o
    0x20000168        -       0x00000144   Zero   RW          435    .bss                sdio.o
    0x200002ac        -       0x00000048   Zero   RW          482    .bss                tim.o
    0x200002f4        -       0x00000048   Zero   RW          524    .bss                usart.o
    0x2000033c        -       0x00000020   Zero   RW         1451    .bss                stm32f4xx_hal_flash.o
    0x2000035c        -       0x00000048   Zero   RW         4796    .bss                common.o
    0x200003a4        -       0x00000040   Zero   RW         4904    .bss                menu.o
    0x200003e4        -       0x00000406   Zero   RW         4960    .bss                ymodem.o
    0x200007ea   COMPRESSED   0x00000002   PAD
    0x200007ec        -       0x00000234   Zero   RW         5332    .bss                fatfs.o
    0x20000a20        -       0x00000020   Zero   RW         5485    .bss                ff.o
    0x20000a40        -       0x0000000c   Zero   RW         5784    .bss                ff_gen_drv.o
    0x20000a4c        -       0x000002dc   Zero   RW         5899    .bss                usb_device.o
    0x20000d28        -       0x00000200   Zero   RW         5960    .bss                usbd_desc.o
    0x20000f28        -       0x0000856c   Zero   RW         6130    .bss                usbd_conf.o
    0x20009494        -       0x00000018   Zero   RW         6805    .bss                usbd_msc_scsi.o
    0x200094ac   COMPRESSED   0x00000004   PAD
    0x200094b0        -       0x00004000   Zero   RW            2    HEAP                startup_stm32f407xx.o
    0x2000d4b0        -       0x00004000   Zero   RW            1    STACK               startup_stm32f407xx.o


    Execution Region RW_IRAM2 (Exec base: 0x2001c000, Load base: 0x08036148, Size: 0x00000000, Max: 0x00004000, ABSOLUTE)

    **** No section assigned to this execution region ****


==============================================================================

Image component sizes


      Code (inc. data)   RO Data    RW Data    ZI Data      Debug   Object Name

       162         22          0          0          0       4732   bsp_driver_sd.o
       204         26     175030          0          0       2591   cc936.o
       396         20          0          0         72       3923   common.o
        76         18          0          8          0       1623   crc.o
       152         24          0          0          0       3881   diskio.o
        60          4          0          0          0        830   dma.o
        36         10          0          0          0        481   dwt_delay.o
        32         10          0          5        564       1608   fatfs.o
      6716        100         42          8         32      50818   ff.o
        70          6          0          0         12       1699   ff_gen_drv.o
      1020        644          0          0          0       2415   file_opera.o
       428         58          0          0          0       4443   flash_if.o
       140         10          0          0          0       1031   gpio.o
      2348       1364          0          4          0     767931   main.o
      1600       1178        461          4         64       4002   menu.o
       184         16          0          0         32       1743   rtc.o
       432         30         20         12          0       6238   sd_diskio.o
       336         34          0          0        324       1963   sdio.o
        36          8        392          0      32768        860   startup_stm32f407xx.o
       180         28          0         12          0       9593   stm32f4xx_hal.o
       234         24          0          0          0      34602   stm32f4xx_hal_cortex.o
        34          0          0          0          0       1103   stm32f4xx_hal_crc.o
      1088         16          8          0          0       8161   stm32f4xx_hal_dma.o
       584         84          0          0         32       8078   stm32f4xx_hal_flash.o
       624         44          0          0          0       6372   stm32f4xx_hal_flash_ex.o
       506         46          0          0          0       2264   stm32f4xx_hal_gpio.o
        48          6          0          0          0        906   stm32f4xx_hal_msp.o
      2628         12          0          0          0      14675   stm32f4xx_hal_pcd.o
        78          0          0          0          0       2489   stm32f4xx_hal_pcd_ex.o
      1356         78          0          0          0       5900   stm32f4xx_hal_rcc.o
       624         44          0          0          0       2317   stm32f4xx_hal_rcc_ex.o
       692         24          0          0          0       6305   stm32f4xx_hal_rtc.o
      3258         70          0          0          0      17784   stm32f4xx_hal_sd.o
      1064         72          0          0          0      10645   stm32f4xx_hal_tim.o
       148         28          0          0          0       2577   stm32f4xx_hal_tim_ex.o
      1752         14          0          0          0      12007   stm32f4xx_hal_uart.o
        80         30          0          0          0       6856   stm32f4xx_it.o
      1668         48          0          0          0      24315   stm32f4xx_ll_sdmmc.o
      2708        116          0          0          0      23960   stm32f4xx_ll_usb.o
         8          0          0          0          0       1739   syscall.o
        16          4         24          4          0       1199   system_stm32f4xx.o
       168         20          0          0         72       1794   tim.o
       176         22          0          0         72       1800   usart.o
        84         18          0          0        732       5779   usb_device.o
       660         24          0          0      34156      18138   usbd_conf.o
       934          0          0          0          0      15883   usbd_core.o
      1360         28          0          1          0      15616   usbd_ctlreq.o
       284        100          0         78        512       6405   usbd_desc.o
       104          0          0          0          0       3956   usbd_ioreq.o
       712         30          0        102          0      10297   usbd_msc.o
       854         60          0          0          0       7942   usbd_msc_bot.o
         0          0          0         34          0       1045   usbd_msc_data.o
      2808         48          0          0         24      19676   usbd_msc_scsi.o
       144         18         36         32          0       5167   usbd_storage_if.o
      1376         34          0          4       1030       7060   ymodem.o

    ----------------------------------------------------------------------
     43546       4772     176050        316      70504    1187217   Object Totals
         0          0         32          0          0          0   (incl. Generated)
        76          0          5          8          6          0   (incl. Padding)

    ----------------------------------------------------------------------

      Code (inc. data)   RO Data    RW Data    ZI Data      Debug   Library Member Name

        86          0          0          0          0          0   __dczerorl2.o
         0          0          0          0          0          0   entry.o
         0          0          0          0          0          0   entry10a.o
         0          0          0          0          0          0   entry11a.o
         4          0          0          0          0          0   entry12b.o
         8          4          0          0          0          0   entry2.o
         4          0          0          0          0          0   entry5.o
         0          0          0          0          0          0   entry7b.o
         0          0          0          0          0          0   entry8b.o
         8          4          0          0          0          0   entry9a.o
        30          0          0          0          0          0   handlers.o
        36          8          0          0          0         68   init.o
        30          0          0          0          0         68   llshl.o
        32          0          0          0          0         68   llushr.o
       188         20          0          0          0        160   malloc.o
        36          0          0          0          0         68   memcpya.o
        36          0          0          0          0        108   memseta.o
         0          0          0          8          0          0   mvars.o
      1142         54          0          0          0        352   printf8.o
         0          0          0          4          0          0   stdout.o
        98          0          0          0          0         92   uldiv.o

    ----------------------------------------------------------------------
      1744         90          0         12          0        984   Library Totals
         6          0          0          0          0          0   (incl. Padding)

    ----------------------------------------------------------------------

      Code (inc. data)   RO Data    RW Data    ZI Data      Debug   Library Name

      1738         90          0         12          0        984   mc_w.l

    ----------------------------------------------------------------------
      1744         90          0         12          0        984   Library Totals

    ----------------------------------------------------------------------

==============================================================================


      Code (inc. data)   RO Data    RW Data    ZI Data      Debug   

     45290       4862     176050        328      70504    1146017   Grand Totals
     45290       4862     176050        172      70504    1146017   ELF Image Totals (compressed)
     45290       4862     176050        172          0          0   ROM Totals

==============================================================================

    Total RO  Size (Code + RO Data)               221340 ( 216.15kB)
    Total RW  Size (RW Data + ZI Data)             70832 (  69.17kB)
    Total ROM Size (Code + RO Data + RW Data)     221512 ( 216.32kB)

==============================================================================

