Component: ARM Compiler 5.06 update 7 (build 960) Tool: armlink [4d3601]

==============================================================================

Section Cross References

    startup_stm32f407xx.o(RESET) refers to startup_stm32f407xx.o(STACK) for __initial_sp
    startup_stm32f407xx.o(RESET) refers to startup_stm32f407xx.o(.text) for Reset_Handler
    startup_stm32f407xx.o(RESET) refers to stm32f4xx_it.o(i.NMI_Handler) for NMI_Handler
    startup_stm32f407xx.o(RESET) refers to stm32f4xx_it.o(i.HardFault_Handler) for HardFault_Handler
    startup_stm32f407xx.o(RESET) refers to stm32f4xx_it.o(i.MemManage_Handler) for MemManage_Handler
    startup_stm32f407xx.o(RESET) refers to stm32f4xx_it.o(i.BusFault_Handler) for BusFault_Handler
    startup_stm32f407xx.o(RESET) refers to stm32f4xx_it.o(i.UsageFault_Handler) for UsageFault_Handler
    startup_stm32f407xx.o(RESET) refers to stm32f4xx_it.o(i.SVC_Handler) for SVC_Handler
    startup_stm32f407xx.o(RESET) refers to stm32f4xx_it.o(i.DebugMon_Handler) for DebugMon_Handler
    startup_stm32f407xx.o(RESET) refers to stm32f4xx_it.o(i.PendSV_Handler) for PendSV_Handler
    startup_stm32f407xx.o(RESET) refers to stm32f4xx_it.o(i.SysTick_Handler) for SysTick_Handler
    startup_stm32f407xx.o(RESET) refers to stm32f4xx_it.o(i.TIM1_UP_TIM10_IRQHandler) for TIM1_UP_TIM10_IRQHandler
    startup_stm32f407xx.o(RESET) refers to stm32f4xx_it.o(i.UART4_IRQHandler) for UART4_IRQHandler
    startup_stm32f407xx.o(RESET) refers to stm32f4xx_it.o(i.DMA2_Stream3_IRQHandler) for DMA2_Stream3_IRQHandler
    startup_stm32f407xx.o(RESET) refers to stm32f4xx_it.o(i.OTG_FS_IRQHandler) for OTG_FS_IRQHandler
    startup_stm32f407xx.o(RESET) refers to stm32f4xx_it.o(i.DMA2_Stream6_IRQHandler) for DMA2_Stream6_IRQHandler
    startup_stm32f407xx.o(.text) refers to system_stm32f4xx.o(i.SystemInit) for SystemInit
    startup_stm32f407xx.o(.text) refers to entry.o(.ARM.Collect$$$$00000000) for __main
    main.o(i.HAL_TIM_PeriodElapsedCallback) refers to stm32f4xx_hal_gpio.o(i.HAL_GPIO_WritePin) for HAL_GPIO_WritePin
    main.o(i.HAL_TIM_PeriodElapsedCallback) refers to main.o(.data) for .data
    main.o(i.SystemClock_Config) refers to memseta.o(.text) for __aeabi_memclr4
    main.o(i.SystemClock_Config) refers to stm32f4xx_hal_rcc.o(i.HAL_RCC_OscConfig) for HAL_RCC_OscConfig
    main.o(i.SystemClock_Config) refers to stm32f4xx_hal_rcc.o(i.HAL_RCC_ClockConfig) for HAL_RCC_ClockConfig
    main.o(i.app_is_valid) refers to printf8.o(i.__0printf$8) for __2printf
    main.o(i.fputc) refers to stm32f4xx_hal_uart.o(i.HAL_UART_Transmit) for HAL_UART_Transmit
    main.o(i.fputc) refers to usart.o(.bss) for huart4
    main.o(i.jump_to_app) refers to printf8.o(i.__0printf$8) for __2printf
    main.o(i.jump_to_app) refers to memcpya.o(.text) for __aeabi_memcpy
    main.o(i.jump_to_app) refers to stm32f4xx_hal_rcc_ex.o(i.HAL_RCC_DeInit) for HAL_RCC_DeInit
    main.o(i.main) refers to stm32f4xx_hal.o(i.HAL_Init) for HAL_Init
    main.o(i.main) refers to main.o(i.SystemClock_Config) for SystemClock_Config
    main.o(i.main) refers to gpio.o(i.MX_GPIO_Init) for MX_GPIO_Init
    main.o(i.main) refers to dma.o(i.MX_DMA_Init) for MX_DMA_Init
    main.o(i.main) refers to usart.o(i.MX_UART4_Init) for MX_UART4_Init
    main.o(i.main) refers to crc.o(i.MX_CRC_Init) for MX_CRC_Init
    main.o(i.main) refers to tim.o(i.MX_TIM1_Init) for MX_TIM1_Init
    main.o(i.main) refers to rtc.o(i.MX_RTC_Init) for MX_RTC_Init
    main.o(i.main) refers to fatfs.o(i.MX_FATFS_Init) for MX_FATFS_Init
    main.o(i.main) refers to usb_device.o(i.MX_USB_DEVICE_Init) for MX_USB_DEVICE_Init
    main.o(i.main) refers to spi.o(i.MX_SPI1_Init) for MX_SPI1_Init
    main.o(i.main) refers to sdio.o(i.MX_SDIO_SD_Init_Fix) for MX_SDIO_SD_Init_Fix
    main.o(i.main) refers to dwt_delay.o(i.dwt_delay_init) for dwt_delay_init
    main.o(i.main) refers to printf8.o(i.__0printf$8) for __2printf
    main.o(i.main) refers to flash_if.o(i.FLASH_If_Init) for FLASH_If_Init
    main.o(i.main) refers to common.o(i.Common_Init) for Common_Init
    main.o(i.main) refers to w25q128.o(i.w25q128_init) for w25q128_init
    main.o(i.main) refers to stm32f4xx_hal_tim.o(i.HAL_TIM_Base_Start_IT) for HAL_TIM_Base_Start_IT
    main.o(i.main) refers to main.o(i.power_on_check) for power_on_check
    main.o(i.main) refers to tim.o(.bss) for htim1
    main.o(i.power_on_check) refers to printf8.o(i.__0printf$8) for __2printf
    main.o(i.power_on_check) refers to ff.o(i.f_mount) for f_mount
    main.o(i.power_on_check) refers to stm32f4xx_hal.o(i.HAL_GetTick) for HAL_GetTick
    main.o(i.power_on_check) refers to stm32f4xx_hal_sd.o(i.HAL_SD_GetCardState) for HAL_SD_GetCardState
    main.o(i.power_on_check) refers to stm32f4xx_hal.o(i.HAL_Delay) for HAL_Delay
    main.o(i.power_on_check) refers to main.o(i.show_spi_flash_info) for show_spi_flash_info
    main.o(i.power_on_check) refers to stm32f4xx_hal_uart.o(i.HAL_UART_Receive) for HAL_UART_Receive
[...]
    USB_FlushRxFifo                          0x08009557   Thumb Code    56  stm32f4xx_ll_usb.o(i.USB_FlushRxFifo)
    USB_FlushTxFifo                          0x0800958f   Thumb Code    60  stm32f4xx_ll_usb.o(i.USB_FlushTxFifo)
    USB_GetDevSpeed                          0x080095cb   Thumb Code    26  stm32f4xx_ll_usb.o(i.USB_GetDevSpeed)
    USB_GetMode                              0x080095e5   Thumb Code     8  stm32f4xx_ll_usb.o(i.USB_GetMode)
    USB_ReadDevAllInEpInterrupt              0x080095ed   Thumb Code    14  stm32f4xx_ll_usb.o(i.USB_ReadDevAllInEpInterrupt)
    USB_ReadDevAllOutEpInterrupt             0x080095fb   Thumb Code    14  stm32f4xx_ll_usb.o(i.USB_ReadDevAllOutEpInterrupt)
    USB_ReadDevInEPInterrupt                 0x08009609   Thumb Code    36  stm32f4xx_ll_usb.o(i.USB_ReadDevInEPInterrupt)
    USB_ReadDevOutEPInterrupt                0x0800962d   Thumb Code    16  stm32f4xx_ll_usb.o(i.USB_ReadDevOutEPInterrupt)
    USB_ReadInterrupts                       0x0800963d   Thumb Code     8  stm32f4xx_ll_usb.o(i.USB_ReadInterrupts)
    USB_ReadPacket                           0x08009645   Thumb Code    62  stm32f4xx_ll_usb.o(i.USB_ReadPacket)
    USB_SetCurrentMode                       0x08009683   Thumb Code    92  stm32f4xx_ll_usb.o(i.USB_SetCurrentMode)
    USB_SetDevAddress                        0x080096df   Thumb Code    34  stm32f4xx_ll_usb.o(i.USB_SetDevAddress)
    USB_SetTurnaroundTime                    0x08009701   Thumb Code   158  stm32f4xx_ll_usb.o(i.USB_SetTurnaroundTime)
    USB_WritePacket                          0x080097e9   Thumb Code    40  stm32f4xx_ll_usb.o(i.USB_WritePacket)
    UpdateCRC16                              0x08009811   Thumb Code    32  ymodem.o(i.UpdateCRC16)
    UsageFault_Handler                       0x08009831   Thumb Code     2  stm32f4xx_it.o(i.UsageFault_Handler)
    W25Q128_erase_sector                     0x08009835   Thumb Code    70  w25q128.o(i.W25Q128_erase_sector)
    W25Q128_read                             0x08009881   Thumb Code    84  w25q128.o(i.W25Q128_read)
    W25Q128_readID                           0x080098d9   Thumb Code    72  w25q128.o(i.W25Q128_readID)
    W25Q128_wait_busy                        0x08009925   Thumb Code    44  w25q128.o(i.W25Q128_wait_busy)
    W25Q128_write_enable                     0x08009955   Thumb Code    34  w25q128.o(i.W25Q128_write_enable)
    Ymodem_Receive                           0x0800997d   Thumb Code   384  ymodem.o(i.Ymodem_Receive)
    Ymodem_Transmit                          0x08009b11   Thumb Code   704  ymodem.o(i.Ymodem_Transmit)
    __0printf$8                              0x08009dd9   Thumb Code    22  printf8.o(i.__0printf$8)
    __1printf$8                              0x08009dd9   Thumb Code     0  printf8.o(i.__0printf$8)
    __2printf                                0x08009dd9   Thumb Code     0  printf8.o(i.__0printf$8)
    __0sprintf$8                             0x08009df9   Thumb Code    34  printf8.o(i.__0sprintf$8)
    __1sprintf$8                             0x08009df9   Thumb Code     0  printf8.o(i.__0sprintf$8)
    __2sprintf                               0x08009df9   Thumb Code     0  printf8.o(i.__0sprintf$8)
    __scatterload_copy                       0x08009e41   Thumb Code    14  handlers.o(i.__scatterload_copy)
    __scatterload_null                       0x08009e4f   Thumb Code     2  handlers.o(i.__scatterload_null)
    __scatterload_zeroinit                   0x08009e51   Thumb Code    14  handlers.o(i.__scatterload_zeroinit)
    disk_initialize                          0x0800ae25   Thumb Code    38  diskio.o(i.disk_initialize)
    disk_ioctl                               0x0800ae51   Thumb Code    24  diskio.o(i.disk_ioctl)
    disk_read                                0x0800ae6d   Thumb Code    24  diskio.o(i.disk_read)
    disk_status                              0x0800ae89   Thumb Code    18  diskio.o(i.disk_status)
    disk_write                               0x0800aea1   Thumb Code    24  diskio.o(i.disk_write)
    dwt_delay_init                           0x0800aebd   Thumb Code    26  dwt_delay.o(i.dwt_delay_init)
    f_close                                  0x0800aee1   Thumb Code    40  ff.o(i.f_close)
    f_closedir                               0x0800af09   Thumb Code    34  ff.o(i.f_closedir)
    f_getfree                                0x0800af2b   Thumb Code   212  ff.o(i.f_getfree)
    f_gets                                   0x0800afff   Thumb Code    72  ff.o(i.f_gets)
    f_mount                                  0x0800b049   Thumb Code    84  ff.o(i.f_mount)
    f_open                                   0x0800b0a1   Thumb Code   574  ff.o(i.f_open)
    f_opendir                                0x0800b2e5   Thumb Code   172  ff.o(i.f_opendir)
    f_read                                   0x0800b391   Thumb Code   338  ff.o(i.f_read)
    f_readdir                                0x0800b4e3   Thumb Code   102  ff.o(i.f_readdir)
    f_sync                                   0x0800b549   Thumb Code   142  ff.o(i.f_sync)
    fatTest_ReadTXTFile                      0x0800b5d9   Thumb Code   124  file_opera.o(i.fatTest_ReadTXTFile)
    fatTest_ScanDir                          0x0800b749   Thumb Code   252  file_opera.o(i.fatTest_ScanDir)
    ff_convert                               0x0800b9dd   Thumb Code    68  cc936.o(i.ff_convert)
    ff_memalloc                              0x0800ba29   Thumb Code     4  syscall.o(i.ff_memalloc)
    ff_memfree                               0x0800ba2d   Thumb Code     4  syscall.o(i.ff_memfree)
    ff_wtoupper                              0x0800ba31   Thumb Code   120  cc936.o(i.ff_wtoupper)
    fputc                                    0x0800bd79   Thumb Code    26  main.o(i.fputc)
    free                                     0x0800bd99   Thumb Code    76  malloc.o(i.free)
    get_fattime                              0x0800bf33   Thumb Code     4  fatfs.o(i.get_fattime)
    lfs_crc                                  0x0800c819   Thumb Code    50  lfs_util.o(i.lfs_crc)
    lfs_dir_close                            0x0800cc45   Thumb Code    10  lfs.o(i.lfs_dir_close)
    lfs_dir_open                             0x0800dbd1   Thumb Code    34  lfs.o(i.lfs_dir_open)
    lfs_dir_read                             0x0800e085   Thumb Code     4  lfs.o(i.lfs_dir_read)
    lfs_file_close                           0x0800e9a1   Thumb Code    30  lfs.o(i.lfs_file_close)
    lfs_file_open                            0x0800ed39   Thumb Code    40  lfs.o(i.lfs_file_open)
    lfs_file_read                            0x0800efcf   Thumb Code    66  lfs.o(i.lfs_file_read)
    lfs_file_size                            0x0800f151   Thumb Code    30  lfs.o(i.lfs_file_size)
    lfs_file_sync                            0x0800f181   Thumb Code    30  lfs.o(i.lfs_file_sync)
    lfs_file_write                           0x0800f25f   Thumb Code    40  lfs.o(i.lfs_file_write)
    lfs_format                               0x0800f319   Thumb Code     4  lfs.o(i.lfs_format)
    lfs_mount                                0x0800fddf   Thumb Code     4  lfs.o(i.lfs_mount)
    lfs_spi_flash_init                       0x080102fb   Thumb Code    30  lfs_spi_flash_adapter.o(i.lfs_spi_flash_init)
    lfs_spi_flash_mount                      0x08010319   Thumb Code    44  lfs_spi_flash_adapter.o(i.lfs_spi_flash_mount)
    lfs_spi_flash_unmount                    0x080103f9   Thumb Code     8  lfs_spi_flash_adapter.o(i.lfs_spi_flash_unmount)
    lfs_stat                                 0x08010405   Thumb Code    70  lfs.o(i.lfs_stat)
    lfs_unmount                              0x0801057d   Thumb Code     4  lfs.o(i.lfs_unmount)
    main                                     0x08010585   Thumb Code    82  main.o(i.main)
    malloc                                   0x080105f5   Thumb Code    92  malloc.o(i.malloc)
    spi_read_write_byte                      0x08011139   Thumb Code    34  w25q128.o(i.spi_read_write_byte)
    w25q128_init                             0x080112cd   Thumb Code    10  w25q128.o(i.w25q128_init)
    AHBPrescTable                            0x080112e4   Data          16  system_stm32f4xx.o(.constdata)
    APBPrescTable                            0x080112f4   Data           8  system_stm32f4xx.o(.constdata)
    lfs_spi_flash_cfg                        0x080112fc   Data          84  lfs_spi_flash_adapter.o(.constdata)
    SD_Driver                                0x08011350   Data          20  sd_diskio.o(.constdata)
    STORAGE_Inquirydata_FS                   0x0803bf44   Data          36  usbd_storage_if.o(.constdata)
    Region$$Table$$Base                      0x0803c45c   Number         0  anon$$obj.o(Region$$Table)
    Region$$Table$$Limit                     0x0803c47c   Number         0  anon$$obj.o(Region$$Table)
    hcrc                                     0x20000004   Data           8  crc.o(.data)
    uwTickFreq                               0x2000000c   Data           1  stm32f4xx_hal.o(.data)
    uwTickPrio                               0x20000010   Data           4  stm32f4xx_hal.o(.data)
    uwTick                                   0x20000014   Data           4  stm32f4xx_hal.o(.data)
    SystemCoreClock                          0x20000018   Data           4  system_stm32f4xx.o(.data)
    FlashProtection                          0x2000001c   Data           4  menu.o(.data)
    flashdestination                         0x20000020   Data           4  ymodem.o(.data)
    retSD                                    0x20000030   Data           1  fatfs.o(.data)
    SDPath                                   0x20000031   Data           4  fatfs.o(.data)
    FS_Desc                                  0x20000040   Data          28  usbd_desc.o(.data)
    USBD_LangIDDesc                          0x2000005c   Data           4  usbd_desc.o(.data)
    USBD_FS_DeviceDesc                       0x20000060   Data          18  usbd_desc.o(.data)
    USBD_StringSerial                        0x20000074   Data          26  usbd_desc.o(.data)
    USBD_Storage_Interface_fops_FS           0x20000090   Data          32  usbd_storage_if.o(.data)
    USBD_MSC                                 0x200000b4   Data          56  usbd_msc.o(.data)
    MSCInEpAdd                               0x200000ec   Data           1  usbd_msc.o(.data)
    MSCOutEpAdd                              0x200000ed   Data           1  usbd_msc.o(.data)
    MSC_Page00_Inquiry_Data                  0x2000011a   Data           6  usbd_msc_data.o(.data)
    MSC_Page80_Inquiry_Data                  0x20000120   Data           8  usbd_msc_data.o(.data)
    MSC_Mode_Sense6_data                     0x20000128   Data           4  usbd_msc_data.o(.data)
    MSC_Mode_Sense10_data                    0x2000012c   Data           8  usbd_msc_data.o(.data)
    MSC_Diagnostic_Data                      0x20000134   Data           8  usbd_msc_data.o(.data)
    __stdout                                 0x2000013c   Data           4  stdout.o(.data)
    __microlib_freelist                      0x20000140   Data           4  mvars.o(.data)
    __microlib_freelist_initialised          0x20000144   Data           4  mvars.o(.data)
    hrtc                                     0x20000148   Data          32  rtc.o(.bss)
    hsd                                      0x20000168   Data         132  sdio.o(.bss)
    hdma_sdio_rx                             0x200001ec   Data          96  sdio.o(.bss)
    hdma_sdio_tx                             0x2000024c   Data          96  sdio.o(.bss)
    hspi1                                    0x200002ac   Data          88  spi.o(.bss)
    htim1                                    0x20000304   Data          72  tim.o(.bss)
    huart4                                   0x2000034c   Data          72  usart.o(.bss)
    pFlash                                   0x20000394   Data          32  stm32f4xx_hal_flash.o(.bss)
    UartHandle                               0x200003b4   Data          72  common.o(.bss)
    aFileName                                0x200003fc   Data          64  menu.o(.bss)
    aPacketData                              0x2000043c   Data        1030  ymodem.o(.bss)
    lfs_instance                             0x20000844   Data         128  lfs_spi_flash_adapter.o(.bss)
    SDFatFS                                  0x200008c4   Data         564  fatfs.o(.bss)
    disk                                     0x20000b18   Data          12  ff_gen_drv.o(.bss)
    hUsbDeviceFS                             0x20000b24   Data         732  usb_device.o(.bss)
    USBD_StrDesc                             0x20000e00   Data         512  usbd_desc.o(.bss)
    hpcd_USB_OTG_FS                          0x20009088   Data        1252  usbd_conf.o(.bss)
    __heap_base                              0x20009588   Data           0  startup_stm32f407xx.o(HEAP)
    __heap_limit                             0x2000d588   Data           0  startup_stm32f407xx.o(HEAP)
    __initial_sp                             0x20011588   Data           0  startup_stm32f407xx.o(STACK)



==============================================================================

Memory Map of the image

  Image Entry point : 0x08000189

  Load Region LR_IROM1 (Base: 0x08000000, Size: 0x0003c5c4, Max: 0x00100000, ABSOLUTE, COMPRESSED[0x0003c528])

    Execution Region ER_IROM1 (Exec base: 0x08000000, Load base: 0x08000000, Size: 0x0003c47c, Max: 0x00100000, ABSOLUTE)

    Exec Addr    Load Addr    Size         Type   Attr      Idx    E Section Name        Object

    0x08000000   0x08000000   0x00000188   Data   RO            3    RESET               startup_stm32f407xx.o
    0x08000188   0x08000188   0x00000000   Code   RO         8283  * .ARM.Collect$$$$00000000  mc_w.l(entry.o)
    0x08000188   0x08000188   0x00000004   Code   RO         8601    .ARM.Collect$$$$00000001  mc_w.l(entry2.o)
    0x0800018c   0x0800018c   0x00000004   Code   RO         8604    .ARM.Collect$$$$00000004  mc_w.l(entry5.o)
    0x08000190   0x08000190   0x00000000   Code   RO         8606    .ARM.Collect$$$$00000008  mc_w.l(entry7b.o)
    0x08000190   0x08000190   0x00000000   Code   RO         8608    .ARM.Collect$$$$0000000A  mc_w.l(entry8b.o)
    0x08000190   0x08000190   0x00000008   Code   RO         8609    .ARM.Collect$$$$0000000B  mc_w.l(entry9a.o)
    0x08000198   0x08000198   0x00000004   Code   RO         8616    .ARM.Collect$$$$0000000E  mc_w.l(entry12b.o)
    0x0800019c   0x0800019c   0x00000000   Code   RO         8611    .ARM.Collect$$$$0000000F  mc_w.l(entry10a.o)
    0x0800019c   0x0800019c   0x00000000   Code   RO         8613    .ARM.Collect$$$$00000011  mc_w.l(entry11a.o)
    0x0800019c   0x0800019c   0x00000004   Code   RO         8602    .ARM.Collect$$$$00002712  mc_w.l(entry2.o)
    0x080001a0   0x080001a0   0x00000024   Code   RO            4    .text               startup_stm32f407xx.o
    0x080001c4   0x080001c4   0x00000062   Code   RO         8286    .text               mc_w.l(uldiv.o)
    0x08000226   0x08000226   0x00000024   Code   RO         8290    .text               mc_w.l(memcpya.o)
    0x0800024a   0x0800024a   0x00000024   Code   RO         8292    .text               mc_w.l(memseta.o)
    0x0800026e   0x0800026e   0x00000014   Code   RO         8294    .text               mc_w.l(strchr.o)
    0x08000282   0x08000282   0x0000001c   Code   RO         8298    .text               mc_w.l(strcmp.o)
    0x0800029e   0x0800029e   0x0000001a   Code   RO         8300    .text               mc_w.l(memcmp.o)
    0x080002b8   0x080002b8   0x00000012   Code   RO         8302    .text               mc_w.l(strcpy.o)
    0x080002ca   0x080002ca   0x00000016   Code   RO         8304    .text               mc_w.l(strrchr.o)
    0x080002e0   0x080002e0   0x0000001c   Code   RO         8306    .text               mc_w.l(strspn.o)
    0x080002fc   0x080002fc   0x00000022   Code   RO         8308    .text               mc_w.l(strcspn.o)
    0x0800031e   0x0800031e   0x0000001e   Code   RO         8620    .text               mc_w.l(llshl.o)
    0x0800033c   0x0800033c   0x00000020   Code   RO         8622    .text               mc_w.l(llushr.o)
    0x0800035c   0x0800035c   0x00000024   Code   RO         8637    .text               mc_w.l(init.o)
    0x08000380   0x08000380   0x00000056   Code   RO         8651    .text               mc_w.l(__dczerorl2.o)
    0x080003d6   0x080003d6   0x00000002   PAD
    0x080003d8   0x080003d8   0x0000000c   Code   RO         5742    i.BSP_SD_GetCardInfo  bsp_driver_sd.o
    0x080003e4   0x080003e4   0x00000018   Code   RO         5743    i.BSP_SD_GetCardState  bsp_driver_sd.o
    0x080003fc   0x080003fc   0x00000030   Code   RO         5745    i.BSP_SD_Init       bsp_driver_sd.o
    0x0800042c   0x0800042c   0x0000000e   Code   RO         5746    i.BSP_SD_IsDetected  bsp_driver_sd.o
    0x0800043a   0x0800043a   0x00000002   PAD
    0x0800043c   0x0800043c   0x0000001c   Code   RO         5748    i.BSP_SD_ReadBlocks_DMA  bsp_driver_sd.o
    0x08000458   0x08000458   0x0000000c   Code   RO         5860    i.BSP_SD_ReadCpltCallback  sd_diskio.o
    0x08000464   0x08000464   0x0000001c   Code   RO         5751    i.BSP_SD_WriteBlocks_DMA  bsp_driver_sd.o
    0x08000480   0x08000480   0x00000002   Code   RO          638    i.BusFault_Handler  stm32f4xx_it.o
    0x08000482   0x08000482   0x00000002   PAD
    0x08000484   0x08000484   0x00000028   Code   RO         5370    i.Cal_CRC16         ymodem.o
    0x080004ac   0x080004ac   0x00000054   Code   RO         5188    i.Common_Init       common.o
    0x08000500   0x08000500   0x0000000c   Code   RO          639    i.DMA2_Stream3_IRQHandler  stm32f4xx_it.o
    0x0800050c   0x0800050c   0x0000000c   Code   RO          640    i.DMA2_Stream6_IRQHandler  stm32f4xx_it.o
    0x08000518   0x08000518   0x00000028   Code   RO         1812    i.DMA_CalcBaseAndBitshift  stm32f4xx_hal_dma.o
    0x08000540   0x08000540   0x00000054   Code   RO         1813    i.DMA_CheckFifoParam  stm32f4xx_hal_dma.o
    0x08000594   0x08000594   0x00000028   Code   RO         1814    i.DMA_SetConfig     stm32f4xx_hal_dma.o
    0x080005bc   0x080005bc   0x00000002   Code   RO          641    i.DebugMon_Handler  stm32f4xx_it.o
    0x080005be   0x080005be   0x00000004   Code   RO           13    i.Error_Handler     main.o
    0x080005c2   0x080005c2   0x00000006   Code   RO         6387    i.FATFS_LinkDriver  ff_gen_drv.o
    0x080005c8   0x080005c8   0x00000040   Code   RO         6388    i.FATFS_LinkDriverEx  ff_gen_drv.o
    0x08000608   0x08000608   0x00000050   Code   RO         1627    i.FLASH_Erase_Sector  stm32f4xx_hal_flash_ex.o
    0x08000658   0x08000658   0x00000054   Code   RO         1628    i.FLASH_FlushCaches  stm32f4xx_hal_flash_ex.o
    0x080006ac   0x080006ac   0x00000030   Code   RO         5242    i.FLASH_If_Erase    flash_if.o
    0x080006dc   0x080006dc   0x00000026   Code   RO         5243    i.FLASH_If_GetWriteProtectionStatus  flash_if.o
    0x08000702   0x08000702   0x00000002   PAD
    0x08000704   0x08000704   0x00000014   Code   RO         5244    i.FLASH_If_Init     flash_if.o
    0x08000718   0x08000718   0x00000048   Code   RO         5245    i.FLASH_If_Write    flash_if.o
    0x08000760   0x08000760   0x0000003a   Code   RO         5246    i.FLASH_If_WriteProtectionConfig  flash_if.o
    0x0800079a   0x0800079a   0x00000002   PAD
    0x0800079c   0x0800079c   0x00000028   Code   RO         1629    i.FLASH_MassErase   stm32f4xx_hal_flash_ex.o
    0x080007c4   0x080007c4   0x00000020   Code   RO         1509    i.FLASH_Program_Byte  stm32f4xx_hal_flash.o
    0x080007e4   0x080007e4   0x0000002c   Code   RO         1510    i.FLASH_Program_DoubleWord  stm32f4xx_hal_flash.o
    0x08000810   0x08000810   0x00000024   Code   RO         1511    i.FLASH_Program_HalfWord  stm32f4xx_hal_flash.o
    0x08000834   0x08000834   0x00000024   Code   RO         1512    i.FLASH_Program_Word  stm32f4xx_hal_flash.o
    0x08000858   0x08000858   0x00000068   Code   RO         1513    i.FLASH_SetErrorCode  stm32f4xx_hal_flash.o
    0x080008c0   0x080008c0   0x00000050   Code   RO         1514    i.FLASH_WaitForLastOperation  stm32f4xx_hal_flash.o
    0x08000910   0x08000910   0x000000bc   Code   RO         5247    i.GetSector         flash_if.o
    0x080009cc   0x080009cc   0x00000022   Code   RO         2507    i.HAL_CRC_Init      stm32f4xx_hal_crc.o
    0x080009ee   0x080009ee   0x00000002   PAD
    0x080009f0   0x080009f0   0x00000028   Code   RO          357    i.HAL_CRC_MspInit   crc.o
    0x08000a18   0x08000a18   0x00000092   Code   RO         1815    i.HAL_DMA_Abort     stm32f4xx_hal_dma.o
    0x08000aaa   0x08000aaa   0x00000024   Code   RO         1816    i.HAL_DMA_Abort_IT  stm32f4xx_hal_dma.o
    0x08000ace   0x08000ace   0x00000004   Code   RO         1818    i.HAL_DMA_GetError  stm32f4xx_hal_dma.o
    0x08000ad2   0x08000ad2   0x00000002   PAD
    0x08000ad4   0x08000ad4   0x000001a0   Code   RO         1820    i.HAL_DMA_IRQHandler  stm32f4xx_hal_dma.o
    0x08000c74   0x08000c74   0x000000d4   Code   RO         1821    i.HAL_DMA_Init      stm32f4xx_hal_dma.o
    0x08000d48   0x08000d48   0x0000006e   Code   RO         1825    i.HAL_DMA_Start_IT  stm32f4xx_hal_dma.o
    0x08000db6   0x08000db6   0x00000002   PAD
    0x08000db8   0x08000db8   0x00000024   Code   RO         2252    i.HAL_Delay         stm32f4xx_hal.o
    0x08000ddc   0x08000ddc   0x00000098   Code   RO         1630    i.HAL_FLASHEx_Erase  stm32f4xx_hal_flash_ex.o
    0x08000e74   0x08000e74   0x00000040   Code   RO         1632    i.HAL_FLASHEx_OBGetConfig  stm32f4xx_hal_flash_ex.o
    0x08000eb4   0x08000eb4   0x000000cc   Code   RO         1633    i.HAL_FLASHEx_OBProgram  stm32f4xx_hal_flash_ex.o
    0x08000f80   0x08000f80   0x00000014   Code   RO         1518    i.HAL_FLASH_Lock    stm32f4xx_hal_flash.o
    0x08000f94   0x08000f94   0x00000018   Code   RO         1519    i.HAL_FLASH_OB_Launch  stm32f4xx_hal_flash.o
    0x08000fac   0x08000fac   0x00000028   Code   RO         1521    i.HAL_FLASH_OB_Unlock  stm32f4xx_hal_flash.o
    0x08000fd4   0x08000fd4   0x0000007c   Code   RO         1523    i.HAL_FLASH_Program  stm32f4xx_hal_flash.o
    0x08001050   0x08001050   0x0000002c   Code   RO         1525    i.HAL_FLASH_Unlock  stm32f4xx_hal_flash.o
    0x0800107c   0x0800107c   0x000001f0   Code   RO         1708    i.HAL_GPIO_Init     stm32f4xx_hal_gpio.o
    0x0800126c   0x0800126c   0x0000000a   Code   RO         1712    i.HAL_GPIO_WritePin  stm32f4xx_hal_gpio.o
    0x08001276   0x08001276   0x00000002   PAD
    0x08001278   0x08001278   0x0000000c   Code   RO         2258    i.HAL_GetTick       stm32f4xx_hal.o
    0x08001284   0x08001284   0x00000010   Code   RO         2264    i.HAL_IncTick       stm32f4xx_hal.o
    0x08001294   0x08001294   0x00000034   Code   RO         2265    i.HAL_Init          stm32f4xx_hal.o
    0x080012c8   0x080012c8   0x00000040   Code   RO         2266    i.HAL_InitTick      stm32f4xx_hal.o
    0x08001308   0x08001308   0x00000030   Code   RO          744    i.HAL_MspInit       stm32f4xx_hal_msp.o
    0x08001338   0x08001338   0x0000001a   Code   RO         2100    i.HAL_NVIC_EnableIRQ  stm32f4xx_hal_cortex.o
    0x08001352   0x08001352   0x00000002   PAD
    0x08001354   0x08001354   0x00000040   Code   RO         2106    i.HAL_NVIC_SetPriority  stm32f4xx_hal_cortex.o
    0x08001394   0x08001394   0x00000024   Code   RO         2107    i.HAL_NVIC_SetPriorityGrouping  stm32f4xx_hal_cortex.o
    0x080013b8   0x080013b8   0x00000024   Code   RO         2108    i.HAL_NVIC_SystemReset  stm32f4xx_hal_cortex.o
    0x080013dc   0x080013dc   0x00000002   Code   RO         1007    i.HAL_PCDEx_LPM_Callback  stm32f4xx_hal_pcd_ex.o
    0x080013de   0x080013de   0x00000008   Code   RO         1008    i.HAL_PCDEx_SetRxFiFo  stm32f4xx_hal_pcd_ex.o
    0x080013e6   0x080013e6   0x00000044   Code   RO         1009    i.HAL_PCDEx_SetTxFiFo  stm32f4xx_hal_pcd_ex.o
    0x0800142a   0x0800142a   0x00000008   Code   RO         6706    i.HAL_PCD_ConnectCallback  usbd_conf.o
    0x08001432   0x08001432   0x00000012   Code   RO         6707    i.HAL_PCD_DataInStageCallback  usbd_conf.o
    0x08001444   0x08001444   0x00000014   Code   RO         6708    i.HAL_PCD_DataOutStageCallback  usbd_conf.o
    0x08001458   0x08001458   0x00000008   Code   RO         6709    i.HAL_PCD_DisconnectCallback  usbd_conf.o
    0x08001460   0x08001460   0x0000001e   Code   RO          777    i.HAL_PCD_EP_Abort  stm32f4xx_hal_pcd.o
    0x0800147e   0x0800147e   0x0000004a   Code   RO          778    i.HAL_PCD_EP_Close  stm32f4xx_hal_pcd.o
    0x080014c8   0x080014c8   0x0000005a   Code   RO          779    i.HAL_PCD_EP_ClrStall  stm32f4xx_hal_pcd.o
    0x08001522   0x08001522   0x00000034   Code   RO          780    i.HAL_PCD_EP_Flush  stm32f4xx_hal_pcd.o
    0x08001556   0x08001556   0x00000012   Code   RO          781    i.HAL_PCD_EP_GetRxCount  stm32f4xx_hal_pcd.o
    0x08001568   0x08001568   0x00000062   Code   RO          782    i.HAL_PCD_EP_Open   stm32f4xx_hal_pcd.o
    0x080015ca   0x080015ca   0x00000038   Code   RO          783    i.HAL_PCD_EP_Receive  stm32f4xx_hal_pcd.o
    0x08001602   0x08001602   0x00000072   Code   RO          784    i.HAL_PCD_EP_SetStall  stm32f4xx_hal_pcd.o
    0x08001674   0x08001674   0x00000032   Code   RO          785    i.HAL_PCD_EP_Transmit  stm32f4xx_hal_pcd.o
    0x080016a6   0x080016a6   0x00000002   PAD
    0x080016a8   0x080016a8   0x0000055c   Code   RO          787    i.HAL_PCD_IRQHandler  stm32f4xx_hal_pcd.o
    0x08001c04   0x08001c04   0x00000008   Code   RO         6710    i.HAL_PCD_ISOINIncompleteCallback  usbd_conf.o
    0x08001c0c   0x08001c0c   0x00000008   Code   RO         6711    i.HAL_PCD_ISOOUTIncompleteCallback  usbd_conf.o
    0x08001c14   0x08001c14   0x000000cc   Code   RO          790    i.HAL_PCD_Init      stm32f4xx_hal_pcd.o
    0x08001ce0   0x08001ce0   0x00000084   Code   RO         6713    i.HAL_PCD_MspInit   usbd_conf.o
    0x08001d64   0x08001d64   0x0000002c   Code   RO         6714    i.HAL_PCD_ResetCallback  usbd_conf.o
    0x08001d90   0x08001d90   0x00000008   Code   RO         6715    i.HAL_PCD_ResumeCallback  usbd_conf.o
    0x08001d98   0x08001d98   0x00000008   Code   RO         6716    i.HAL_PCD_SOFCallback  usbd_conf.o
    0x08001da0   0x08001da0   0x00000026   Code   RO          796    i.HAL_PCD_SetAddress  stm32f4xx_hal_pcd.o
    0x08001dc6   0x08001dc6   0x0000000e   Code   RO         6717    i.HAL_PCD_SetupStageCallback  usbd_conf.o
    0x08001dd4   0x08001dd4   0x00000042   Code   RO          799    i.HAL_PCD_Start     stm32f4xx_hal_pcd.o
    0x08001e16   0x08001e16   0x00000002   PAD
    0x08001e18   0x08001e18   0x00000030   Code   RO         6718    i.HAL_PCD_SuspendCallback  usbd_conf.o
    0x08001e48   0x08001e48   0x0000013c   Code   RO         1459    i.HAL_RCCEx_PeriphCLKConfig  stm32f4xx_hal_rcc_ex.o
    0x08001f84   0x08001f84   0x00000134   Code   RO         1354    i.HAL_RCC_ClockConfig  stm32f4xx_hal_rcc.o
    0x080020b8   0x080020b8   0x00000134   Code   RO         1460    i.HAL_RCC_DeInit    stm32f4xx_hal_rcc_ex.o
    0x080021ec   0x080021ec   0x0000000c   Code   RO         1359    i.HAL_RCC_GetHCLKFreq  stm32f4xx_hal_rcc.o
    0x080021f8   0x080021f8   0x00000020   Code   RO         1361    i.HAL_RCC_GetPCLK1Freq  stm32f4xx_hal_rcc.o
    0x08002218   0x08002218   0x00000020   Code   RO         1362    i.HAL_RCC_GetPCLK2Freq  stm32f4xx_hal_rcc.o
    0x08002238   0x08002238   0x00000060   Code   RO         1363    i.HAL_RCC_GetSysClockFreq  stm32f4xx_hal_rcc.o
    0x08002298   0x08002298   0x0000036c   Code   RO         1366    i.HAL_RCC_OscConfig  stm32f4xx_hal_rcc.o
    0x08002604   0x08002604   0x0000009c   Code   RO         2576    i.HAL_RTC_Init      stm32f4xx_hal_rtc.o
    0x080026a0   0x080026a0   0x00000038   Code   RO          423    i.HAL_RTC_MspInit   rtc.o
    0x080026d8   0x080026d8   0x00000098   Code   RO         2582    i.HAL_RTC_SetDate   stm32f4xx_hal_rtc.o
    0x08002770   0x08002770   0x000000c0   Code   RO         2583    i.HAL_RTC_SetTime   stm32f4xx_hal_rtc.o
    0x08002830   0x08002830   0x00000038   Code   RO         2584    i.HAL_RTC_WaitForSynchro  stm32f4xx_hal_rtc.o
    0x08002868   0x08002868   0x00000118   Code   RO         3252    i.HAL_SD_ConfigWideBusOperation  stm32f4xx_hal_sd.o
    0x08002980   0x08002980   0x00000002   Code   RO         3255    i.HAL_SD_ErrorCallback  stm32f4xx_hal_sd.o
    0x08002982   0x08002982   0x00000002   PAD
    0x08002984   0x08002984   0x00000198   Code   RO         3257    i.HAL_SD_GetCardCSD  stm32f4xx_hal_sd.o
    0x08002b1c   0x08002b1c   0x00000024   Code   RO         3258    i.HAL_SD_GetCardInfo  stm32f4xx_hal_sd.o
    0x08002b40   0x08002b40   0x0000002c   Code   RO         3259    i.HAL_SD_GetCardState  stm32f4xx_hal_sd.o
    0x08002b6c   0x08002b6c   0x00000036   Code   RO         3264    i.HAL_SD_Init       stm32f4xx_hal_sd.o
    0x08002ba2   0x08002ba2   0x00000002   PAD
    0x08002ba4   0x08002ba4   0x00000078   Code   RO         3265    i.HAL_SD_InitCard   stm32f4xx_hal_sd.o
    0x08002c1c   0x08002c1c   0x00000130   Code   RO          465    i.HAL_SD_MspInit    sdio.o
    0x08002d4c   0x08002d4c   0x000001e0   Code   RO         3268    i.HAL_SD_ReadBlocks  stm32f4xx_hal_sd.o
    0x08002f2c   0x08002f2c   0x00000124   Code   RO         3269    i.HAL_SD_ReadBlocks_DMA  stm32f4xx_hal_sd.o
    0x08003050   0x08003050   0x00000008   Code   RO         5754    i.HAL_SD_RxCpltCallback  bsp_driver_sd.o
    0x08003058   0x08003058   0x000001b0   Code   RO         3273    i.HAL_SD_WriteBlocks  stm32f4xx_hal_sd.o
    0x08003208   0x08003208   0x00000120   Code   RO         3274    i.HAL_SD_WriteBlocks_DMA  stm32f4xx_hal_sd.o
    0x08003328   0x08003328   0x000000bc   Code   RO         3503    i.HAL_SPI_Init      stm32f4xx_hal_spi.o
    0x080033e4   0x080033e4   0x00000068   Code   RO          513    i.HAL_SPI_MspInit   spi.o
    0x0800344c   0x0800344c   0x000001f0   Code   RO         3512    i.HAL_SPI_TransmitReceive  stm32f4xx_hal_spi.o
    0x0800363c   0x0800363c   0x00000028   Code   RO         2111    i.HAL_SYSTICK_Config  stm32f4xx_hal_cortex.o
    0x08003664   0x08003664   0x00000002   Code   RO         4520    i.HAL_TIMEx_BreakCallback  stm32f4xx_hal_tim_ex.o
    0x08003666   0x08003666   0x00000002   Code   RO         4521    i.HAL_TIMEx_CommutCallback  stm32f4xx_hal_tim_ex.o
    0x08003668   0x08003668   0x00000090   Code   RO         4539    i.HAL_TIMEx_MasterConfigSynchronization  stm32f4xx_hal_tim_ex.o
    0x080036f8   0x080036f8   0x0000005a   Code   RO         3816    i.HAL_TIM_Base_Init  stm32f4xx_hal_tim.o
    0x08003752   0x08003752   0x00000002   PAD
    0x08003754   0x08003754   0x0000003c   Code   RO          555    i.HAL_TIM_Base_MspInit  tim.o
    0x08003790   0x08003790   0x00000080   Code   RO         3821    i.HAL_TIM_Base_Start_IT  stm32f4xx_hal_tim.o
    0x08003810   0x08003810   0x000000dc   Code   RO         3825    i.HAL_TIM_ConfigClockSource  stm32f4xx_hal_tim.o
    0x080038ec   0x080038ec   0x00000002   Code   RO         3850    i.HAL_TIM_IC_CaptureCallback  stm32f4xx_hal_tim.o
    0x080038ee   0x080038ee   0x00000130   Code   RO         3864    i.HAL_TIM_IRQHandler  stm32f4xx_hal_tim.o
    0x08003a1e   0x08003a1e   0x00000002   Code   RO         3867    i.HAL_TIM_OC_DelayElapsedCallback  stm32f4xx_hal_tim.o
    0x08003a20   0x08003a20   0x00000002   Code   RO         3894    i.HAL_TIM_PWM_PulseFinishedCallback  stm32f4xx_hal_tim.o
    0x08003a22   0x08003a22   0x00000002   PAD
    0x08003a24   0x08003a24   0x00000050   Code   RO           14    i.HAL_TIM_PeriodElapsedCallback  main.o
    0x08003a74   0x08003a74   0x00000002   Code   RO         3907    i.HAL_TIM_TriggerCallback  stm32f4xx_hal_tim.o
    0x08003a76   0x08003a76   0x00000002   Code   RO         4799    i.HAL_UARTEx_RxEventCallback  stm32f4xx_hal_uart.o
    0x08003a78   0x08003a78   0x00000002   Code   RO         4813    i.HAL_UART_ErrorCallback  stm32f4xx_hal_uart.o
    0x08003a7a   0x08003a7a   0x00000002   PAD
    0x08003a7c   0x08003a7c   0x00000280   Code   RO         4816    i.HAL_UART_IRQHandler  stm32f4xx_hal_uart.o
    0x08003cfc   0x08003cfc   0x00000064   Code   RO         4817    i.HAL_UART_Init     stm32f4xx_hal_uart.o
    0x08003d60   0x08003d60   0x00000078   Code   RO          597    i.HAL_UART_MspInit  usart.o
    0x08003dd8   0x08003dd8   0x000000b0   Code   RO         4820    i.HAL_UART_Receive  stm32f4xx_hal_uart.o
    0x08003e88   0x08003e88   0x00000002   Code   RO         4823    i.HAL_UART_RxCpltCallback  stm32f4xx_hal_uart.o
    0x08003e8a   0x08003e8a   0x000000a0   Code   RO         4825    i.HAL_UART_Transmit  stm32f4xx_hal_uart.o
    0x08003f2a   0x08003f2a   0x00000002   Code   RO         4828    i.HAL_UART_TxCpltCallback  stm32f4xx_hal_uart.o
    0x08003f2c   0x08003f2c   0x00000002   Code   RO          642    i.HardFault_Handler  stm32f4xx_it.o
    0x08003f2e   0x08003f2e   0x00000002   PAD
    0x08003f30   0x08003f30   0x00000044   Code   RO         5189    i.Int2Str           common.o
    0x08003f74   0x08003f74   0x00000038   Code   RO         6559    i.IntToUnicode      usbd_desc.o
    0x08003fac   0x08003fac   0x00000660   Code   RO         5298    i.LFS_Update        menu.o
    0x0800460c   0x0800460c   0x00000060   Code   RO         7295    i.MSC_BOT_Abort     usbd_msc_bot.o
    0x0800466c   0x0800466c   0x000000e8   Code   RO         7296    i.MSC_BOT_CBW_Decode  usbd_msc_bot.o
    0x08004754   0x08004754   0x00000050   Code   RO         7297    i.MSC_BOT_CplClrFeature  usbd_msc_bot.o
    0x080047a4   0x080047a4   0x00000048   Code   RO         7298    i.MSC_BOT_DataIn    usbd_msc_bot.o
    0x080047ec   0x080047ec   0x00000048   Code   RO         7299    i.MSC_BOT_DataOut   usbd_msc_bot.o
    0x08004834   0x08004834   0x00000016   Code   RO         7300    i.MSC_BOT_DeInit    usbd_msc_bot.o
    0x0800484a   0x0800484a   0x00000002   PAD
    0x0800484c   0x0800484c   0x0000006c   Code   RO         7301    i.MSC_BOT_Init      usbd_msc_bot.o
    0x080048b8   0x080048b8   0x00000050   Code   RO         7302    i.MSC_BOT_Reset     usbd_msc_bot.o
    0x08004908   0x08004908   0x0000005c   Code   RO         7303    i.MSC_BOT_SendCSW   usbd_msc_bot.o
    0x08004964   0x08004964   0x00000024   Code   RO          358    i.MX_CRC_Init       crc.o
    0x08004988   0x08004988   0x0000003c   Code   RO          398    i.MX_DMA_Init       dma.o
    0x080049c4   0x080049c4   0x0000001c   Code   RO         5937    i.MX_FATFS_Init     fatfs.o
    0x080049e0   0x080049e0   0x000000ac   Code   RO          329    i.MX_GPIO_Init      gpio.o
    0x08004a8c   0x08004a8c   0x00000080   Code   RO          424    i.MX_RTC_Init       rtc.o
    0x08004b0c   0x08004b0c   0x00000020   Code   RO          467    i.MX_SDIO_SD_Init_Fix  sdio.o
    0x08004b2c   0x08004b2c   0x00000048   Code   RO          514    i.MX_SPI1_Init      spi.o
    0x08004b74   0x08004b74   0x0000006c   Code   RO          556    i.MX_TIM1_Init      tim.o
    0x08004be0   0x08004be0   0x00000038   Code   RO          598    i.MX_UART4_Init     usart.o
    0x08004c18   0x08004c18   0x00000054   Code   RO         6505    i.MX_USB_DEVICE_Init  usb_device.o
    0x08004c6c   0x08004c6c   0x00000470   Code   RO         5299    i.Main_Menu         menu.o
    0x080050dc   0x080050dc   0x00000002   Code   RO          643    i.MemManage_Handler  stm32f4xx_it.o
    0x080050de   0x080050de   0x00000002   Code   RO          644    i.NMI_Handler       stm32f4xx_it.o
    0x080050e0   0x080050e0   0x0000000c   Code   RO          645    i.OTG_FS_IRQHandler  stm32f4xx_it.o
    0x080050ec   0x080050ec   0x000000cc   Code   RO          803    i.PCD_EP_OutXfrComplete_int  stm32f4xx_hal_pcd.o
    0x080051b8   0x080051b8   0x000000a2   Code   RO          804    i.PCD_WriteEmptyTxFifo  stm32f4xx_hal_pcd.o
    0x0800525a   0x0800525a   0x00000002   Code   RO          646    i.PendSV_Handler    stm32f4xx_it.o
    0x0800525c   0x0800525c   0x00000016   Code   RO         2586    i.RTC_ByteToBcd2    stm32f4xx_hal_rtc.o
    0x08005272   0x08005272   0x00000002   PAD
    0x08005274   0x08005274   0x00000048   Code   RO         2587    i.RTC_EnterInitMode  stm32f4xx_hal_rtc.o
    0x080052bc   0x080052bc   0x0000002a   Code   RO         2588    i.RTC_ExitInitMode  stm32f4xx_hal_rtc.o
    0x080052e6   0x080052e6   0x00000002   PAD
    0x080052e8   0x080052e8   0x000000bc   Code   RO         5372    i.ReceivePacket     ymodem.o
    0x080053a4   0x080053a4   0x00000036   Code   RO         7395    i.SCSI_CheckAddressRange  usbd_msc_scsi.o
    0x080053da   0x080053da   0x00000002   PAD
    0x080053dc   0x080053dc   0x00000080   Code   RO         7396    i.SCSI_Inquiry      usbd_msc_scsi.o
    0x0800545c   0x0800545c   0x00000210   Code   RO         7397    i.SCSI_ProcessCmd   usbd_msc_scsi.o
    0x0800566c   0x0800566c   0x000000a4   Code   RO         7398    i.SCSI_ProcessRead  usbd_msc_scsi.o
    0x08005710   0x08005710   0x000000b4   Code   RO         7399    i.SCSI_ProcessWrite  usbd_msc_scsi.o
    0x080057c4   0x080057c4   0x000000b0   Code   RO         7400    i.SCSI_Read10       usbd_msc_scsi.o
    0x08005874   0x08005874   0x000000ba   Code   RO         7401    i.SCSI_Read12       usbd_msc_scsi.o
    0x0800592e   0x0800592e   0x0000008a   Code   RO         7402    i.SCSI_ReadCapacity10  usbd_msc_scsi.o
    0x080059b8   0x080059b8   0x000000bc   Code   RO         7403    i.SCSI_ReadCapacity16  usbd_msc_scsi.o
    0x08005a74   0x08005a74   0x00000088   Code   RO         7404    i.SCSI_ReadFormatCapacity  usbd_msc_scsi.o
    0x08005afc   0x08005afc   0x0000005c   Code   RO         7405    i.SCSI_ReportLuns   usbd_msc_scsi.o
    0x08005b58   0x08005b58   0x00000088   Code   RO         7406    i.SCSI_RequestSense  usbd_msc_scsi.o
    0x08005be0   0x08005be0   0x0000005e   Code   RO         7407    i.SCSI_SenseCode    usbd_msc_scsi.o
    0x08005c3e   0x08005c3e   0x00000060   Code   RO         7408    i.SCSI_TestUnitReady  usbd_msc_scsi.o
    0x08005c9e   0x08005c9e   0x00000020   Code   RO         7409    i.SCSI_UpdateBotData  usbd_msc_scsi.o
    0x08005cbe   0x08005cbe   0x00000002   PAD
    0x08005cc0   0x08005cc0   0x000000ec   Code   RO         7410    i.SCSI_Write10      usbd_msc_scsi.o
    0x08005dac   0x08005dac   0x000000f4   Code   RO         7411    i.SCSI_Write12      usbd_msc_scsi.o
    0x08005ea0   0x08005ea0   0x00000024   Code   RO         2963    i.SDIO_ConfigData   stm32f4xx_ll_sdmmc.o
    0x08005ec4   0x08005ec4   0x00000008   Code   RO         2967    i.SDIO_GetPowerState  stm32f4xx_ll_sdmmc.o
    0x08005ecc   0x08005ecc   0x00000006   Code   RO         2968    i.SDIO_GetResponse  stm32f4xx_ll_sdmmc.o
    0x08005ed2   0x08005ed2   0x00000024   Code   RO         2969    i.SDIO_Init         stm32f4xx_ll_sdmmc.o
    0x08005ef6   0x08005ef6   0x00000008   Code   RO         2971    i.SDIO_PowerState_ON  stm32f4xx_ll_sdmmc.o
    0x08005efe   0x08005efe   0x00000006   Code   RO         2972    i.SDIO_ReadFIFO     stm32f4xx_ll_sdmmc.o
    0x08005f04   0x08005f04   0x00000020   Code   RO         2973    i.SDIO_SendCommand  stm32f4xx_ll_sdmmc.o
    0x08005f24   0x08005f24   0x0000000a   Code   RO         2975    i.SDIO_WriteFIFO    stm32f4xx_ll_sdmmc.o
    0x08005f2e   0x08005f2e   0x00000032   Code   RO         2976    i.SDMMC_CmdAppCommand  stm32f4xx_ll_sdmmc.o
    0x08005f60   0x08005f60   0x00000034   Code   RO         2977    i.SDMMC_CmdAppOperCommand  stm32f4xx_ll_sdmmc.o
    0x08005f94   0x08005f94   0x00000032   Code   RO         2978    i.SDMMC_CmdBlockLength  stm32f4xx_ll_sdmmc.o
    0x08005fc6   0x08005fc6   0x00000032   Code   RO         2979    i.SDMMC_CmdBusWidth  stm32f4xx_ll_sdmmc.o
    0x08005ff8   0x08005ff8   0x00000050   Code   RO         2983    i.SDMMC_CmdGoIdleState  stm32f4xx_ll_sdmmc.o
    0x08006048   0x08006048   0x00000030   Code   RO         2985    i.SDMMC_CmdOperCond  stm32f4xx_ll_sdmmc.o
    0x08006078   0x08006078   0x00000032   Code   RO         2986    i.SDMMC_CmdReadMultiBlock  stm32f4xx_ll_sdmmc.o
    0x080060aa   0x080060aa   0x00000032   Code   RO         2987    i.SDMMC_CmdReadSingleBlock  stm32f4xx_ll_sdmmc.o
    0x080060dc   0x080060dc   0x00000032   Code   RO         2990    i.SDMMC_CmdSelDesel  stm32f4xx_ll_sdmmc.o
    0x0800610e   0x0800610e   0x0000002c   Code   RO         2991    i.SDMMC_CmdSendCID  stm32f4xx_ll_sdmmc.o
    0x0800613a   0x0800613a   0x0000002c   Code   RO         2992    i.SDMMC_CmdSendCSD  stm32f4xx_ll_sdmmc.o
    0x08006166   0x08006166   0x00000030   Code   RO         2994    i.SDMMC_CmdSendSCR  stm32f4xx_ll_sdmmc.o
    0x08006196   0x08006196   0x00000032   Code   RO         2995    i.SDMMC_CmdSendStatus  stm32f4xx_ll_sdmmc.o
    0x080061c8   0x080061c8   0x00000030   Code   RO         2996    i.SDMMC_CmdSetRelAdd  stm32f4xx_ll_sdmmc.o
    0x080061f8   0x080061f8   0x00000034   Code   RO         2999    i.SDMMC_CmdStopTransfer  stm32f4xx_ll_sdmmc.o
    0x0800622c   0x0800622c   0x00000032   Code   RO         3001    i.SDMMC_CmdWriteMultiBlock  stm32f4xx_ll_sdmmc.o
    0x0800625e   0x0800625e   0x00000032   Code   RO         3002    i.SDMMC_CmdWriteSingleBlock  stm32f4xx_ll_sdmmc.o
    0x08006290   0x08006290   0x00000120   Code   RO         3003    i.SDMMC_GetCmdResp1  stm32f4xx_ll_sdmmc.o
    0x080063b0   0x080063b0   0x00000050   Code   RO         3004    i.SDMMC_GetCmdResp2  stm32f4xx_ll_sdmmc.o
    0x08006400   0x08006400   0x00000044   Code   RO         3005    i.SDMMC_GetCmdResp3  stm32f4xx_ll_sdmmc.o
    0x08006444   0x08006444   0x00000088   Code   RO         3006    i.SDMMC_GetCmdResp6  stm32f4xx_ll_sdmmc.o
    0x080064cc   0x080064cc   0x00000058   Code   RO         3007    i.SDMMC_GetCmdResp7  stm32f4xx_ll_sdmmc.o
    0x08006524   0x08006524   0x00000020   Code   RO         5862    i.SD_CheckStatus    sd_diskio.o
    0x08006544   0x08006544   0x00000024   Code   RO         5863    i.SD_CheckStatusWithTimeout  sd_diskio.o
    0x08006568   0x08006568   0x00000064   Code   RO         3276    i.SD_DMAError       stm32f4xx_hal_sd.o
    0x080065cc   0x080065cc   0x00000042   Code   RO         3277    i.SD_DMAReceiveCplt  stm32f4xx_hal_sd.o
    0x0800660e   0x0800660e   0x0000000e   Code   RO         3279    i.SD_DMATransmitCplt  stm32f4xx_hal_sd.o
    0x0800661c   0x0800661c   0x000000e0   Code   RO         3281    i.SD_FindSCR        stm32f4xx_hal_sd.o
    0x080066fc   0x080066fc   0x000000ee   Code   RO         3282    i.SD_InitCard       stm32f4xx_hal_sd.o
    0x080067ea   0x080067ea   0x00000002   PAD
    0x080067ec   0x080067ec   0x000000b4   Code   RO         3283    i.SD_PowerON        stm32f4xx_hal_sd.o
    0x080068a0   0x080068a0   0x0000001c   Code   RO         5864    i.SD_initialize     sd_diskio.o
    0x080068bc   0x080068bc   0x00000050   Code   RO         5865    i.SD_ioctl          sd_diskio.o
    0x0800690c   0x0800690c   0x00000078   Code   RO         5866    i.SD_read           sd_diskio.o
    0x08006984   0x08006984   0x00000004   Code   RO         5867    i.SD_status         sd_diskio.o
    0x08006988   0x08006988   0x00000078   Code   RO         5868    i.SD_write          sd_diskio.o
    0x08006a00   0x08006a00   0x0000006c   Code   RO         3541    i.SPI_EndRxTxTransaction  stm32f4xx_hal_spi.o
    0x08006a6c   0x08006a6c   0x000000bc   Code   RO         3546    i.SPI_WaitFlagStateUntilTimeout  stm32f4xx_hal_spi.o
    0x08006b28   0x08006b28   0x00000030   Code   RO         6645    i.STORAGE_GetCapacity_FS  usbd_storage_if.o
    0x08006b58   0x08006b58   0x00000004   Code   RO         6646    i.STORAGE_GetMaxLun_FS  usbd_storage_if.o
    0x08006b5c   0x08006b5c   0x00000004   Code   RO         6647    i.STORAGE_Init_FS   usbd_storage_if.o
    0x08006b60   0x08006b60   0x00000004   Code   RO         6648    i.STORAGE_IsReady_FS  usbd_storage_if.o
    0x08006b64   0x08006b64   0x00000004   Code   RO         6649    i.STORAGE_IsWriteProtected_FS  usbd_storage_if.o
    0x08006b68   0x08006b68   0x00000028   Code   RO         6650    i.STORAGE_Read_FS   usbd_storage_if.o
    0x08006b90   0x08006b90   0x00000028   Code   RO         6651    i.STORAGE_Write_FS  usbd_storage_if.o
    0x08006bb8   0x08006bb8   0x00000002   Code   RO          647    i.SVC_Handler       stm32f4xx_it.o
    0x08006bba   0x08006bba   0x0000000a   Code   RO         7072    i.SWAPBYTE          usbd_ctlreq.o
    0x08006bc4   0x08006bc4   0x00000174   Code   RO         5300    i.SerialDownload    menu.o
    0x08006d38   0x08006d38   0x000000cc   Code   RO         5301    i.SerialUpload      menu.o
    0x08006e04   0x08006e04   0x00000024   Code   RO         5190    i.Serial_PutByte    common.o
    0x08006e28   0x08006e28   0x0000001c   Code   RO         5191    i.Serial_PutString  common.o
    0x08006e44   0x08006e44   0x000000b8   Code   RO         5192    i.Str2Int           common.o
    0x08006efc   0x08006efc   0x00000004   Code   RO          648    i.SysTick_Handler   stm32f4xx_it.o
    0x08006f00   0x08006f00   0x0000009c   Code   RO           15    i.SystemClock_Config  main.o
    0x08006f9c   0x08006f9c   0x00000010   Code   RO         5151    i.SystemInit        system_stm32f4xx.o
    0x08006fac   0x08006fac   0x0000060c   Code   RO         5302    i.TFCardToLFS_Update  menu.o
    0x080075b8   0x080075b8   0x0000057c   Code   RO         5303    i.TFCard_Update     menu.o
    0x08007b34   0x08007b34   0x0000000c   Code   RO          649    i.TIM1_UP_TIM10_IRQHandler  stm32f4xx_it.o
    0x08007b40   0x08007b40   0x000000d0   Code   RO         3909    i.TIM_Base_SetConfig  stm32f4xx_hal_tim.o
    0x08007c10   0x08007c10   0x00000014   Code   RO         3920    i.TIM_ETR_SetConfig  stm32f4xx_hal_tim.o
    0x08007c24   0x08007c24   0x00000010   Code   RO         3921    i.TIM_ITRx_SetConfig  stm32f4xx_hal_tim.o
    0x08007c34   0x08007c34   0x00000022   Code   RO         3927    i.TIM_TI1_ConfigInputStage  stm32f4xx_hal_tim.o
    0x08007c56   0x08007c56   0x00000024   Code   RO         3929    i.TIM_TI2_ConfigInputStage  stm32f4xx_hal_tim.o
    0x08007c7a   0x08007c7a   0x00000002   PAD
    0x08007c7c   0x08007c7c   0x0000000c   Code   RO          650    i.UART4_IRQHandler  stm32f4xx_it.o
    0x08007c88   0x08007c88   0x0000000e   Code   RO         4830    i.UART_DMAAbortOnError  stm32f4xx_hal_uart.o
    0x08007c96   0x08007c96   0x0000004e   Code   RO         4840    i.UART_EndRxTransfer  stm32f4xx_hal_uart.o
    0x08007ce4   0x08007ce4   0x000000c2   Code   RO         4842    i.UART_Receive_IT   stm32f4xx_hal_uart.o
    0x08007da6   0x08007da6   0x00000002   PAD
    0x08007da8   0x08007da8   0x0000010c   Code   RO         4843    i.UART_SetConfig    stm32f4xx_hal_uart.o
    0x08007eb4   0x08007eb4   0x00000072   Code   RO         4846    i.UART_WaitOnFlagUntilTimeout  stm32f4xx_hal_uart.o
    0x08007f26   0x08007f26   0x00000014   Code   RO         6913    i.USBD_ClrClassConfig  usbd_core.o
    0x08007f3a   0x08007f3a   0x00000004   Code   RO         6914    i.USBD_CoreFindEP   usbd_core.o
    0x08007f3e   0x08007f3e   0x00000004   Code   RO         6915    i.USBD_CoreFindIF   usbd_core.o
    0x08007f42   0x08007f42   0x00000010   Code   RO         7150    i.USBD_CtlContinueRx  usbd_ioreq.o
    0x08007f52   0x08007f52   0x00000010   Code   RO         7151    i.USBD_CtlContinueSendData  usbd_ioreq.o
    0x08007f62   0x08007f62   0x00000016   Code   RO         7073    i.USBD_CtlError     usbd_ctlreq.o
    0x08007f78   0x08007f78   0x00000016   Code   RO         7153    i.USBD_CtlReceiveStatus  usbd_ioreq.o
    0x08007f8e   0x08007f8e   0x0000001c   Code   RO         7154    i.USBD_CtlSendData  usbd_ioreq.o
    0x08007faa   0x08007faa   0x00000016   Code   RO         7155    i.USBD_CtlSendStatus  usbd_ioreq.o
    0x08007fc0   0x08007fc0   0x00000020   Code   RO         6560    i.USBD_FS_ConfigStrDescriptor  usbd_desc.o
    0x08007fe0   0x08007fe0   0x0000000c   Code   RO         6561    i.USBD_FS_DeviceDescriptor  usbd_desc.o
    0x08007fec   0x08007fec   0x00000024   Code   RO         6562    i.USBD_FS_InterfaceStrDescriptor  usbd_desc.o
    0x08008010   0x08008010   0x0000000c   Code   RO         6563    i.USBD_FS_LangIDStrDescriptor  usbd_desc.o
    0x0800801c   0x0800801c   0x00000028   Code   RO         6564    i.USBD_FS_ManufacturerStrDescriptor  usbd_desc.o
    0x08008044   0x08008044   0x00000028   Code   RO         6565    i.USBD_FS_ProductStrDescriptor  usbd_desc.o
    0x0800806c   0x0800806c   0x00000038   Code   RO         6566    i.USBD_FS_SerialStrDescriptor  usbd_desc.o
    0x080080a4   0x080080a4   0x000000e6   Code   RO         7074    i.USBD_GetDescriptor  usbd_ctlreq.o
    0x0800818a   0x0800818a   0x0000003a   Code   RO         6917    i.USBD_GetEpDesc    usbd_core.o
    0x080081c4   0x080081c4   0x00000014   Code   RO         7075    i.USBD_GetLen       usbd_ctlreq.o
    0x080081d8   0x080081d8   0x0000000e   Code   RO         6918    i.USBD_GetNextDesc  usbd_core.o
    0x080081e6   0x080081e6   0x0000004e   Code   RO         7076    i.USBD_GetString    usbd_ctlreq.o
    0x08008234   0x08008234   0x00000018   Code   RO         6719    i.USBD_Get_USB_Status  usbd_conf.o
    0x0800824c   0x0800824c   0x00000026   Code   RO         6919    i.USBD_Init         usbd_core.o
    0x08008272   0x08008272   0x00000012   Code   RO         6720    i.USBD_LL_ClearStallEP  usbd_conf.o
    0x08008284   0x08008284   0x00000012   Code   RO         6721    i.USBD_LL_CloseEP   usbd_conf.o
    0x08008296   0x08008296   0x000000b8   Code   RO         6920    i.USBD_LL_DataInStage  usbd_core.o
    0x0800834e   0x0800834e   0x00000094   Code   RO         6921    i.USBD_LL_DataOutStage  usbd_core.o
    0x080083e2   0x080083e2   0x00000004   Code   RO         6922    i.USBD_LL_DevConnected  usbd_core.o
    0x080083e6   0x080083e6   0x0000001e   Code   RO         6923    i.USBD_LL_DevDisconnected  usbd_core.o
    0x08008404   0x08008404   0x00000012   Code   RO         6724    i.USBD_LL_FlushEP   usbd_conf.o
    0x08008416   0x08008416   0x00000008   Code   RO         6725    i.USBD_LL_GetRxDataSize  usbd_conf.o
    0x0800841e   0x0800841e   0x00000002   PAD
    0x08008420   0x08008420   0x00000060   Code   RO         6726    i.USBD_LL_Init      usbd_conf.o
    0x08008480   0x08008480   0x0000001e   Code   RO         6727    i.USBD_LL_IsStallEP  usbd_conf.o
    0x0800849e   0x0800849e   0x00000028   Code   RO         6924    i.USBD_LL_IsoINIncomplete  usbd_core.o
    0x080084c6   0x080084c6   0x00000028   Code   RO         6925    i.USBD_LL_IsoOUTIncomplete  usbd_core.o
    0x080084ee   0x080084ee   0x00000018   Code   RO         6728    i.USBD_LL_OpenEP    usbd_conf.o
    0x08008506   0x08008506   0x00000012   Code   RO         6729    i.USBD_LL_PrepareReceive  usbd_conf.o
    0x08008518   0x08008518   0x0000005e   Code   RO         6926    i.USBD_LL_Reset     usbd_core.o
    0x08008576   0x08008576   0x00000014   Code   RO         6927    i.USBD_LL_Resume    usbd_core.o
    0x0800858a   0x0800858a   0x0000001a   Code   RO         6928    i.USBD_LL_SOF       usbd_core.o
    0x080085a4   0x080085a4   0x00000006   Code   RO         6929    i.USBD_LL_SetSpeed  usbd_core.o
    0x080085aa   0x080085aa   0x00000012   Code   RO         6730    i.USBD_LL_SetUSBAddress  usbd_conf.o
    0x080085bc   0x080085bc   0x00000060   Code   RO         6930    i.USBD_LL_SetupStage  usbd_core.o
    0x0800861c   0x0800861c   0x00000012   Code   RO         6731    i.USBD_LL_StallEP   usbd_conf.o
    0x0800862e   0x0800862e   0x00000012   Code   RO         6732    i.USBD_LL_Start     usbd_conf.o
    0x08008640   0x08008640   0x0000001a   Code   RO         6931    i.USBD_LL_Suspend   usbd_core.o
    0x0800865a   0x0800865a   0x00000012   Code   RO         6734    i.USBD_LL_Transmit  usbd_conf.o
    0x0800866c   0x0800866c   0x0000000a   Code   RO         7210    i.USBD_MSC_DataIn   usbd_msc.o
    0x08008676   0x08008676   0x0000000a   Code   RO         7211    i.USBD_MSC_DataOut  usbd_msc.o
    0x08008680   0x08008680   0x00000078   Code   RO         7212    i.USBD_MSC_DeInit   usbd_msc.o
    0x080086f8   0x080086f8   0x0000000c   Code   RO         7213    i.USBD_MSC_GetDeviceQualifierDescriptor  usbd_msc.o
    0x08008704   0x08008704   0x0000002c   Code   RO         7214    i.USBD_MSC_GetFSCfgDesc  usbd_msc.o
    0x08008730   0x08008730   0x00000030   Code   RO         7215    i.USBD_MSC_GetHSCfgDesc  usbd_msc.o
    0x08008760   0x08008760   0x0000002c   Code   RO         7216    i.USBD_MSC_GetOtherSpeedCfgDesc  usbd_msc.o
    0x0800878c   0x0800878c   0x000000b0   Code   RO         7217    i.USBD_MSC_Init     usbd_msc.o
    0x0800883c   0x0800883c   0x00000016   Code   RO         7218    i.USBD_MSC_RegisterStorage  usbd_msc.o
    0x08008852   0x08008852   0x000000e2   Code   RO         7219    i.USBD_MSC_Setup    usbd_msc.o
    0x08008934   0x08008934   0x0000002c   Code   RO         7077    i.USBD_ParseSetupRequest  usbd_ctlreq.o
    0x08008960   0x08008960   0x0000003a   Code   RO         6932    i.USBD_RegisterClass  usbd_core.o
    0x0800899a   0x0800899a   0x00000014   Code   RO         6934    i.USBD_SetClassConfig  usbd_core.o
    0x080089ae   0x080089ae   0x00000002   PAD
    0x080089b0   0x080089b0   0x000000b8   Code   RO         7078    i.USBD_SetConfig    usbd_ctlreq.o
    0x08008a68   0x08008a68   0x00000004   Code   RO         6935    i.USBD_Start        usbd_core.o
    0x08008a6c   0x08008a6c   0x0000012c   Code   RO         7079    i.USBD_StdDevReq    usbd_ctlreq.o
    0x08008b98   0x08008b98   0x00000166   Code   RO         7080    i.USBD_StdEPReq     usbd_ctlreq.o
    0x08008cfe   0x08008cfe   0x00000072   Code   RO         7081    i.USBD_StdItfReq    usbd_ctlreq.o
    0x08008d70   0x08008d70   0x00000002   Code   RO         6735    i.USBD_static_free  usbd_conf.o
    0x08008d72   0x08008d72   0x00000002   PAD
    0x08008d74   0x08008d74   0x00000008   Code   RO         6736    i.USBD_static_malloc  usbd_conf.o
    0x08008d7c   0x08008d7c   0x00000080   Code   RO         1049    i.USB_ActivateEndpoint  stm32f4xx_ll_usb.o
    0x08008dfc   0x08008dfc   0x0000001c   Code   RO         1051    i.USB_ActivateSetup  stm32f4xx_ll_usb.o
    0x08008e18   0x08008e18   0x00000084   Code   RO         1053    i.USB_CoreInit      stm32f4xx_ll_usb.o
    0x08008e9c   0x08008e9c   0x00000044   Code   RO         1054    i.USB_CoreReset     stm32f4xx_ll_usb.o
    0x08008ee0   0x08008ee0   0x000000cc   Code   RO         1057    i.USB_DeactivateEndpoint  stm32f4xx_ll_usb.o
    0x08008fac   0x08008fac   0x0000001c   Code   RO         1058    i.USB_DevConnect    stm32f4xx_ll_usb.o
    0x08008fc8   0x08008fc8   0x0000001c   Code   RO         1059    i.USB_DevDisconnect  stm32f4xx_ll_usb.o
    0x08008fe4   0x08008fe4   0x0000017c   Code   RO         1060    i.USB_DevInit       stm32f4xx_ll_usb.o
    0x08009160   0x08009160   0x0000000c   Code   RO         1061    i.USB_DisableGlobalInt  stm32f4xx_ll_usb.o
    0x0800916c   0x0800916c   0x00000058   Code   RO         1064    i.USB_EP0_OutStart  stm32f4xx_ll_usb.o
    0x080091c4   0x080091c4   0x00000058   Code   RO         1065    i.USB_EPClearStall  stm32f4xx_ll_usb.o
    0x0800921c   0x0800921c   0x00000058   Code   RO         1066    i.USB_EPSetStall    stm32f4xx_ll_usb.o
    0x08009274   0x08009274   0x00000238   Code   RO         1067    i.USB_EPStartXfer   stm32f4xx_ll_usb.o
    0x080094ac   0x080094ac   0x0000009e   Code   RO         1068    i.USB_EPStopXfer    stm32f4xx_ll_usb.o
    0x0800954a   0x0800954a   0x0000000c   Code   RO         1069    i.USB_EnableGlobalInt  stm32f4xx_ll_usb.o
    0x08009556   0x08009556   0x00000038   Code   RO         1070    i.USB_FlushRxFifo   stm32f4xx_ll_usb.o
    0x0800958e   0x0800958e   0x0000003c   Code   RO         1071    i.USB_FlushTxFifo   stm32f4xx_ll_usb.o
    0x080095ca   0x080095ca   0x0000001a   Code   RO         1073    i.USB_GetDevSpeed   stm32f4xx_ll_usb.o
    0x080095e4   0x080095e4   0x00000008   Code   RO         1075    i.USB_GetMode       stm32f4xx_ll_usb.o
    0x080095ec   0x080095ec   0x0000000e   Code   RO         1083    i.USB_ReadDevAllInEpInterrupt  stm32f4xx_ll_usb.o
    0x080095fa   0x080095fa   0x0000000e   Code   RO         1084    i.USB_ReadDevAllOutEpInterrupt  stm32f4xx_ll_usb.o
    0x08009608   0x08009608   0x00000024   Code   RO         1085    i.USB_ReadDevInEPInterrupt  stm32f4xx_ll_usb.o
    0x0800962c   0x0800962c   0x00000010   Code   RO         1086    i.USB_ReadDevOutEPInterrupt  stm32f4xx_ll_usb.o
    0x0800963c   0x0800963c   0x00000008   Code   RO         1087    i.USB_ReadInterrupts  stm32f4xx_ll_usb.o
    0x08009644   0x08009644   0x0000003e   Code   RO         1088    i.USB_ReadPacket    stm32f4xx_ll_usb.o
    0x08009682   0x08009682   0x0000005c   Code   RO         1090    i.USB_SetCurrentMode  stm32f4xx_ll_usb.o
    0x080096de   0x080096de   0x00000022   Code   RO         1091    i.USB_SetDevAddress  stm32f4xx_ll_usb.o
    0x08009700   0x08009700   0x000000e8   Code   RO         1093    i.USB_SetTurnaroundTime  stm32f4xx_ll_usb.o
    0x080097e8   0x080097e8   0x00000028   Code   RO         1096    i.USB_WritePacket   stm32f4xx_ll_usb.o
    0x08009810   0x08009810   0x00000020   Code   RO         5373    i.UpdateCRC16       ymodem.o
    0x08009830   0x08009830   0x00000002   Code   RO          651    i.UsageFault_Handler  stm32f4xx_it.o
    0x08009832   0x08009832   0x00000002   PAD
    0x08009834   0x08009834   0x0000004c   Code   RO         5548    i.W25Q128_erase_sector  w25q128.o
    0x08009880   0x08009880   0x00000058   Code   RO         5549    i.W25Q128_read      w25q128.o
    0x080098d8   0x080098d8   0x0000004c   Code   RO         5550    i.W25Q128_readID    w25q128.o
    0x08009924   0x08009924   0x00000030   Code   RO         5551    i.W25Q128_wait_busy  w25q128.o
    0x08009954   0x08009954   0x00000028   Code   RO         5553    i.W25Q128_write_enable  w25q128.o
    0x0800997c   0x0800997c   0x00000194   Code   RO         5374    i.Ymodem_Receive    ymodem.o
    0x08009b10   0x08009b10   0x000002c8   Code   RO         5375    i.Ymodem_Transmit   ymodem.o
    0x08009dd8   0x08009dd8   0x00000020   Code   RO         8519    i.__0printf$8       mc_w.l(printf8.o)
    0x08009df8   0x08009df8   0x00000028   Code   RO         8521    i.__0sprintf$8      mc_w.l(printf8.o)
    0x08009e20   0x08009e20   0x00000020   Code   RO         2113    i.__NVIC_SetPriority  stm32f4xx_hal_cortex.o
    0x08009e40   0x08009e40   0x0000000e   Code   RO         8645    i.__scatterload_copy  mc_w.l(handlers.o)
    0x08009e4e   0x08009e4e   0x00000002   Code   RO         8646    i.__scatterload_null  mc_w.l(handlers.o)
    0x08009e50   0x08009e50   0x0000000e   Code   RO         8647    i.__scatterload_zeroinit  mc_w.l(handlers.o)
    0x08009e5e   0x08009e5e   0x00000002   PAD
    0x08009e60   0x08009e60   0x00000404   Code   RO         8526    i._printf_core      mc_w.l(printf8.o)
    0x0800a264   0x0800a264   0x00000024   Code   RO         8527    i._printf_post_padding  mc_w.l(printf8.o)
    0x0800a288   0x0800a288   0x0000002e   Code   RO         8528    i._printf_pre_padding  mc_w.l(printf8.o)
    0x0800a2b6   0x0800a2b6   0x0000000a   Code   RO         8530    i._sputc            mc_w.l(printf8.o)
    0x0800a2c0   0x0800a2c0   0x000001ac   Code   RO           16    i.app_is_valid      main.o
    0x0800a46c   0x0800a46c   0x00000070   Code   RO         6030    i.check_fs          ff.o
    0x0800a4dc   0x0800a4dc   0x00000010   Code   RO         6031    i.chk_chr           ff.o
    0x0800a4ec   0x0800a4ec   0x0000005c   Code   RO         6032    i.chk_lock          ff.o
    0x0800a548   0x0800a548   0x00000020   Code   RO         6033    i.clear_lock        ff.o
    0x0800a568   0x0800a568   0x00000024   Code   RO         6034    i.clmt_clust        ff.o
    0x0800a58c   0x0800a58c   0x00000018   Code   RO         6035    i.clust2sect        ff.o
    0x0800a5a4   0x0800a5a4   0x00000080   Code   RO         6036    i.cmp_lfn           ff.o
    0x0800a624   0x0800a624   0x000000a4   Code   RO         6037    i.create_chain      ff.o
    0x0800a6c8   0x0800a6c8   0x00000244   Code   RO         6038    i.create_name       ff.o
    0x0800a90c   0x0800a90c   0x00000034   Code   RO         6039    i.dec_lock          ff.o
    0x0800a940   0x0800a940   0x000000d0   Code   RO         6040    i.dir_find          ff.o
    0x0800aa10   0x0800aa10   0x000000f4   Code   RO         6041    i.dir_next          ff.o
    0x0800ab04   0x0800ab04   0x000000b6   Code   RO         6042    i.dir_read          ff.o
    0x0800abba   0x0800abba   0x00000002   PAD
    0x0800abbc   0x0800abbc   0x000001e4   Code   RO         6043    i.dir_register      ff.o
    0x0800ada0   0x0800ada0   0x00000082   Code   RO         6045    i.dir_sdi           ff.o
    0x0800ae22   0x0800ae22   0x00000002   PAD
    0x0800ae24   0x0800ae24   0x0000002c   Code   RO         5975    i.disk_initialize   diskio.o
    0x0800ae50   0x0800ae50   0x0000001c   Code   RO         5976    i.disk_ioctl        diskio.o
    0x0800ae6c   0x0800ae6c   0x0000001c   Code   RO         5977    i.disk_read         diskio.o
    0x0800ae88   0x0800ae88   0x00000018   Code   RO         5978    i.disk_status       diskio.o
    0x0800aea0   0x0800aea0   0x0000001c   Code   RO         5979    i.disk_write        diskio.o
    0x0800aebc   0x0800aebc   0x00000024   Code   RO         5433    i.dwt_delay_init    dwt_delay.o
    0x0800aee0   0x0800aee0   0x00000028   Code   RO         6046    i.f_close           ff.o
    0x0800af08   0x0800af08   0x00000022   Code   RO         6047    i.f_closedir        ff.o
    0x0800af2a   0x0800af2a   0x000000d4   Code   RO         6048    i.f_getfree         ff.o
    0x0800affe   0x0800affe   0x00000048   Code   RO         6049    i.f_gets            ff.o
    0x0800b046   0x0800b046   0x00000002   PAD
    0x0800b048   0x0800b048   0x00000058   Code   RO         6053    i.f_mount           ff.o
    0x0800b0a0   0x0800b0a0   0x00000244   Code   RO         6054    i.f_open            ff.o
    0x0800b2e4   0x0800b2e4   0x000000ac   Code   RO         6055    i.f_opendir         ff.o
    0x0800b390   0x0800b390   0x00000152   Code   RO         6059    i.f_read            ff.o
    0x0800b4e2   0x0800b4e2   0x00000066   Code   RO         6060    i.f_readdir         ff.o
    0x0800b548   0x0800b548   0x0000008e   Code   RO         6063    i.f_sync            ff.o
    0x0800b5d6   0x0800b5d6   0x00000002   PAD
    0x0800b5d8   0x0800b5d8   0x00000170   Code   RO         5473    i.fatTest_ReadTXTFile  file_opera.o
    0x0800b748   0x0800b748   0x00000294   Code   RO         5475    i.fatTest_ScanDir   file_opera.o
    0x0800b9dc   0x0800b9dc   0x0000004c   Code   RO         6473    i.ff_convert        cc936.o
    0x0800ba28   0x0800ba28   0x00000004   Code   RO         6437    i.ff_memalloc       syscall.o
    0x0800ba2c   0x0800ba2c   0x00000004   Code   RO         6438    i.ff_memfree        syscall.o
    0x0800ba30   0x0800ba30   0x00000080   Code   RO         6474    i.ff_wtoupper       cc936.o
    0x0800bab0   0x0800bab0   0x00000254   Code   RO         6067    i.find_volume       ff.o
    0x0800bd04   0x0800bd04   0x00000074   Code   RO         6068    i.follow_path       ff.o
    0x0800bd78   0x0800bd78   0x00000020   Code   RO           17    i.fputc             main.o
    0x0800bd98   0x0800bd98   0x00000050   Code   RO         8573    i.free              mc_w.l(malloc.o)
    0x0800bde8   0x0800bde8   0x0000008c   Code   RO         6069    i.gen_numname       ff.o
    0x0800be74   0x0800be74   0x000000be   Code   RO         6070    i.get_fat           ff.o
    0x0800bf32   0x0800bf32   0x00000004   Code   RO         5938    i.get_fattime       fatfs.o
    0x0800bf36   0x0800bf36   0x000000f4   Code   RO         6071    i.get_fileinfo      ff.o
    0x0800c02a   0x0800c02a   0x0000003c   Code   RO         6072    i.get_ldnumber      ff.o
    0x0800c066   0x0800c066   0x00000002   PAD
    0x0800c068   0x0800c068   0x00000080   Code   RO         6073    i.inc_lock          ff.o
    0x0800c0e8   0x0800c0e8   0x000001b4   Code   RO           18    i.jump_to_app       main.o
    0x0800c29c   0x0800c29c   0x00000026   Code   RO         6074    i.ld_clust          ff.o
    0x0800c2c2   0x0800c2c2   0x00000016   Code   RO         6075    i.ld_dword          ff.o
    0x0800c2d8   0x0800c2d8   0x0000000a   Code   RO         6076    i.ld_word           ff.o
    0x0800c2e2   0x0800c2e2   0x0000000c   Code   RO         7503    i.lfs_aligndown     lfs.o
    0x0800c2ee   0x0800c2ee   0x00000012   Code   RO         7504    i.lfs_alignup       lfs.o
    0x0800c300   0x0800c300   0x000000fc   Code   RO         7505    i.lfs_alloc         lfs.o
    0x0800c3fc   0x0800c3fc   0x0000000c   Code   RO         7506    i.lfs_alloc_drop    lfs.o
    0x0800c408   0x0800c408   0x0000002e   Code   RO         7507    i.lfs_alloc_lookahead  lfs.o
    0x0800c436   0x0800c436   0x00000002   PAD
    0x0800c438   0x0800c438   0x00000054   Code   RO         7508    i.lfs_alloc_scan    lfs.o
    0x0800c48c   0x0800c48c   0x00000066   Code   RO         7509    i.lfs_bd_cmp        lfs.o
    0x0800c4f2   0x0800c4f2   0x0000005a   Code   RO         7510    i.lfs_bd_crc        lfs.o
    0x0800c54c   0x0800c54c   0x00000018   Code   RO         7511    i.lfs_bd_erase      lfs.o
    0x0800c564   0x0800c564   0x00000084   Code   RO         7512    i.lfs_bd_flush      lfs.o
    0x0800c5e8   0x0800c5e8   0x000000b2   Code   RO         7513    i.lfs_bd_prog       lfs.o
    0x0800c69a   0x0800c69a   0x00000140   Code   RO         7514    i.lfs_bd_read       lfs.o
    0x0800c7da   0x0800c7da   0x00000024   Code   RO         7515    i.lfs_bd_sync       lfs.o
    0x0800c7fe   0x0800c7fe   0x00000018   Code   RO         7516    i.lfs_cache_zero    lfs.o
    0x0800c816   0x0800c816   0x00000002   PAD
    0x0800c818   0x0800c818   0x00000038   Code   RO         8270    i.lfs_crc           lfs_util.o
    0x0800c850   0x0800c850   0x0000000e   Code   RO         7518    i.lfs_ctz           lfs.o
    0x0800c85e   0x0800c85e   0x00000002   PAD
    0x0800c860   0x0800c860   0x0000019c   Code   RO         7519    i.lfs_ctz_extend    lfs.o
    0x0800c9fc   0x0800c9fc   0x00000094   Code   RO         7520    i.lfs_ctz_find      lfs.o
    0x0800ca90   0x0800ca90   0x00000016   Code   RO         7521    i.lfs_ctz_fromle32  lfs.o
    0x0800caa6   0x0800caa6   0x00000040   Code   RO         7522    i.lfs_ctz_index     lfs.o
    0x0800cae6   0x0800cae6   0x00000002   PAD
    0x0800cae8   0x0800cae8   0x0000009c   Code   RO         7523    i.lfs_ctz_traverse  lfs.o
    0x0800cb84   0x0800cb84   0x0000002c   Code   RO         7524    i.lfs_deinit        lfs.o
    0x0800cbb0   0x0800cbb0   0x00000094   Code   RO         7525    i.lfs_dir_alloc     lfs.o
    0x0800cc44   0x0800cc44   0x0000000a   Code   RO         7526    i.lfs_dir_close     lfs.o
    0x0800cc4e   0x0800cc4e   0x00000020   Code   RO         7527    i.lfs_dir_commit    lfs.o
    0x0800cc6e   0x0800cc6e   0x00000010   Code   RO         7528    i.lfs_dir_commit_commit  lfs.o
    0x0800cc7e   0x0800cc7e   0x00000014   Code   RO         7529    i.lfs_dir_commit_size  lfs.o
    0x0800cc92   0x0800cc92   0x000000aa   Code   RO         7530    i.lfs_dir_commitattr  lfs.o
    0x0800cd3c   0x0800cd3c   0x000001e4   Code   RO         7531    i.lfs_dir_commitcrc  lfs.o
    0x0800cf20   0x0800cf20   0x0000003a   Code   RO         7532    i.lfs_dir_commitprog  lfs.o
    0x0800cf5a   0x0800cf5a   0x00000002   PAD
    0x0800cf5c   0x0800cf5c   0x000002c0   Code   RO         7533    i.lfs_dir_compact   lfs.o
    0x0800d21c   0x0800d21c   0x00000016   Code   RO         7535    i.lfs_dir_fetch     lfs.o
    0x0800d232   0x0800d232   0x00000002   PAD
    0x0800d234   0x0800d234   0x000004b4   Code   RO         7536    i.lfs_dir_fetchmatch  lfs.o
    0x0800d6e8   0x0800d6e8   0x0000016c   Code   RO         7537    i.lfs_dir_find      lfs.o
    0x0800d854   0x0800d854   0x00000052   Code   RO         7538    i.lfs_dir_find_match  lfs.o
    0x0800d8a6   0x0800d8a6   0x00000014   Code   RO         7539    i.lfs_dir_get       lfs.o
    0x0800d8ba   0x0800d8ba   0x00000002   PAD
    0x0800d8bc   0x0800d8bc   0x0000004c   Code   RO         7540    i.lfs_dir_getgstate  lfs.o
    0x0800d908   0x0800d908   0x00000090   Code   RO         7541    i.lfs_dir_getinfo   lfs.o
    0x0800d998   0x0800d998   0x000000e2   Code   RO         7542    i.lfs_dir_getread   lfs.o
    0x0800da7a   0x0800da7a   0x00000002   PAD
    0x0800da7c   0x0800da7c   0x00000130   Code   RO         7543    i.lfs_dir_getslice  lfs.o
    0x0800dbac   0x0800dbac   0x00000024   Code   RO         7544    i.lfs_dir_needsrelocation  lfs.o
    0x0800dbd0   0x0800dbd0   0x00000022   Code   RO         7545    i.lfs_dir_open      lfs.o
    0x0800dbf2   0x0800dbf2   0x00000002   PAD
    0x0800dbf4   0x0800dbf4   0x00000090   Code   RO         7546    i.lfs_dir_open_     lfs.o
    0x0800dc84   0x0800dc84   0x00000400   Code   RO         7547    i.lfs_dir_orphaningcommit  lfs.o
    0x0800e084   0x0800e084   0x00000004   Code   RO         7548    i.lfs_dir_read      lfs.o
    0x0800e088   0x0800e088   0x0000008c   Code   RO         7549    i.lfs_dir_read_     lfs.o
    0x0800e114   0x0800e114   0x000002f0   Code   RO         7550    i.lfs_dir_relocatingcommit  lfs.o
    0x0800e404   0x0800e404   0x00000070   Code   RO         7555    i.lfs_dir_split     lfs.o
    0x0800e474   0x0800e474   0x00000220   Code   RO         7556    i.lfs_dir_splittingcompact  lfs.o
    0x0800e694   0x0800e694   0x00000294   Code   RO         7558    i.lfs_dir_traverse  lfs.o
    0x0800e928   0x0800e928   0x00000078   Code   RO         7559    i.lfs_dir_traverse_filter  lfs.o
    0x0800e9a0   0x0800e9a0   0x0000001e   Code   RO         7560    i.lfs_file_close    lfs.o
    0x0800e9be   0x0800e9be   0x00000024   Code   RO         7561    i.lfs_file_close_   lfs.o
    0x0800e9e2   0x0800e9e2   0x00000002   PAD
    0x0800e9e4   0x0800e9e4   0x00000140   Code   RO         7562    i.lfs_file_flush    lfs.o
    0x0800eb24   0x0800eb24   0x000000ec   Code   RO         7563    i.lfs_file_flushedread  lfs.o
    0x0800ec10   0x0800ec10   0x00000126   Code   RO         7564    i.lfs_file_flushedwrite  lfs.o
    0x0800ed36   0x0800ed36   0x00000002   PAD
    0x0800ed38   0x0800ed38   0x0000002c   Code   RO         7565    i.lfs_file_open     lfs.o
    0x0800ed64   0x0800ed64   0x00000248   Code   RO         7567    i.lfs_file_opencfg_  lfs.o
    0x0800efac   0x0800efac   0x00000022   Code   RO         7568    i.lfs_file_outline  lfs.o
    0x0800efce   0x0800efce   0x00000042   Code   RO         7569    i.lfs_file_read     lfs.o
    0x0800f010   0x0800f010   0x00000140   Code   RO         7570    i.lfs_file_relocate  lfs.o
    0x0800f150   0x0800f150   0x0000001e   Code   RO         7574    i.lfs_file_size     lfs.o
    0x0800f16e   0x0800f16e   0x00000012   Code   RO         7575    i.lfs_file_size_    lfs.o
    0x0800f180   0x0800f180   0x0000001e   Code   RO         7576    i.lfs_file_sync     lfs.o
    0x0800f19e   0x0800f19e   0x000000c0   Code   RO         7577    i.lfs_file_sync_    lfs.o
    0x0800f25e   0x0800f25e   0x00000028   Code   RO         7581    i.lfs_file_write    lfs.o
    0x0800f286   0x0800f286   0x00000002   PAD
    0x0800f288   0x0800f288   0x00000090   Code   RO         7582    i.lfs_file_write_   lfs.o
    0x0800f318   0x0800f318   0x00000004   Code   RO         7583    i.lfs_format        lfs.o
    0x0800f31c   0x0800f31c   0x000000c8   Code   RO         7584    i.lfs_format_       lfs.o
    0x0800f3e4   0x0800f3e4   0x00000014   Code   RO         7585    i.lfs_frombe32      lfs.o
    0x0800f3f8   0x0800f3f8   0x00000012   Code   RO         7586    i.lfs_fromle32      lfs.o
    0x0800f40a   0x0800f40a   0x00000002   PAD
    0x0800f40c   0x0800f40c   0x000000e4   Code   RO         7587    i.lfs_fs_demove     lfs.o
    0x0800f4f0   0x0800f4f0   0x0000026c   Code   RO         7588    i.lfs_fs_deorphan   lfs.o
    0x0800f75c   0x0800f75c   0x000000bc   Code   RO         7589    i.lfs_fs_desuperblock  lfs.o
    0x0800f818   0x0800f818   0x00000024   Code   RO         7590    i.lfs_fs_forceconsistency  lfs.o
    0x0800f83c   0x0800f83c   0x0000008c   Code   RO         7596    i.lfs_fs_parent     lfs.o
    0x0800f8c8   0x0800f8c8   0x0000003e   Code   RO         7597    i.lfs_fs_parent_match  lfs.o
    0x0800f906   0x0800f906   0x00000002   PAD
    0x0800f908   0x0800f908   0x00000064   Code   RO         7598    i.lfs_fs_pred       lfs.o
    0x0800f96c   0x0800f96c   0x00000040   Code   RO         7599    i.lfs_fs_prepmove   lfs.o
    0x0800f9ac   0x0800f9ac   0x00000030   Code   RO         7600    i.lfs_fs_preporphans  lfs.o
    0x0800f9dc   0x0800f9dc   0x0000001c   Code   RO         7602    i.lfs_fs_size_      lfs.o
    0x0800f9f8   0x0800f9f8   0x0000000a   Code   RO         7603    i.lfs_fs_size_count  lfs.o
    0x0800fa02   0x0800fa02   0x00000002   PAD
    0x0800fa04   0x0800fa04   0x00000158   Code   RO         7606    i.lfs_fs_traverse_  lfs.o
    0x0800fb5c   0x0800fb5c   0x0000000c   Code   RO         7609    i.lfs_gstate_hasmove  lfs.o
    0x0800fb68   0x0800fb68   0x0000001a   Code   RO         7610    i.lfs_gstate_hasmovehere  lfs.o
    0x0800fb82   0x0800fb82   0x00000014   Code   RO         7611    i.lfs_gstate_iszero  lfs.o
    0x0800fb96   0x0800fb96   0x0000001e   Code   RO         7612    i.lfs_gstate_tole32  lfs.o
    0x0800fbb4   0x0800fbb4   0x0000001a   Code   RO         7613    i.lfs_gstate_xor    lfs.o
    0x0800fbce   0x0800fbce   0x00000002   PAD
    0x0800fbd0   0x0800fbd0   0x000001d4   Code   RO         7614    i.lfs_init          lfs.o
    0x0800fda4   0x0800fda4   0x00000004   Code   RO         7615    i.lfs_malloc        lfs.o
    0x0800fda8   0x0800fda8   0x00000008   Code   RO         7616    i.lfs_min           lfs.o
    0x0800fdb0   0x0800fdb0   0x00000016   Code   RO         7619    i.lfs_mlist_isopen  lfs.o
    0x0800fdc6   0x0800fdc6   0x00000018   Code   RO         7620    i.lfs_mlist_remove  lfs.o
    0x0800fdde   0x0800fdde   0x00000004   Code   RO         7621    i.lfs_mount         lfs.o
    0x0800fde2   0x0800fde2   0x00000002   PAD
    0x0800fde4   0x0800fde4   0x00000408   Code   RO         7622    i.lfs_mount_        lfs.o
    0x080101ec   0x080101ec   0x00000022   Code   RO         7623    i.lfs_pair_cmp      lfs.o
    0x0801020e   0x0801020e   0x00000016   Code   RO         7624    i.lfs_pair_fromle32  lfs.o
    0x08010224   0x08010224   0x00000014   Code   RO         7625    i.lfs_pair_isnull   lfs.o
    0x08010238   0x08010238   0x00000024   Code   RO         7626    i.lfs_pair_issync   lfs.o
    0x0801025c   0x0801025c   0x00000016   Code   RO         7627    i.lfs_pair_tole32   lfs.o
    0x08010272   0x08010272   0x00000012   Code   RO         7628    i.lfs_path_isdir    lfs.o
    0x08010284   0x08010284   0x00000024   Code   RO         7629    i.lfs_path_islast   lfs.o
    0x080102a8   0x080102a8   0x0000000c   Code   RO         7630    i.lfs_path_namelen  lfs.o
    0x080102b4   0x080102b4   0x0000002e   Code   RO         7631    i.lfs_popc          lfs.o
    0x080102e2   0x080102e2   0x00000018   Code   RO         5616    i.lfs_spi_flash_erase  lfs_spi_flash_adapter.o
    0x080102fa   0x080102fa   0x0000001e   Code   RO         5618    i.lfs_spi_flash_init  lfs_spi_flash_adapter.o
    0x08010318   0x08010318   0x00000034   Code   RO         5619    i.lfs_spi_flash_mount  lfs_spi_flash_adapter.o
    0x0801034c   0x0801034c   0x00000078   Code   RO         5620    i.lfs_spi_flash_prog  lfs_spi_flash_adapter.o
    0x080103c4   0x080103c4   0x0000002a   Code   RO         5621    i.lfs_spi_flash_read  lfs_spi_flash_adapter.o
    0x080103ee   0x080103ee   0x0000000a   Code   RO         5622    i.lfs_spi_flash_sync  lfs_spi_flash_adapter.o
    0x080103f8   0x080103f8   0x0000000c   Code   RO         5623    i.lfs_spi_flash_unmount  lfs_spi_flash_adapter.o
    0x08010404   0x08010404   0x00000046   Code   RO         7638    i.lfs_stat          lfs.o
    0x0801044a   0x0801044a   0x00000036   Code   RO         7639    i.lfs_superblock_fromle32  lfs.o
    0x08010480   0x08010480   0x00000036   Code   RO         7640    i.lfs_superblock_tole32  lfs.o
    0x080104b6   0x080104b6   0x00000012   Code   RO         7641    i.lfs_tag_dsize     lfs.o
    0x080104c8   0x080104c8   0x00000010   Code   RO         7642    i.lfs_tag_isdelete  lfs.o
    0x080104d8   0x080104d8   0x00000004   Code   RO         7643    i.lfs_tole32        lfs.o
    0x080104dc   0x080104dc   0x000000a0   Code   RO         7644    i.lfs_tortoise_detectcycles  lfs.o
    0x0801057c   0x0801057c   0x00000004   Code   RO         7645    i.lfs_unmount       lfs.o
    0x08010580   0x08010580   0x00000004   Code   RO         7646    i.lfs_unmount_      lfs.o
    0x08010584   0x08010584   0x00000070   Code   RO           19    i.main              main.o
    0x080105f4   0x080105f4   0x0000006c   Code   RO         8574    i.malloc            mc_w.l(malloc.o)
    0x08010660   0x08010660   0x00000012   Code   RO         6077    i.mem_cpy           ff.o
    0x08010672   0x08010672   0x00000002   PAD
    0x08010674   0x08010674   0x0000000e   Code   RO         6078    i.mem_set           ff.o
    0x08010682   0x08010682   0x00000032   Code   RO         6079    i.move_window       ff.o
    0x080106b4   0x080106b4   0x00000074   Code   RO         6080    i.pick_lfn          ff.o
    0x08010728   0x08010728   0x000001bc   Code   RO           20    i.power_on_check    main.o
    0x080108e4   0x080108e4   0x000000ea   Code   RO         6081    i.put_fat           ff.o
    0x080109ce   0x080109ce   0x00000074   Code   RO         6084    i.remove_chain      ff.o
    0x08010a42   0x08010a42   0x00000002   PAD
    0x08010a44   0x08010a44   0x00000290   Code   RO           21    i.show_sdcard_info  main.o
    0x08010cd4   0x08010cd4   0x00000464   Code   RO           22    i.show_spi_flash_info  main.o
    0x08011138   0x08011138   0x00000028   Code   RO         5554    i.spi_read_write_byte  w25q128.o
    0x08011160   0x08011160   0x00000028   Code   RO         6085    i.st_clust          ff.o
    0x08011188   0x08011188   0x00000010   Code   RO         6086    i.st_dword          ff.o
    0x08011198   0x08011198   0x00000008   Code   RO         6087    i.st_word           ff.o
    0x080111a0   0x080111a0   0x0000001a   Code   RO         6088    i.sum_sfn           ff.o
    0x080111ba   0x080111ba   0x00000002   PAD
    0x080111bc   0x080111bc   0x00000088   Code   RO         6089    i.sync_fs           ff.o
    0x08011244   0x08011244   0x00000052   Code   RO         6090    i.sync_window       ff.o
    0x08011296   0x08011296   0x00000034   Code   RO         6091    i.validate          ff.o
    0x080112ca   0x080112ca   0x00000002   PAD
    0x080112cc   0x080112cc   0x00000010   Code   RO         5555    i.w25q128_init      w25q128.o
    0x080112dc   0x080112dc   0x00000008   Data   RO         1827    .constdata          stm32f4xx_hal_dma.o
    0x080112e4   0x080112e4   0x00000010   Data   RO         5152    .constdata          system_stm32f4xx.o
    0x080112f4   0x080112f4   0x00000008   Data   RO         5153    .constdata          system_stm32f4xx.o
    0x080112fc   0x080112fc   0x00000054   Data   RO         5625    .constdata          lfs_spi_flash_adapter.o
    0x08011350   0x08011350   0x00000014   Data   RO         5869    .constdata          sd_diskio.o
    0x08011364   0x08011364   0x0000002a   Data   RO         6093    .constdata          ff.o
    0x0801138e   0x0801138e   0x0002abb6   Data   RO         6475    .constdata          cc936.o
    0x0803bf44   0x0803bf44   0x00000024   Data   RO         6652    .constdata          usbd_storage_if.o
    0x0803bf68   0x0803bf68   0x00000208   Data   RO         7647    .constdata          lfs.o
    0x0803c170   0x0803c170   0x00000040   Data   RO         8271    .constdata          lfs_util.o
    0x0803c1b0   0x0803c1b0   0x00000259   Data   RO         5305    .conststring        menu.o
    0x0803c409   0x0803c409   0x00000003   PAD
    0x0803c40c   0x0803c40c   0x0000004d   Data   RO         7648    .conststring        lfs.o
    0x0803c459   0x0803c459   0x00000003   PAD
    0x0803c45c   0x0803c45c   0x00000020   Data   RO         8643    Region$$Table       anon$$obj.o


    Execution Region RW_IRAM1 (Exec base: 0x20000000, Load base: 0x0803c47c, Size: 0x00011588, Max: 0x0001c000, ABSOLUTE, COMPRESSED[0x000000ac])

    Exec Addr    Load Addr    Size         Type   Attr      Idx    E Section Name        Object

    0x20000000   COMPRESSED   0x00000004   Data   RW           23    .data               main.o
    0x20000004   COMPRESSED   0x00000008   Data   RW          359    .data               crc.o
    0x2000000c   COMPRESSED   0x0000000c   Data   RW         2272    .data               stm32f4xx_hal.o
    0x20000018   COMPRESSED   0x00000004   Data   RW         5154    .data               system_stm32f4xx.o
    0x2000001c   COMPRESSED   0x00000004   Data   RW         5306    .data               menu.o
    0x20000020   COMPRESSED   0x00000004   Data   RW         5377    .data               ymodem.o
    0x20000024   COMPRESSED   0x0000000c   Data   RW         5870    .data               sd_diskio.o
    0x20000030   COMPRESSED   0x00000005   Data   RW         5941    .data               fatfs.o
    0x20000035   COMPRESSED   0x00000003   PAD
    0x20000038   COMPRESSED   0x00000008   Data   RW         6094    .data               ff.o
    0x20000040   COMPRESSED   0x0000001c   Data   RW         6568    .data               usbd_desc.o
    0x2000005c   COMPRESSED   0x00000032   Data   RW         6569    .data               usbd_desc.o
    0x2000008e   COMPRESSED   0x00000002   PAD
    0x20000090   COMPRESSED   0x00000020   Data   RW         6653    .data               usbd_storage_if.o
    0x200000b0   COMPRESSED   0x00000001   Data   RW         7082    .data               usbd_ctlreq.o
    0x200000b1   COMPRESSED   0x00000003   PAD
    0x200000b4   COMPRESSED   0x00000038   Data   RW         7220    .data               usbd_msc.o
    0x200000ec   COMPRESSED   0x0000002e   Data   RW         7221    .data               usbd_msc.o
    0x2000011a   COMPRESSED   0x00000006   Data   RW         7366    .data               usbd_msc_data.o
    0x20000120   COMPRESSED   0x00000008   Data   RW         7367    .data               usbd_msc_data.o
    0x20000128   COMPRESSED   0x00000004   Data   RW         7368    .data               usbd_msc_data.o
    0x2000012c   COMPRESSED   0x00000008   Data   RW         7369    .data               usbd_msc_data.o
    0x20000134   COMPRESSED   0x00000008   Data   RW         7370    .data               usbd_msc_data.o
    0x2000013c   COMPRESSED   0x00000004   Data   RW         8617    .data               mc_w.l(stdout.o)
    0x20000140   COMPRESSED   0x00000004   Data   RW         8624    .data               mc_w.l(mvars.o)
    0x20000144   COMPRESSED   0x00000004   Data   RW         8625    .data               mc_w.l(mvars.o)
    0x20000148        -       0x00000020   Zero   RW          425    .bss                rtc.o
    0x20000168        -       0x00000144   Zero   RW          468    .bss                sdio.o
    0x200002ac        -       0x00000058   Zero   RW          515    .bss                spi.o
    0x20000304        -       0x00000048   Zero   RW          557    .bss                tim.o
    0x2000034c        -       0x00000048   Zero   RW          599    .bss                usart.o
    0x20000394        -       0x00000020   Zero   RW         1526    .bss                stm32f4xx_hal_flash.o
    0x200003b4        -       0x00000048   Zero   RW         5193    .bss                common.o
    0x200003fc        -       0x00000040   Zero   RW         5304    .bss                menu.o
    0x2000043c        -       0x00000406   Zero   RW         5376    .bss                ymodem.o
    0x20000842   COMPRESSED   0x00000002   PAD
    0x20000844        -       0x00000080   Zero   RW         5624    .bss                lfs_spi_flash_adapter.o
    0x200008c4        -       0x00000234   Zero   RW         5939    .bss                fatfs.o
    0x20000af8        -       0x00000020   Zero   RW         6092    .bss                ff.o
    0x20000b18        -       0x0000000c   Zero   RW         6391    .bss                ff_gen_drv.o
    0x20000b24        -       0x000002dc   Zero   RW         6506    .bss                usb_device.o
    0x20000e00        -       0x00000200   Zero   RW         6567    .bss                usbd_desc.o
    0x20001000        -       0x0000856c   Zero   RW         6737    .bss                usbd_conf.o
    0x2000956c        -       0x00000018   Zero   RW         7412    .bss                usbd_msc_scsi.o
    0x20009584   COMPRESSED   0x00000004   PAD
    0x20009588        -       0x00004000   Zero   RW            2    HEAP                startup_stm32f407xx.o
    0x2000d588        -       0x00004000   Zero   RW            1    STACK               startup_stm32f407xx.o


    Execution Region RW_IRAM2 (Exec base: 0x2001c000, Load base: 0x0803c528, Size: 0x00000000, Max: 0x00004000, ABSOLUTE)

    **** No section assigned to this execution region ****


==============================================================================

Image component sizes


      Code (inc. data)   RO Data    RW Data    ZI Data      Debug   Object Name

       162         22          0          0          0       4732   bsp_driver_sd.o
       204         26     175030          0          0       2591   cc936.o
       400         20          0          0         72       3935   common.o
        76         18          0          8          0       1623   crc.o
       152         24          0          0          0       3881   diskio.o
        60          4          0          0          0        830   dma.o
        36         10          0          0          0        481   dwt_delay.o
        32         10          0          5        564       1608   fatfs.o
      6716        100         42          8         32      50818   ff.o
        70          6          0          0         12       1699   ff_gen_drv.o
      1028        652          0          0          0       2415   file_opera.o
       424         52          0          0          0       4471   flash_if.o
       172         12          0          0          0       1051   gpio.o
     16678       2178        597          0          0     115698   lfs.o
       290         16         84          0        128       5948   lfs_spi_flash_adapter.o
        56          6         64          0          0       1170   lfs_util.o
      3472       2196          0          4          0     780164   main.o
      6296       3882        601          4         64       9302   menu.o
       184         16          0          0         32       1743   rtc.o
       432         30         20         12          0       6238   sd_diskio.o
       336         34          0          0        324       1963   sdio.o
       176         22          0          0         88       1781   spi.o
        36          8        392          0      32768        860   startup_stm32f407xx.o
       180         28          0         12          0       9593   stm32f4xx_hal.o
       234         24          0          0          0      34602   stm32f4xx_hal_cortex.o
        34          0          0          0          0       1103   stm32f4xx_hal_crc.o
      1088         16          8          0          0       8161   stm32f4xx_hal_dma.o
       584         84          0          0         32       8078   stm32f4xx_hal_flash.o
       624         44          0          0          0       6372   stm32f4xx_hal_flash_ex.o
       506         46          0          0          0       2264   stm32f4xx_hal_gpio.o
        48          6          0          0          0        906   stm32f4xx_hal_msp.o
      2628         12          0          0          0      14675   stm32f4xx_hal_pcd.o
        78          0          0          0          0       2489   stm32f4xx_hal_pcd_ex.o
      1356         78          0          0          0       5900   stm32f4xx_hal_rcc.o
       624         44          0          0          0       2317   stm32f4xx_hal_rcc_ex.o
       692         24          0          0          0       6305   stm32f4xx_hal_rtc.o
      3258         70          0          0          0      17784   stm32f4xx_hal_sd.o
       980         16          0          0          0       5017   stm32f4xx_hal_spi.o
      1064         72          0          0          0      10645   stm32f4xx_hal_tim.o
       148         28          0          0          0       2577   stm32f4xx_hal_tim_ex.o
      1752         14          0          0          0      12007   stm32f4xx_hal_uart.o
        80         30          0          0          0       6856   stm32f4xx_it.o
      1668         48          0          0          0      24315   stm32f4xx_ll_sdmmc.o
      2708        116          0          0          0      23960   stm32f4xx_ll_usb.o
         8          0          0          0          0       1739   syscall.o
        16          4         24          4          0       1199   system_stm32f4xx.o
       168         20          0          0         72       1794   tim.o
       176         22          0          0         72       1800   usart.o
        84         18          0          0        732       5779   usb_device.o
       660         24          0          0      34156      18138   usbd_conf.o
       934          0          0          0          0      15883   usbd_core.o
      1360         28          0          1          0      15616   usbd_ctlreq.o
       284        100          0         78        512       6405   usbd_desc.o
       104          0          0          0          0       3956   usbd_ioreq.o
       712         30          0        102          0      10297   usbd_msc.o
       854         60          0          0          0       7942   usbd_msc_bot.o
         0          0          0         34          0       1045   usbd_msc_data.o
      2808         48          0          0         24      19676   usbd_msc_scsi.o
       144         18         36         32          0       5167   usbd_storage_if.o
       384         36          0          0          0       4341   w25q128.o
      1376         34          0          4       1030       7060   ymodem.o

    ----------------------------------------------------------------------
     68004      10586     176936        316      70720    1338765   Object Totals
         0          0         32          0          0          0   (incl. Generated)
       110          0          6          8          6          0   (incl. Padding)

    ----------------------------------------------------------------------

      Code (inc. data)   RO Data    RW Data    ZI Data      Debug   Library Member Name

        86          0          0          0          0          0   __dczerorl2.o
         0          0          0          0          0          0   entry.o
         0          0          0          0          0          0   entry10a.o
         0          0          0          0          0          0   entry11a.o
         4          0          0          0          0          0   entry12b.o
         8          4          0          0          0          0   entry2.o
         4          0          0          0          0          0   entry5.o
         0          0          0          0          0          0   entry7b.o
         0          0          0          0          0          0   entry8b.o
         8          4          0          0          0          0   entry9a.o
        30          0          0          0          0          0   handlers.o
        36          8          0          0          0         68   init.o
        30          0          0          0          0         68   llshl.o
        32          0          0          0          0         68   llushr.o
       188         20          0          0          0        160   malloc.o
        26          0          0          0          0         80   memcmp.o
        36          0          0          0          0         68   memcpya.o
        36          0          0          0          0        108   memseta.o
         0          0          0          8          0          0   mvars.o
      1192         60          0          0          0        504   printf8.o
         0          0          0          4          0          0   stdout.o
        20          0          0          0          0         68   strchr.o
        28          0          0          0          0         76   strcmp.o
        18          0          0          0          0         68   strcpy.o
        34          0          0          0          0         80   strcspn.o
        22          0          0          0          0         68   strrchr.o
        28          0          0          0          0         80   strspn.o
        98          0          0          0          0         92   uldiv.o

    ----------------------------------------------------------------------
      1968         96          0         12          0       1656   Library Totals
         4          0          0          0          0          0   (incl. Padding)

    ----------------------------------------------------------------------

      Code (inc. data)   RO Data    RW Data    ZI Data      Debug   Library Name

      1964         96          0         12          0       1656   mc_w.l

    ----------------------------------------------------------------------
      1968         96          0         12          0       1656   Library Totals

    ----------------------------------------------------------------------

==============================================================================


      Code (inc. data)   RO Data    RW Data    ZI Data      Debug   

     69972      10682     176936        328      70720    1284121   Grand Totals
     69972      10682     176936        172      70720    1284121   ELF Image Totals (compressed)
     69972      10682     176936        172          0          0   ROM Totals

==============================================================================

    Total RO  Size (Code + RO Data)               246908 ( 241.12kB)
    Total RW  Size (RW Data + ZI Data)             71048 (  69.38kB)
    Total ROM Size (Code + RO Data + RW Data)     247080 ( 241.29kB)

==============================================================================

